Component: ARM Compiler 5.06 update 4 (build 422) Tool: armlink [4d35d2]

==============================================================================

Section Cross References

    alarm.o(i.Alarm_Check) refers to alarm.o(.data) for g_alarm
    alarm.o(i.Alarm_Init) refers to alarm.o(.data) for g_alarm
    alarm.o(i.Alarm_IsRinging) refers to alarm.o(.data) for g_alarm
    alarm.o(i.Alarm_Set) refers to alarm.o(.data) for g_alarm
    alarm.o(i.Alarm_Stop) refers to alarm.o(.data) for g_alarm
    buzzer.o(i.Buzzer_Init) refers to buzzer.o(.data) for g_buzzer_on
    buzzer.o(i.Buzzer_IsRinging) refers to buzzer.o(.data) for g_buzzer_ringing
    buzzer.o(i.Buzzer_Off) refers to buzzer.o(.data) for g_buzzer_on
    buzzer.o(i.Buzzer_On) refers to buzzer.o(.data) for g_buzzer_on
    buzzer.o(i.Buzzer_RhythmHandler) refers to buzzer.o(i.Buzzer_StopRing) for Buzzer_StopRing
    buzzer.o(i.Buzzer_RhythmHandler) refers to buzzer.o(i.Buzzer_On) for Buzzer_On
    buzzer.o(i.Buzzer_RhythmHandler) refers to buzzer.o(i.Buzzer_Off) for Buzzer_Off
    buzzer.o(i.Buzzer_RhythmHandler) refers to buzzer.o(.data) for g_buzzer_ringing
    buzzer.o(i.Buzzer_StartRing) refers to buzzer.o(.data) for g_buzzer_ringing
    buzzer.o(i.Buzzer_StopRing) refers to buzzer.o(.data) for g_buzzer_ringing
    buzzer.o(i.Buzzer_Toggle) refers to buzzer.o(.data) for g_buzzer_on
    buzzer.o(i.Buzzer_WriteOutput) refers to main.o(i.I2C0_WriteByte) for I2C0_WriteByte
    buzzer.o(i.Buzzer_WriteOutput) refers to led.o(.data) for g_led_state
    buzzer.o(i.Buzzer_WriteOutput) refers to buzzer.o(.data) for g_buzzer_on
    clock.o(i.Clock_DaysInMonth) refers to clock.o(i.Clock_IsLeapYear) for Clock_IsLeapYear
    clock.o(i.Clock_DaysInMonth) refers to clock.o(.constdata) for month_days
    clock.o(i.Clock_Init) refers to clock.o(i.Clock_ComputeDOW) for Clock_ComputeDOW
    clock.o(i.Clock_Init) refers to clock.o(.data) for g_clock
    clock.o(i.Clock_Tick) refers to clock.o(i.Clock_DaysInMonth) for Clock_DaysInMonth
    clock.o(i.Clock_Tick) refers to clock.o(i.Clock_ComputeDOW) for Clock_ComputeDOW
    clock.o(i.Clock_Tick) refers to clock.o(.data) for g_clock
    display.o(i.Display_FillFromBuffer) refers to strlen.o(.text) for strlen
    display.o(i.Display_FillFromBuffer) refers to display.o(.data) for g_disp_buffer
    display.o(i.Display_FlowAdvance) refers to strlen.o(.text) for strlen
    display.o(i.Display_FlowAdvance) refers to display.o(i.Display_FillFromBuffer) for Display_FillFromBuffer
    display.o(i.Display_FlowAdvance) refers to display.o(.data) for g_disp_mode
    display.o(i.Display_GetSegCode) refers to display.o(.constdata) for g_seg_table_num
    display.o(i.Display_Init) refers to main.o(i.I2C0_WriteByte) for I2C0_WriteByte
    display.o(i.Display_Init) refers to display.o(.data) for g_disp_chars
    display.o(i.Display_Scan) refers to main.o(i.I2C0_WriteByte) for I2C0_WriteByte
    display.o(i.Display_Scan) refers to display.o(i.Display_GetSegCode) for Display_GetSegCode
    display.o(i.Display_Scan) refers to display.o(.data) for g_disp_on
    display.o(i.Display_SetBuffer) refers to strlen.o(.text) for strlen
    display.o(i.Display_SetBuffer) refers to display.o(i.Display_FillFromBuffer) for Display_FillFromBuffer
    display.o(i.Display_SetBuffer) refers to display.o(.data) for g_disp_buffer
    display.o(i.Display_SetFormat) refers to display.o(i.Display_FillFromBuffer) for Display_FillFromBuffer
    display.o(i.Display_SetFormat) refers to display.o(.data) for g_disp_format
    display.o(i.Display_SetMode) refers to display.o(.data) for g_disp_mode
    display.o(i.Display_SetNight) refers to display.o(.data) for g_disp_night
    display.o(i.Display_UpdateFromClock) refers to _printf_pad.o(.text) for _printf_pre_padding
    display.o(i.Display_UpdateFromClock) refers to _printf_percent.o(.ARM.Collect$$_printf_percent$$00000000) for _printf_percent
    display.o(i.Display_UpdateFromClock) refers to _printf_d.o(.ARM.Collect$$_printf_percent$$00000009) for _printf_d
    display.o(i.Display_UpdateFromClock) refers to _printf_dec.o(.text) for _printf_int_dec
    display.o(i.Display_UpdateFromClock) refers to noretval__2sprintf.o(.text) for __2sprintf
    display.o(i.Display_UpdateFromClock) refers to display.o(i.Display_FillFromBuffer) for Display_FillFromBuffer
    display.o(i.Display_UpdateFromClock) refers to strlen.o(.text) for strlen
    display.o(i.Display_UpdateFromClock) refers to display.o(.data) for g_disp_mode
    events.o(i.Events_1HzHandler) refers to _printf_pad.o(.text) for _printf_pre_padding
    events.o(i.Events_1HzHandler) refers to _printf_percent.o(.ARM.Collect$$_printf_percent$$00000000) for _printf_percent
    events.o(i.Events_1HzHandler) refers to _printf_d.o(.ARM.Collect$$_printf_percent$$00000009) for _printf_d
    events.o(i.Events_1HzHandler) refers to _printf_dec.o(.text) for _printf_int_dec
    events.o(i.Events_1HzHandler) refers to events.o(i.Events_ReportDisp) for Events_ReportDisp
[...]
    i.Cmd_SET_LED                            0x00001760   Section        0  protocol.o(i.Cmd_SET_LED)
    Cmd_SET_LED                              0x00001761   Thumb Code    58  protocol.o(i.Cmd_SET_LED)
    i.Cmd_SET_MODE                           0x000017b0   Section        0  protocol.o(i.Cmd_SET_MODE)
    Cmd_SET_MODE                             0x000017b1   Thumb Code   106  protocol.o(i.Cmd_SET_MODE)
    i.Cmd_SET_MSG                            0x00001838   Section        0  protocol.o(i.Cmd_SET_MSG)
    Cmd_SET_MSG                              0x00001839   Thumb Code    60  protocol.o(i.Cmd_SET_MSG)
    i.Cmd_SET_TIME                           0x00001884   Section        0  protocol.o(i.Cmd_SET_TIME)
    Cmd_SET_TIME                             0x00001885   Thumb Code   172  protocol.o(i.Cmd_SET_TIME)
    i.Delay                                  0x0000195c   Section        0  main.o(i.Delay)
    i.Display_FillFromBuffer                 0x00001968   Section        0  display.o(i.Display_FillFromBuffer)
    Display_FillFromBuffer                   0x00001969   Thumb Code   246  display.o(i.Display_FillFromBuffer)
    i.Display_FlowAdvance                    0x00001a74   Section        0  display.o(i.Display_FlowAdvance)
    i.Display_GetSegCode                     0x00001adc   Section        0  display.o(i.Display_GetSegCode)
    i.Display_Init                           0x00001b38   Section        0  display.o(i.Display_Init)
    i.Display_Scan                           0x00001bcc   Section        0  display.o(i.Display_Scan)
    i.Display_SetBuffer                      0x00001c44   Section        0  display.o(i.Display_SetBuffer)
    i.Display_SetFormat                      0x00001c8c   Section        0  display.o(i.Display_SetFormat)
    i.Display_SetMode                        0x00001ca4   Section        0  display.o(i.Display_SetMode)
    i.Display_SetNight                       0x00001cb4   Section        0  display.o(i.Display_SetNight)
    i.Display_UpdateFromClock                0x00001cc0   Section        0  display.o(i.Display_UpdateFromClock)
    i.Events_1HzHandler                      0x00001d94   Section        0  events.o(i.Events_1HzHandler)
    i.Events_Enqueue                         0x00001dd4   Section        0  events.o(i.Events_Enqueue)
    Events_Enqueue                           0x00001dd5   Thumb Code   152  events.o(i.Events_Enqueue)
    i.Events_HasPending                      0x00001e78   Section        0  events.o(i.Events_HasPending)
    i.Events_Init                            0x00001e8c   Section        0  events.o(i.Events_Init)
    i.Events_ReportAlarm                     0x00001ee4   Section        0  events.o(i.Events_ReportAlarm)
    i.Events_ReportDisp                      0x00001f20   Section        0  events.o(i.Events_ReportDisp)
    i.Events_ReportKey                       0x00001f78   Section        0  events.o(i.Events_ReportKey)
    i.Events_ReportLED                       0x00001fac   Section        0  events.o(i.Events_ReportLED)
    i.Events_ReportMode                      0x00001fd8   Section        0  events.o(i.Events_ReportMode)
    i.Events_SendNext                        0x00002014   Section        0  events.o(i.Events_SendNext)
    i.GPIODirModeSet                         0x000020cc   Section        0  gpio.o(i.GPIODirModeSet)
    i.GPIOPadConfigSet                       0x000020f4   Section        0  gpio.o(i.GPIOPadConfigSet)
    i.GPIOPinConfigure                       0x0000222c   Section        0  gpio.o(i.GPIOPinConfigure)
    i.GPIOPinRead                            0x00002270   Section        0  gpio.o(i.GPIOPinRead)
    i.GPIOPinTypeGPIOInput                   0x00002276   Section        0  gpio.o(i.GPIOPinTypeGPIOInput)
    i.GPIOPinTypeI2C                         0x00002292   Section        0  gpio.o(i.GPIOPinTypeI2C)
    i.GPIOPinTypeI2CSCL                      0x000022ae   Section        0  gpio.o(i.GPIOPinTypeI2CSCL)
    i.GPIOPinTypeUART                        0x000022ca   Section        0  gpio.o(i.GPIOPinTypeUART)
    i.I2C0_ReadByte                          0x000022e8   Section        0  main.o(i.I2C0_ReadByte)
    i.I2C0_WriteByte                         0x00002368   Section        0  main.o(i.I2C0_WriteByte)
    i.I2CMasterBusBusy                       0x000023dc   Section        0  i2c.o(i.I2CMasterBusBusy)
    i.I2CMasterBusy                          0x000023e8   Section        0  i2c.o(i.I2CMasterBusy)
    i.I2CMasterControl                       0x000023f4   Section        0  i2c.o(i.I2CMasterControl)
    i.I2CMasterDataGet                       0x000023f8   Section        0  i2c.o(i.I2CMasterDataGet)
    i.I2CMasterDataPut                       0x000023fc   Section        0  i2c.o(i.I2CMasterDataPut)
    i.I2CMasterEnable                        0x00002400   Section        0  i2c.o(i.I2CMasterEnable)
    i.I2CMasterErr                           0x0000240a   Section        0  i2c.o(i.I2CMasterErr)
    i.I2CMasterInitExpClk                    0x00002424   Section        0  i2c.o(i.I2CMasterInitExpClk)
    i.I2CMasterSlaveAddrSet                  0x00002478   Section        0  i2c.o(i.I2CMasterSlaveAddrSet)
    i.IntEnable                              0x00002480   Section        0  interrupt.o(i.IntEnable)
    i.IntMasterEnable                        0x000024e4   Section        0  interrupt.o(i.IntMasterEnable)
    i.Keys_CycleFunc                         0x000024f4   Section        0  keys.o(i.Keys_CycleFunc)
    Keys_CycleFunc                           0x000024f5   Thumb Code    68  keys.o(i.Keys_CycleFunc)
    i.Keys_Dispatch                          0x0000253c   Section        0  keys.o(i.Keys_Dispatch)
    Keys_Dispatch                            0x0000253d   Thumb Code   192  keys.o(i.Keys_Dispatch)
    i.Keys_EnterEdit                         0x00002614   Section        0  keys.o(i.Keys_EnterEdit)
    Keys_EnterEdit                           0x00002615   Thumb Code    34  keys.o(i.Keys_EnterEdit)
    i.Keys_ExitEditNoSave                    0x00002648   Section        0  keys.o(i.Keys_ExitEditNoSave)
    i.Keys_GetEditDisplay                    0x0000266c   Section        0  keys.o(i.Keys_GetEditDisplay)
    i.Keys_GetEditState                      0x000026fc   Section        0  keys.o(i.Keys_GetEditState)
    i.Keys_GetEvent                          0x00002708   Section        0  keys.o(i.Keys_GetEvent)
    i.Keys_GetFieldMax                       0x00002764   Section        0  keys.o(i.Keys_GetFieldMax)
    Keys_GetFieldMax                         0x00002765   Thumb Code   152  keys.o(i.Keys_GetFieldMax)
    i.Keys_GetFieldMin                       0x00002808   Section        0  keys.o(i.Keys_GetFieldMin)
    Keys_GetFieldMin                         0x00002809   Thumb Code    54  keys.o(i.Keys_GetFieldMin)
    i.Keys_GetKeyName                        0x00002848   Section        0  keys.o(i.Keys_GetKeyName)
    i.Keys_IncrementField                    0x00002868   Section        0  keys.o(i.Keys_IncrementField)
    Keys_IncrementField                      0x00002869   Thumb Code   180  keys.o(i.Keys_IncrementField)
    i.Keys_Init                              0x0000292c   Section        0  keys.o(i.Keys_Init)
    i.Keys_LoadEditTemp                      0x0000299c   Section        0  keys.o(i.Keys_LoadEditTemp)
    Keys_LoadEditTemp                        0x0000299d   Thumb Code    74  keys.o(i.Keys_LoadEditTemp)
    i.Keys_NextField                         0x000029fc   Section        0  keys.o(i.Keys_NextField)
    Keys_NextField                           0x000029fd   Thumb Code    64  keys.o(i.Keys_NextField)
    i.Keys_ReadRaw                           0x00002a44   Section        0  keys.o(i.Keys_ReadRaw)
    Keys_ReadRaw                             0x00002a45   Thumb Code   134  keys.o(i.Keys_ReadRaw)
    i.Keys_SaveEdit                          0x00002adc   Section        0  keys.o(i.Keys_SaveEdit)
    Keys_SaveEdit                            0x00002add   Thumb Code    68  keys.o(i.Keys_SaveEdit)
    i.Keys_Scan10ms                          0x00002b34   Section        0  keys.o(i.Keys_Scan10ms)
    i.Keys_Simulate                          0x00002c9c   Section        0  keys.o(i.Keys_Simulate)
    i.LED_Heartbeat                          0x00002cb0   Section        0  led.o(i.LED_Heartbeat)
    i.LED_Init                               0x00002cec   Section        0  led.o(i.LED_Init)
    i.LED_RXFlash                            0x00002d1c   Section        0  led.o(i.LED_RXFlash)
    i.LED_Set                                0x00002d34   Section        0  led.o(i.LED_Set)
    i.LED_TXFlash                            0x00002d64   Section        0  led.o(i.LED_TXFlash)
    i.LED_UpdateFlashTimeout                 0x00002d7c   Section        0  led.o(i.LED_UpdateFlashTimeout)
    i.MatchAbbrev                            0x00002dc8   Section        0  protocol.o(i.MatchAbbrev)
    MatchAbbrev                              0x00002dc9   Thumb Code   136  protocol.o(i.MatchAbbrev)
    i.NextToken                              0x00002e50   Section        0  protocol.o(i.NextToken)
    NextToken                                0x00002e51   Thumb Code    62  protocol.o(i.NextToken)
    i.ParseHex2                              0x00002e8e   Section        0  protocol.o(i.ParseHex2)
    ParseHex2                                0x00002e8f   Thumb Code   118  protocol.o(i.ParseHex2)
    i.Protocol_CharReceived                  0x00002f04   Section        0  protocol.o(i.Protocol_CharReceived)
    i.Protocol_Init                          0x00002f50   Section        0  protocol.o(i.Protocol_Init)
    i.Protocol_ParseLine                     0x00002f9c   Section        0  protocol.o(i.Protocol_ParseLine)
    Protocol_ParseLine                       0x00002f9d   Thumb Code   524  protocol.o(i.Protocol_ParseLine)
    i.Protocol_Process                       0x00003208   Section        0  protocol.o(i.Protocol_Process)
    i.Protocol_SendResponse                  0x000032fc   Section        0  protocol.o(i.Protocol_SendResponse)
    Protocol_SendResponse                    0x000032fd   Thumb Code   172  protocol.o(i.Protocol_SendResponse)
    i.S800_GPIO_Init                         0x000033ac   Section        0  main.o(i.S800_GPIO_Init)
    S800_GPIO_Init                           0x000033ad   Thumb Code   126  main.o(i.S800_GPIO_Init)
    i.S800_I2C0_Init                         0x0000343c   Section        0  main.o(i.S800_I2C0_Init)
    S800_I2C0_Init                           0x0000343d   Thumb Code   134  main.o(i.S800_I2C0_Init)
    i.S800_UART_Init                         0x000034e0   Section        0  main.o(i.S800_UART_Init)
    S800_UART_Init                           0x000034e1   Thumb Code    92  main.o(i.S800_UART_Init)
    i.SkipSpaces                             0x0000354c   Section        0  protocol.o(i.SkipSpaces)
    SkipSpaces                               0x0000354d   Thumb Code    18  protocol.o(i.SkipSpaces)
    i.SysCtlClockFreqSet                     0x00003560   Section        0  sysctl.o(i.SysCtlClockFreqSet)
    i.SysCtlPeripheralEnable                 0x00003844   Section        0  sysctl.o(i.SysCtlPeripheralEnable)
    i.SysCtlPeripheralReady                  0x0000386c   Section        0  sysctl.o(i.SysCtlPeripheralReady)
    i.SysTickEnable                          0x00003898   Section        0  systick.o(i.SysTickEnable)
    i.SysTickIntEnable                       0x000038a6   Section        0  systick.o(i.SysTickIntEnable)
    i.SysTickPeriodSet                       0x000038b4   Section        0  systick.o(i.SysTickPeriodSet)
    i.SysTick_Handler                        0x000038c0   Section        0  main.o(i.SysTick_Handler)
    i.SystemInit                             0x00003944   Section        0  system_tm4c129.o(i.SystemInit)
    i.System_Init                            0x00003964   Section        0  main.o(i.System_Init)
    System_Init                              0x00003965   Thumb Code   172  main.o(i.System_Init)
    i.UART0_Handler                          0x00003a44   Section        0  main.o(i.UART0_Handler)
    i.UART0_SendChar                         0x00003a7c   Section        0  main.o(i.UART0_SendChar)
    i.UARTCharGetNonBlocking                 0x00003a90   Section        0  uart.o(i.UARTCharGetNonBlocking)
    i.UARTCharPut                            0x00003aa0   Section        0  uart.o(i.UARTCharPut)
    i.UARTCharsAvail                         0x00003aac   Section        0  uart.o(i.UARTCharsAvail)
    i.UARTConfigSetExpClk                    0x00003ab6   Section        0  uart.o(i.UARTConfigSetExpClk)
    i.UARTFIFOLevelSet                       0x00003b24   Section        0  uart.o(i.UARTFIFOLevelSet)
    i.UARTIntClear                           0x00003b2a   Section        0  uart.o(i.UARTIntClear)
    i.UARTIntEnable                          0x00003b2e   Section        0  uart.o(i.UARTIntEnable)
    i.UARTIntStatus                          0x00003b36   Section        0  uart.o(i.UARTIntStatus)
    i.UpdateEditDisplay                      0x00003b40   Section        0  main.o(i.UpdateEditDisplay)
    UpdateEditDisplay                        0x00003b41   Thumb Code   358  main.o(i.UpdateEditDisplay)
    i._is_digit                              0x00003cbc   Section        0  __printf_wp.o(i._is_digit)
    i.main                                   0x00003ccc   Section        0  main.o(i.main)
    locale$$code                             0x00003efc   Section       44  lc_ctype_c.o(locale$$code)
    x$fpl$fpinit                             0x00003f28   Section       10  fpinit.o(x$fpl$fpinit)
    $v0                                      0x00003f28   Number         0  fpinit.o(x$fpl$fpinit)
    .constdata                               0x00003f32   Section       12  clock.o(.constdata)
    month_days                               0x00003f32   Data          12  clock.o(.constdata)
    .constdata                               0x00003f3e   Section       36  display.o(.constdata)
    .constdata                               0x00003f64   Section      552  gpio.o(.constdata)
    g_ppui32GPIOIntMapBlizzard               0x00003f64   Data         192  gpio.o(.constdata)
    g_ppui32GPIOIntMapSnowflake              0x00004024   Data         216  gpio.o(.constdata)
    g_pui32GPIOBaseAddrs                     0x000040fc   Data         144  gpio.o(.constdata)
    .constdata                               0x0000418c   Section      268  interrupt.o(.constdata)
    g_pui32Priority                          0x0000418c   Data          32  interrupt.o(.constdata)
    g_pui32Regs                              0x000041ac   Data         156  interrupt.o(.constdata)
    g_pui32EnRegs                            0x00004248   Data          20  interrupt.o(.constdata)
    g_pui32Dii16Regs                         0x0000425c   Data          20  interrupt.o(.constdata)
    g_pui32PendRegs                          0x00004270   Data          20  interrupt.o(.constdata)
    g_pui32UnpendRegs                        0x00004284   Data          20  interrupt.o(.constdata)
    .constdata                               0x00004298   Section      596  sysctl.o(.constdata)
    g_pui32VCOFrequencies                    0x00004298   Data           8  sysctl.o(.constdata)
    g_pui32Xtals                             0x000042a0   Data         108  sysctl.o(.constdata)
    g_pppui32XTALtoVCO                       0x0000430c   Data         432  sysctl.o(.constdata)
    g_sXTALtoMEMTIM                          0x000044bc   Data          48  sysctl.o(.constdata)
    .constdata                               0x000044ec   Section       40  _printf_hex_int.o(.constdata)
    uc_hextab                                0x000044ec   Data          20  _printf_hex_int.o(.constdata)
    lc_hextab                                0x00004500   Data          20  _printf_hex_int.o(.constdata)
    .constdata                               0x00004514   Section       17  __printf_flags_ss_wp.o(.constdata)
    maptable                                 0x00004514   Data          17  __printf_flags_ss_wp.o(.constdata)
    .conststring                             0x00004528   Section       72  keys.o(.conststring)
    locale$$data                             0x00004590   Section      272  lc_ctype_c.o(locale$$data)
    __lcctype_c_name                         0x00004594   Data           2  lc_ctype_c.o(locale$$data)
    __lcctype_c_start                        0x0000459c   Data           0  lc_ctype_c.o(locale$$data)
    __lcctype_c_end                          0x000046a0   Data           0  lc_ctype_c.o(locale$$data)
    .data                                    0x20000000   Section        6  alarm.o(.data)
    .data                                    0x20000006   Section        4  buzzer.o(.data)
    g_buzzer_on                              0x20000006   Data           1  buzzer.o(.data)
    g_buzzer_ringing                         0x20000007   Data           1  buzzer.o(.data)
    g_buzzer_rhythm_counter                  0x20000008   Data           1  buzzer.o(.data)
    g_buzzer_ring_duration                   0x20000009   Data           1  buzzer.o(.data)
    .data                                    0x2000000a   Section        7  clock.o(.data)
    .data                                    0x20000012   Section       54  display.o(.data)
    .data                                    0x20000048   Section        6  events.o(.data)
    g_event_head                             0x20000048   Data           1  events.o(.data)
    g_event_tail                             0x20000049   Data           1  events.o(.data)
    g_event_count                            0x2000004a   Data           1  events.o(.data)
    g_event_rate_timer                       0x2000004c   Data           2  events.o(.data)
    .data                                    0x20000050   Section       61  keys.o(.data)
    g_key_names                              0x20000050   Data          40  keys.o(.data)
    g_key_event_count                        0x20000078   Data           1  keys.o(.data)
    g_edit_temp_time                         0x2000007f   Data           7  keys.o(.data)
    g_edit_temp_alarm                        0x20000086   Data           6  keys.o(.data)
    blink_timer                              0x2000008c   Data           1  keys.o(.data)
    .data                                    0x2000008d   Section        4  led.o(.data)
    g_rx_flash_timer                         0x2000008e   Data           1  led.o(.data)
    g_tx_flash_timer                         0x2000008f   Data           1  led.o(.data)
    g_heartbeat_phase                        0x20000090   Data           1  led.o(.data)
    .data                                    0x20000094   Section       24  main.o(.data)
    g_boot_phase                             0x200000a6   Data           1  main.o(.data)
    g_boot_timer                             0x200000a8   Data           2  main.o(.data)
    name_shown                               0x200000aa   Data           1  main.o(.data)
    ver_shown                                0x200000ab   Data           1  main.o(.data)
    .data                                    0x200000ac   Section        6  protocol.o(.data)
    g_ring_head                              0x200000ac   Data           2  protocol.o(.data)
    g_ring_tail                              0x200000ae   Data           2  protocol.o(.data)
    g_ring_overflow                          0x200000b0   Data           1  protocol.o(.data)
    g_line_idx                               0x200000b1   Data           1  protocol.o(.data)
    .data                                    0x200000b4   Section        4  system_tm4c129.o(.data)
    .bss                                     0x200000b8   Section     1056  events.o(.bss)
    g_event_queue                            0x200000b8   Data        1056  events.o(.bss)
    .bss                                     0x200004d8   Section       70  keys.o(.bss)
    g_key_raw                                0x200004d8   Data          10  keys.o(.bss)
    g_key_state                              0x200004e2   Data          10  keys.o(.bss)
    g_key_prev                               0x200004ec   Data          10  keys.o(.bss)
    g_key_dcnt                               0x200004f6   Data          10  keys.o(.bss)
    g_key_press_time                         0x20000500   Data          20  keys.o(.bss)
    g_key_event                              0x20000514   Data          10  keys.o(.bss)
    .bss                                     0x2000051e   Section      448  protocol.o(.bss)
    g_ring_buf                               0x2000051e   Data         256  protocol.o(.bss)
    g_line_buf                               0x2000061e   Data          64  protocol.o(.bss)
    g_resp_buf                               0x2000065e   Data         128  protocol.o(.bss)
    .bss                                     0x200006e0   Section       96  libspace.o(.bss)
    HEAP                                     0x20000740   Section        0  startup_tm4c129.o(HEAP)
    STACK                                    0x20000740   Section      512  startup_tm4c129.o(STACK)
    Heap_Mem                                 0x20000740   Data           0  startup_tm4c129.o(HEAP)
    Stack_Mem                                0x20000740   Data         512  startup_tm4c129.o(STACK)
    __initial_sp                             0x20000940   Data           0  startup_tm4c129.o(STACK)

    Global Symbols

    Symbol Name                              Value     Ov Type        Size  Object(Section)

    BuildAttributes$$THM_ISAv4$E$P$D$K$B$S$7EM$VFPi3$EXTD16$VFPS$VFMA$PE$A:L22UL41UL21$X:L11$S22US41US21$IEEE1$IW$USESV6$~STKCKD$USESV7$~SHL$OTIME$ROPI$EBA8$UX$STANDARDLIB$REQ8$PRES8$EABIv2 0x00000000   Number         0  anon$$obj.o ABSOLUTE
    __ARM_use_no_argv                        0x00000000   Number         0  main.o ABSOLUTE
    __Vectors                                0x00000000   Data           4  startup_tm4c129.o(RESET)
    _printf_flags                            0x00000000   Number         0  printf_stubs.o ABSOLUTE
    _printf_return_value                     0x00000000   Number         0  printf_stubs.o ABSOLUTE
    _printf_sizespec                         0x00000000   Number         0  printf_stubs.o ABSOLUTE
    _printf_widthprec                        0x00000000   Number         0  printf_stubs.o ABSOLUTE
    __ARM_exceptions_init                     - Undefined Weak Reference
    __alloca_initialize                       - Undefined Weak Reference
    __arm_preinit_                            - Undefined Weak Reference
    __cpp_initialize__aeabi_                  - Undefined Weak Reference
    __cxa_finalize                            - Undefined Weak Reference
    __sigvec_lookup                           - Undefined Weak Reference
    _atexit_init                              - Undefined Weak Reference
    _call_atexit_fns                          - Undefined Weak Reference
    _clock_init                               - Undefined Weak Reference
    _fp_trap_init                             - Undefined Weak Reference
    _fp_trap_shutdown                         - Undefined Weak Reference
    _get_lc_collate                           - Undefined Weak Reference
    _get_lc_monetary                          - Undefined Weak Reference
    _get_lc_numeric                           - Undefined Weak Reference
    _get_lc_time                              - Undefined Weak Reference
    _getenv_init                              - Undefined Weak Reference
    _handle_redirection                       - Undefined Weak Reference
    _init_alloc                               - Undefined Weak Reference
    _init_user_alloc                          - Undefined Weak Reference
    _initio                                   - Undefined Weak Reference
    _printf_mbtowc                            - Undefined Weak Reference
    _printf_truncate_signed                   - Undefined Weak Reference
    _printf_truncate_unsigned                 - Undefined Weak Reference
    _rand_init                                - Undefined Weak Reference
    _signal_finish                            - Undefined Weak Reference
    _signal_init                              - Undefined Weak Reference
    _terminate_alloc                          - Undefined Weak Reference
    _terminate_user_alloc                     - Undefined Weak Reference
    _terminateio                              - Undefined Weak Reference
    __Vectors_End                            0x00000200   Data           0  startup_tm4c129.o(RESET)
    __Vectors_Size                           0x00000200   Number         0  startup_tm4c129.o ABSOLUTE
    __main                                   0x00000201   Thumb Code     8  __main.o(!!!main)
    __scatterload                            0x00000209   Thumb Code     0  __scatter.o(!!!scatter)
    __scatterload_rt2                        0x00000209   Thumb Code    44  __scatter.o(!!!scatter)
    __scatterload_rt2_thumb_only             0x00000209   Thumb Code     0  __scatter.o(!!!scatter)
    __scatterload_null                       0x00000217   Thumb Code     0  __scatter.o(!!!scatter)
    __scatterload_copy                       0x0000023d   Thumb Code    26  __scatter_copy.o(!!handler_copy)
    __scatterload_zeroinit                   0x00000259   Thumb Code    28  __scatter_zi.o(!!handler_zi)
    _printf_d                                0x00000275   Thumb Code     0  _printf_d.o(.ARM.Collect$$_printf_percent$$00000009)
    _printf_percent                          0x00000275   Thumb Code     0  _printf_percent.o(.ARM.Collect$$_printf_percent$$00000000)
    _printf_u                                0x0000027b   Thumb Code     0  _printf_u.o(.ARM.Collect$$_printf_percent$$0000000A)
    _printf_x                                0x00000281   Thumb Code     0  _printf_x.o(.ARM.Collect$$_printf_percent$$0000000C)
    _printf_s                                0x00000287   Thumb Code     0  _printf_s.o(.ARM.Collect$$_printf_percent$$00000014)
    _printf_percent_end                      0x0000028d   Thumb Code     0  _printf_percent_end.o(.ARM.Collect$$_printf_percent$$00000017)
    __rt_lib_init                            0x00000291   Thumb Code     0  libinit.o(.ARM.Collect$$libinit$$00000000)
    __rt_lib_init_fp_1                       0x00000293   Thumb Code     0  libinit2.o(.ARM.Collect$$libinit$$00000001)
    __rt_lib_init_heap_1                     0x00000297   Thumb Code     0  libinit2.o(.ARM.Collect$$libinit$$0000000A)
    __rt_lib_init_lc_common                  0x00000297   Thumb Code     0  libinit2.o(.ARM.Collect$$libinit$$0000000F)
    __rt_lib_init_preinit_1                  0x00000297   Thumb Code     0  libinit2.o(.ARM.Collect$$libinit$$00000004)
    __rt_lib_init_rand_1                     0x00000297   Thumb Code     0  libinit2.o(.ARM.Collect$$libinit$$0000000E)
    __rt_lib_init_user_alloc_1               0x00000297   Thumb Code     0  libinit2.o(.ARM.Collect$$libinit$$0000000C)
    __rt_lib_init_lc_collate_1               0x0000029d   Thumb Code     0  libinit2.o(.ARM.Collect$$libinit$$00000011)
    __rt_lib_init_lc_ctype_2                 0x0000029d   Thumb Code     0  libinit2.o(.ARM.Collect$$libinit$$00000012)
    __rt_lib_init_alloca_1                   0x000002a9   Thumb Code     0  libinit2.o(.ARM.Collect$$libinit$$0000002E)
    __rt_lib_init_argv_1                     0x000002a9   Thumb Code     0  libinit2.o(.ARM.Collect$$libinit$$0000002C)
    __rt_lib_init_atexit_1                   0x000002a9   Thumb Code     0  libinit2.o(.ARM.Collect$$libinit$$0000001B)
    __rt_lib_init_clock_1                    0x000002a9   Thumb Code     0  libinit2.o(.ARM.Collect$$libinit$$00000021)
    __rt_lib_init_cpp_1                      0x000002a9   Thumb Code     0  libinit2.o(.ARM.Collect$$libinit$$00000032)
    __rt_lib_init_exceptions_1               0x000002a9   Thumb Code     0  libinit2.o(.ARM.Collect$$libinit$$00000030)
    __rt_lib_init_fp_trap_1                  0x000002a9   Thumb Code     0  libinit2.o(.ARM.Collect$$libinit$$0000001F)
    __rt_lib_init_getenv_1                   0x000002a9   Thumb Code     0  libinit2.o(.ARM.Collect$$libinit$$00000023)
    __rt_lib_init_lc_ctype_1                 0x000002a9   Thumb Code     0  libinit2.o(.ARM.Collect$$libinit$$00000013)
    __rt_lib_init_lc_monetary_1              0x000002a9   Thumb Code     0  libinit2.o(.ARM.Collect$$libinit$$00000015)
    __rt_lib_init_lc_numeric_1               0x000002a9   Thumb Code     0  libinit2.o(.ARM.Collect$$libinit$$00000017)
    __rt_lib_init_lc_time_1                  0x000002a9   Thumb Code     0  libinit2.o(.ARM.Collect$$libinit$$00000019)
    __rt_lib_init_return                     0x000002a9   Thumb Code     0  libinit2.o(.ARM.Collect$$libinit$$00000033)
    __rt_lib_init_signal_1                   0x000002a9   Thumb Code     0  libinit2.o(.ARM.Collect$$libinit$$0000001D)
    __rt_lib_init_stdio_1                    0x000002a9   Thumb Code     0  libinit2.o(.ARM.Collect$$libinit$$00000025)
    __rt_lib_shutdown                        0x000002ab   Thumb Code     0  libshutdown.o(.ARM.Collect$$libshutdown$$00000000)
    __rt_lib_shutdown_cpp_1                  0x000002ad   Thumb Code     0  libshutdown2.o(.ARM.Collect$$libshutdown$$00000002)
    __rt_lib_shutdown_fp_trap_1              0x000002ad   Thumb Code     0  libshutdown2.o(.ARM.Collect$$libshutdown$$00000007)
    __rt_lib_shutdown_heap_1                 0x000002ad   Thumb Code     0  libshutdown2.o(.ARM.Collect$$libshutdown$$0000000F)
    __rt_lib_shutdown_return                 0x000002ad   Thumb Code     0  libshutdown2.o(.ARM.Collect$$libshutdown$$00000010)
    __rt_lib_shutdown_signal_1               0x000002ad   Thumb Code     0  libshutdown2.o(.ARM.Collect$$libshutdown$$0000000A)
    __rt_lib_shutdown_stdio_1                0x000002ad   Thumb Code     0  libshutdown2.o(.ARM.Collect$$libshutdown$$00000004)
    __rt_lib_shutdown_user_alloc_1           0x000002ad   Thumb Code     0  libshutdown2.o(.ARM.Collect$$libshutdown$$0000000C)
    __rt_entry                               0x000002af   Thumb Code     0  __rtentry.o(.ARM.Collect$$rtentry$$00000000)
    __rt_entry_presh_1                       0x000002af   Thumb Code     0  __rtentry2.o(.ARM.Collect$$rtentry$$00000002)
    __rt_entry_sh                            0x000002af   Thumb Code     0  __rtentry4.o(.ARM.Collect$$rtentry$$00000004)
    __rt_entry_li                            0x000002b5   Thumb Code     0  __rtentry2.o(.ARM.Collect$$rtentry$$0000000A)
    __rt_entry_postsh_1                      0x000002b5   Thumb Code     0  __rtentry2.o(.ARM.Collect$$rtentry$$00000009)
    __rt_entry_main                          0x000002b9   Thumb Code     0  __rtentry2.o(.ARM.Collect$$rtentry$$0000000D)
    __rt_entry_postli_1                      0x000002b9   Thumb Code     0  __rtentry2.o(.ARM.Collect$$rtentry$$0000000C)
    __rt_exit                                0x000002c1   Thumb Code     0  rtexit.o(.ARM.Collect$$rtexit$$00000000)
    __rt_exit_ls                             0x000002c3   Thumb Code     0  rtexit2.o(.ARM.Collect$$rtexit$$00000003)
    __rt_exit_prels_1                        0x000002c3   Thumb Code     0  rtexit2.o(.ARM.Collect$$rtexit$$00000002)
    __rt_exit_exit                           0x000002c7   Thumb Code     0  rtexit2.o(.ARM.Collect$$rtexit$$00000004)
    CPUcpsid                                 0x000002cd   Thumb Code     8  cpu.o(.emb_text)
    CPUprimask                               0x000002d5   Thumb Code     6  cpu.o(.emb_text)
    CPUcpsie                                 0x000002db   Thumb Code     8  cpu.o(.emb_text)
    CPUwfi                                   0x000002e3   Thumb Code     4  cpu.o(.emb_text)
    CPUbasepriSet                            0x000002e7   Thumb Code     6  cpu.o(.emb_text)
    CPUbasepriGet                            0x000002ed   Thumb Code     6  cpu.o(.emb_text)
    Reset_Handler                            0x000002f5   Thumb Code     8  startup_tm4c129.o(.text)
    NMI_Handler                              0x000002fd   Thumb Code     2  startup_tm4c129.o(.text)
    HardFault_Handler                        0x000002ff   Thumb Code     2  startup_tm4c129.o(.text)
    MemManage_Handler                        0x00000301   Thumb Code     2  startup_tm4c129.o(.text)
    BusFault_Handler                         0x00000303   Thumb Code     2  startup_tm4c129.o(.text)
    UsageFault_Handler                       0x00000305   Thumb Code     2  startup_tm4c129.o(.text)
    SVC_Handler                              0x00000307   Thumb Code     2  startup_tm4c129.o(.text)
    DebugMon_Handler                         0x00000309   Thumb Code     2  startup_tm4c129.o(.text)
    PendSV_Handler                           0x0000030b   Thumb Code     2  startup_tm4c129.o(.text)
    GPIOA_Handler                            0x0000030f   Thumb Code     2  startup_tm4c129.o(.text)
    GPIOB_Handler                            0x00000311   Thumb Code     2  startup_tm4c129.o(.text)
    GPIOC_Handler                            0x00000313   Thumb Code     2  startup_tm4c129.o(.text)
    GPIOD_Handler                            0x00000315   Thumb Code     2  startup_tm4c129.o(.text)
    GPIOE_Handler                            0x00000317   Thumb Code     2  startup_tm4c129.o(.text)
    UART1_Handler                            0x0000031b   Thumb Code     2  startup_tm4c129.o(.text)
    SSI0_Handler                             0x0000031d   Thumb Code     2  startup_tm4c129.o(.text)
    I2C0_Handler                             0x0000031f   Thumb Code     2  startup_tm4c129.o(.text)
    PMW0_FAULT_Handler                       0x00000321   Thumb Code     2  startup_tm4c129.o(.text)
    PWM0_0_Handler                           0x00000323   Thumb Code     2  startup_tm4c129.o(.text)
    PWM0_1_Handler                           0x00000325   Thumb Code     2  startup_tm4c129.o(.text)
    PWM0_2_Handler                           0x00000327   Thumb Code     2  startup_tm4c129.o(.text)
    QEI0_Handler                             0x00000329   Thumb Code     2  startup_tm4c129.o(.text)
    ADC0SS0_Handler                          0x0000032b   Thumb Code     2  startup_tm4c129.o(.text)
    ADC0SS1_Handler                          0x0000032d   Thumb Code     2  startup_tm4c129.o(.text)
    ADC0SS2_Handler                          0x0000032f   Thumb Code     2  startup_tm4c129.o(.text)
    ADC0SS3_Handler                          0x00000331   Thumb Code     2  startup_tm4c129.o(.text)
    WDT0_Handler                             0x00000333   Thumb Code     2  startup_tm4c129.o(.text)
    TIMER0A_Handler                          0x00000335   Thumb Code     2  startup_tm4c129.o(.text)
    TIMER0B_Handler                          0x00000337   Thumb Code     2  startup_tm4c129.o(.text)
    TIMER1A_Handler                          0x00000339   Thumb Code     2  startup_tm4c129.o(.text)
    TIMER1B_Handler                          0x0000033b   Thumb Code     2  startup_tm4c129.o(.text)
    TIMER2A_Handler                          0x0000033d   Thumb Code     2  startup_tm4c129.o(.text)
    TIMER2B_Handler                          0x0000033f   Thumb Code     2  startup_tm4c129.o(.text)
    COMP0_Handler                            0x00000341   Thumb Code     2  startup_tm4c129.o(.text)
    COMP1_Handler                            0x00000343   Thumb Code     2  startup_tm4c129.o(.text)
    COMP2_Handler                            0x00000345   Thumb Code     2  startup_tm4c129.o(.text)
    SYSCTL_Handler                           0x00000347   Thumb Code     2  startup_tm4c129.o(.text)
    FLASH_Handler                            0x00000349   Thumb Code     2  startup_tm4c129.o(.text)
    GPIOF_Handler                            0x0000034b   Thumb Code     2  startup_tm4c129.o(.text)
    GPIOG_Handler                            0x0000034d   Thumb Code     2  startup_tm4c129.o(.text)
    GPIOH_Handler                            0x0000034f   Thumb Code     2  startup_tm4c129.o(.text)
    UART2_Handler                            0x00000351   Thumb Code     2  startup_tm4c129.o(.text)
    SSI1_Handler                             0x00000353   Thumb Code     2  startup_tm4c129.o(.text)
    TIMER3A_Handler                          0x00000355   Thumb Code     2  startup_tm4c129.o(.text)
    TIMER3B_Handler                          0x00000357   Thumb Code     2  startup_tm4c129.o(.text)
    I2C1_Handler                             0x00000359   Thumb Code     2  startup_tm4c129.o(.text)
    CAN0_Handler                             0x0000035b   Thumb Code     2  startup_tm4c129.o(.text)
    CAN1_Handler                             0x0000035d   Thumb Code     2  startup_tm4c129.o(.text)
    ETH_Handler                              0x0000035f   Thumb Code     2  startup_tm4c129.o(.text)
    HIB_Handler                              0x00000361   Thumb Code     2  startup_tm4c129.o(.text)
    USB0_Handler                             0x00000363   Thumb Code     2  startup_tm4c129.o(.text)
    PWM0_3_Handler                           0x00000365   Thumb Code     2  startup_tm4c129.o(.text)
    UDMA_Handler                             0x00000367   Thumb Code     2  startup_tm4c129.o(.text)
    UDMAERR_Handler                          0x00000369   Thumb Code     2  startup_tm4c129.o(.text)
    ADC1SS0_Handler                          0x0000036b   Thumb Code     2  startup_tm4c129.o(.text)
    ADC1SS1_Handler                          0x0000036d   Thumb Code     2  startup_tm4c129.o(.text)
    ADC1SS2_Handler                          0x0000036f   Thumb Code     2  startup_tm4c129.o(.text)
    ADC1SS3_Handler                          0x00000371   Thumb Code     2  startup_tm4c129.o(.text)
    EBI0_Handler                             0x00000373   Thumb Code     2  startup_tm4c129.o(.text)
    GPIOJ_Handler                            0x00000375   Thumb Code     2  startup_tm4c129.o(.text)
    GPIOK_Handler                            0x00000377   Thumb Code     2  startup_tm4c129.o(.text)
    GPIOL_Handler                            0x00000379   Thumb Code     2  startup_tm4c129.o(.text)
    SSI2_Handler                             0x0000037b   Thumb Code     2  startup_tm4c129.o(.text)
    SSI3_Handler                             0x0000037d   Thumb Code     2  startup_tm4c129.o(.text)
    UART3_Handler                            0x0000037f   Thumb Code     2  startup_tm4c129.o(.text)
    UART4_Handler                            0x00000381   Thumb Code     2  startup_tm4c129.o(.text)
    UART5_Handler                            0x00000383   Thumb Code     2  startup_tm4c129.o(.text)
    UART6_Handler                            0x00000385   Thumb Code     2  startup_tm4c129.o(.text)
    UART7_Handler                            0x00000387   Thumb Code     2  startup_tm4c129.o(.text)
    I2C2_Handler                             0x00000389   Thumb Code     2  startup_tm4c129.o(.text)
    I2C3_Handler                             0x0000038b   Thumb Code     2  startup_tm4c129.o(.text)
    TIMER4A_Handler                          0x0000038d   Thumb Code     2  startup_tm4c129.o(.text)
    TIMER4B_Handler                          0x0000038f   Thumb Code     2  startup_tm4c129.o(.text)
    TIMER5A_Handler                          0x00000391   Thumb Code     2  startup_tm4c129.o(.text)
    TIMER5B_Handler                          0x00000393   Thumb Code     2  startup_tm4c129.o(.text)
    WTIMER0A_Handler                         0x00000395   Thumb Code     2  startup_tm4c129.o(.text)
    WTIMER0B_Handler                         0x00000397   Thumb Code     2  startup_tm4c129.o(.text)
    WTIMER1A_Handler                         0x00000399   Thumb Code     2  startup_tm4c129.o(.text)
    WTIMER1B_Handler                         0x0000039b   Thumb Code     2  startup_tm4c129.o(.text)
    WTIMER2A_Handler                         0x0000039d   Thumb Code     2  startup_tm4c129.o(.text)
    WTIMER2B_Handler                         0x0000039f   Thumb Code     2  startup_tm4c129.o(.text)
    WTIMER3A_Handler                         0x000003a1   Thumb Code     2  startup_tm4c129.o(.text)
    WTIMER3B_Handler                         0x000003a3   Thumb Code     2  startup_tm4c129.o(.text)
    WTIMER4A_Handler                         0x000003a5   Thumb Code     2  startup_tm4c129.o(.text)
    WTIMER4B_Handler                         0x000003a7   Thumb Code     2  startup_tm4c129.o(.text)
    WTIMER5A_Handler                         0x000003a9   Thumb Code     2  startup_tm4c129.o(.text)
    WTIMER5B_Handler                         0x000003ab   Thumb Code     2  startup_tm4c129.o(.text)
    FPU_Handler                              0x000003ad   Thumb Code     2  startup_tm4c129.o(.text)
    I2C4_Handler                             0x000003af   Thumb Code     2  startup_tm4c129.o(.text)
    I2C5_Handler                             0x000003b1   Thumb Code     2  startup_tm4c129.o(.text)
    GPIOM_Handler                            0x000003b3   Thumb Code     2  startup_tm4c129.o(.text)
    GPION_Handler                            0x000003b5   Thumb Code     2  startup_tm4c129.o(.text)
    TAMPER_Handler                           0x000003b7   Thumb Code     2  startup_tm4c129.o(.text)
    GPIOP0_Handler                           0x000003b9   Thumb Code     2  startup_tm4c129.o(.text)
    GPIOP1_Handler                           0x000003bb   Thumb Code     2  startup_tm4c129.o(.text)
    GPIOP2_Handler                           0x000003bd   Thumb Code     2  startup_tm4c129.o(.text)
    GPIOP3_Handler                           0x000003bf   Thumb Code     2  startup_tm4c129.o(.text)
    GPIOP4_Handler                           0x000003c1   Thumb Code     2  startup_tm4c129.o(.text)
    GPIOP5_Handler                           0x000003c3   Thumb Code     2  startup_tm4c129.o(.text)
    GPIOP6_Handler                           0x000003c5   Thumb Code     2  startup_tm4c129.o(.text)
    GPIOP7_Handler                           0x000003c7   Thumb Code     2  startup_tm4c129.o(.text)
    GPIOQ0_Handler                           0x000003c9   Thumb Code     2  startup_tm4c129.o(.text)
    GPIOQ1_Handler                           0x000003cb   Thumb Code     2  startup_tm4c129.o(.text)
    GPIOQ2_Handler                           0x000003cd   Thumb Code     2  startup_tm4c129.o(.text)
    GPIOQ3_Handler                           0x000003cf   Thumb Code     2  startup_tm4c129.o(.text)
    GPIOQ4_Handler                           0x000003d1   Thumb Code     2  startup_tm4c129.o(.text)
    GPIOQ5_Handler                           0x000003d3   Thumb Code     2  startup_tm4c129.o(.text)
    GPIOQ6_Handler                           0x000003d5   Thumb Code     2  startup_tm4c129.o(.text)
    GPIOQ7_Handler                           0x000003d7   Thumb Code     2  startup_tm4c129.o(.text)
    GPIOR_Handler                            0x000003d9   Thumb Code     2  startup_tm4c129.o(.text)
    GPIOS_Handler                            0x000003db   Thumb Code     2  startup_tm4c129.o(.text)
    SHAMD5_Handler                           0x000003dd   Thumb Code     2  startup_tm4c129.o(.text)
    AES_Handler                              0x000003df   Thumb Code     2  startup_tm4c129.o(.text)
    DES3DES_Handler                          0x000003e1   Thumb Code     2  startup_tm4c129.o(.text)
    LCDCONTROLLER_Handler                    0x000003e3   Thumb Code     2  startup_tm4c129.o(.text)
    TIMER6A_Handler                          0x000003e5   Thumb Code     2  startup_tm4c129.o(.text)
    TIMER6B_Handler                          0x000003e7   Thumb Code     2  startup_tm4c129.o(.text)
    TIMER7A_Handler                          0x000003e9   Thumb Code     2  startup_tm4c129.o(.text)
    TIMER7B_Handler                          0x000003eb   Thumb Code     2  startup_tm4c129.o(.text)
    I2C6_Handler                             0x000003ed   Thumb Code     2  startup_tm4c129.o(.text)
    I2C7_Handler                             0x000003ef   Thumb Code     2  startup_tm4c129.o(.text)
    HIMSCANKEYBOARD_Handler                  0x000003f1   Thumb Code     2  startup_tm4c129.o(.text)
    ONEWIRE_Handler                          0x000003f3   Thumb Code     2  startup_tm4c129.o(.text)
    HIMPS2_Handler                           0x000003f5   Thumb Code     2  startup_tm4c129.o(.text)
    HIMLEDSEQUENCER_Handler                  0x000003f7   Thumb Code     2  startup_tm4c129.o(.text)
    HIMCONSUMERIR_Handler                    0x000003f9   Thumb Code     2  startup_tm4c129.o(.text)
    I2C8_Handler                             0x000003fb   Thumb Code     2  startup_tm4c129.o(.text)
    I2C9_Handler                             0x000003fd   Thumb Code     2  startup_tm4c129.o(.text)
    GPIOT_Handler                            0x000003ff   Thumb Code     2  startup_tm4c129.o(.text)
    __user_initial_stackheap                 0x00000401   Thumb Code     0  startup_tm4c129.o(.text)
    __2sprintf                               0x00000421   Thumb Code    34  noretval__2sprintf.o(.text)
    _printf_pre_padding                      0x00000449   Thumb Code    44  _printf_pad.o(.text)
    _printf_post_padding                     0x00000475   Thumb Code    34  _printf_pad.o(.text)
    _printf_str                              0x00000497   Thumb Code    82  _printf_str.o(.text)
    _printf_int_dec                          0x000004e9   Thumb Code   104  _printf_dec.o(.text)
    _printf_int_hex                          0x00000561   Thumb Code    84  _printf_hex_int.o(.text)
    _printf_longlong_hex                     0x00000561   Thumb Code     0  _printf_hex_int.o(.text)
    __printf                                 0x000005b9   Thumb Code   388  __printf_flags_ss_wp.o(.text)
    atoi                                     0x00000741   Thumb Code    26  atoi.o(.text)
    strtoul                                  0x0000075b   Thumb Code   114  strtoul.o(.text)
    strchr                                   0x000007cd   Thumb Code    20  strchr.o(.text)
    strlen                                   0x000007e1   Thumb Code    62  strlen.o(.text)
    __use_two_region_memory                  0x0000081f   Thumb Code     2  heapauxi.o(.text)
    __rt_heap_escrow$2region                 0x00000821   Thumb Code     2  heapauxi.o(.text)
    __rt_heap_expand$2region                 0x00000823   Thumb Code     2  heapauxi.o(.text)
    __rt_ctype_table                         0x00000825   Thumb Code    16  rt_ctype_table.o(.text)
    __aeabi_errno_addr                       0x00000835   Thumb Code     8  rt_errno_addr_intlibspace.o(.text)
    __errno$intlibspace                      0x00000835   Thumb Code     0  rt_errno_addr_intlibspace.o(.text)
    __rt_errno_addr$intlibspace              0x00000835   Thumb Code     0  rt_errno_addr_intlibspace.o(.text)
    _printf_int_common                       0x0000083d   Thumb Code   178  _printf_intcommon.o(.text)
    _printf_char_common                      0x000008fb   Thumb Code    32  _printf_char_common.o(.text)
    _sputc                                   0x00000921   Thumb Code    10  _sputc.o(.text)
    _printf_cs_common                        0x0000092b   Thumb Code    20  _printf_char.o(.text)
    _printf_char                             0x0000093f   Thumb Code    16  _printf_char.o(.text)
    _printf_string                           0x0000094f   Thumb Code     8  _printf_char.o(.text)
    _strtoul                                 0x00000957   Thumb Code   158  _strtoul.o(.text)
    strtol                                   0x000009f5   Thumb Code   112  strtol.o(.text)
    __user_libspace                          0x00000a65   Thumb Code     8  libspace.o(.text)
    __user_perproc_libspace                  0x00000a65   Thumb Code     0  libspace.o(.text)
    __user_perthread_libspace                0x00000a65   Thumb Code     0  libspace.o(.text)
    __rt_locale                              0x00000a6d   Thumb Code     8  rt_locale_intlibspace.o(.text)
    _chval                                   0x00000a75   Thumb Code    28  _chval.o(.text)
    __user_setup_stackheap                   0x00000a91   Thumb Code    74  sys_stackheap_outer.o(.text)
    exit                                     0x00000adb   Thumb Code    18  exit.o(.text)
    strcmp                                   0x00000aed   Thumb Code   128  strcmpv7m.o(.text)
    _sys_exit                                0x00000b6d   Thumb Code     8  sys_exit.o(.text)
    __I$use$semihosting                      0x00000b79   Thumb Code     0  use_no_semi.o(.text)
    __use_no_semihosting_swi                 0x00000b79   Thumb Code     2  use_no_semi.o(.text)
    __semihosting_library_function           0x00000b7b   Thumb Code     0  indicate_semi.o(.text)
    Alarm_Check                              0x00000b7d   Thumb Code    82  alarm.o(i.Alarm_Check)
    Alarm_Init                               0x00000bd5   Thumb Code    20  alarm.o(i.Alarm_Init)
    Alarm_IsRinging                          0x00000bed   Thumb Code     6  alarm.o(i.Alarm_IsRinging)
    Alarm_Stop                               0x00000bf9   Thumb Code     8  alarm.o(i.Alarm_Stop)
    Buzzer_Init                              0x00000f19   Thumb Code    20  buzzer.o(i.Buzzer_Init)
    Buzzer_Off                               0x00000f3d   Thumb Code     8  buzzer.o(i.Buzzer_Off)
    Buzzer_On                                0x00000f49   Thumb Code     8  buzzer.o(i.Buzzer_On)
    Buzzer_RhythmHandler                     0x00000f55   Thumb Code    84  buzzer.o(i.Buzzer_RhythmHandler)
    Buzzer_StartRing                         0x00000fb9   Thumb Code    22  buzzer.o(i.Buzzer_StartRing)
    Buzzer_StopRing                          0x00000fe1   Thumb Code    20  buzzer.o(i.Buzzer_StopRing)
    Buzzer_WriteOutput                       0x00001005   Thumb Code    40  buzzer.o(i.Buzzer_WriteOutput)
    Clock_DaysInMonth                        0x00001091   Thumb Code    42  clock.o(i.Clock_DaysInMonth)
    Clock_Init                               0x000010c1   Thumb Code    52  clock.o(i.Clock_Init)
    Clock_IsLeapYear                         0x000010f9   Thumb Code    62  clock.o(i.Clock_IsLeapYear)
    Clock_Tick                               0x00001139   Thumb Code   182  clock.o(i.Clock_Tick)
    Delay                                    0x0000195d   Thumb Code    12  main.o(i.Delay)
    Display_FlowAdvance                      0x00001a75   Thumb Code    88  display.o(i.Display_FlowAdvance)
    Display_GetSegCode                       0x00001add   Thumb Code    84  display.o(i.Display_GetSegCode)
    Display_Init                             0x00001b39   Thumb Code   100  display.o(i.Display_Init)
    Display_Scan                             0x00001bcd   Thumb Code   104  display.o(i.Display_Scan)
    Display_SetBuffer                        0x00001c45   Thumb Code    58  display.o(i.Display_SetBuffer)
    Display_SetFormat                        0x00001c8d   Thumb Code    20  display.o(i.Display_SetFormat)
    Display_SetMode                          0x00001ca5   Thumb Code    10  display.o(i.Display_SetMode)
    Display_SetNight                         0x00001cb5   Thumb Code     6  display.o(i.Display_SetNight)
    Display_UpdateFromClock                  0x00001cc1   Thumb Code   168  display.o(i.Display_UpdateFromClock)
    Events_1HzHandler                        0x00001d95   Thumb Code    46  events.o(i.Events_1HzHandler)
    Events_HasPending                        0x00001e79   Thumb Code    16  events.o(i.Events_HasPending)
    Events_Init                              0x00001e8d   Thumb Code    68  events.o(i.Events_Init)
    Events_ReportAlarm                       0x00001ee5   Thumb Code    22  events.o(i.Events_ReportAlarm)
    Events_ReportDisp                        0x00001f21   Thumb Code    68  events.o(i.Events_ReportDisp)
    Events_ReportKey                         0x00001f79   Thumb Code    34  events.o(i.Events_ReportKey)
    Events_ReportLED                         0x00001fad   Thumb Code    26  events.o(i.Events_ReportLED)
    Events_ReportMode                        0x00001fd9   Thumb Code    24  events.o(i.Events_ReportMode)
    Events_SendNext                          0x00002015   Thumb Code   168  events.o(i.Events_SendNext)
    GPIODirModeSet                           0x000020cd   Thumb Code    40  gpio.o(i.GPIODirModeSet)
    GPIOPadConfigSet                         0x000020f5   Thumb Code   312  gpio.o(i.GPIOPadConfigSet)
    GPIOPinConfigure                         0x0000222d   Thumb Code    60  gpio.o(i.GPIOPinConfigure)
    GPIOPinRead                              0x00002271   Thumb Code     6  gpio.o(i.GPIOPinRead)
    GPIOPinTypeGPIOInput                     0x00002277   Thumb Code    28  gpio.o(i.GPIOPinTypeGPIOInput)
    GPIOPinTypeI2C                           0x00002293   Thumb Code    28  gpio.o(i.GPIOPinTypeI2C)
    GPIOPinTypeI2CSCL                        0x000022af   Thumb Code    28  gpio.o(i.GPIOPinTypeI2CSCL)
    GPIOPinTypeUART                          0x000022cb   Thumb Code    28  gpio.o(i.GPIOPinTypeUART)
    I2C0_ReadByte                            0x000022e9   Thumb Code   122  main.o(i.I2C0_ReadByte)
    I2C0_WriteByte                           0x00002369   Thumb Code   110  main.o(i.I2C0_WriteByte)
    I2CMasterBusBusy                         0x000023dd   Thumb Code    12  i2c.o(i.I2CMasterBusBusy)
    I2CMasterBusy                            0x000023e9   Thumb Code    12  i2c.o(i.I2CMasterBusy)
    I2CMasterControl                         0x000023f5   Thumb Code     4  i2c.o(i.I2CMasterControl)
    I2CMasterDataGet                         0x000023f9   Thumb Code     4  i2c.o(i.I2CMasterDataGet)
    I2CMasterDataPut                         0x000023fd   Thumb Code     4  i2c.o(i.I2CMasterDataPut)
    I2CMasterEnable                          0x00002401   Thumb Code    10  i2c.o(i.I2CMasterEnable)
    I2CMasterErr                             0x0000240b   Thumb Code    24  i2c.o(i.I2CMasterErr)
    I2CMasterInitExpClk                      0x00002425   Thumb Code    72  i2c.o(i.I2CMasterInitExpClk)
    I2CMasterSlaveAddrSet                    0x00002479   Thumb Code     8  i2c.o(i.I2CMasterSlaveAddrSet)
    IntEnable                                0x00002481   Thumb Code    92  interrupt.o(i.IntEnable)
    IntMasterEnable                          0x000024e5   Thumb Code    14  interrupt.o(i.IntMasterEnable)
    Keys_ExitEditNoSave                      0x00002649   Thumb Code    20  keys.o(i.Keys_ExitEditNoSave)
    Keys_GetEditDisplay                      0x0000266d   Thumb Code   116  keys.o(i.Keys_GetEditDisplay)
    Keys_GetEditState                        0x000026fd   Thumb Code     6  keys.o(i.Keys_GetEditState)
    Keys_GetEvent                            0x00002709   Thumb Code    82  keys.o(i.Keys_GetEvent)
    Keys_GetKeyName                          0x00002849   Thumb Code    18  keys.o(i.Keys_GetKeyName)
    Keys_Init                                0x0000292d   Thumb Code    66  keys.o(i.Keys_Init)
    Keys_Scan10ms                            0x00002b35   Thumb Code   318  keys.o(i.Keys_Scan10ms)
    Keys_Simulate                            0x00002c9d   Thumb Code    18  keys.o(i.Keys_Simulate)
    LED_Heartbeat                            0x00002cb1   Thumb Code    50  led.o(i.LED_Heartbeat)
    LED_Init                                 0x00002ced   Thumb Code    32  led.o(i.LED_Init)
    LED_RXFlash                              0x00002d1d   Thumb Code    18  led.o(i.LED_RXFlash)
    LED_Set                                  0x00002d35   Thumb Code    44  led.o(i.LED_Set)
    LED_TXFlash                              0x00002d65   Thumb Code    18  led.o(i.LED_TXFlash)
    LED_UpdateFlashTimeout                   0x00002d7d   Thumb Code    68  led.o(i.LED_UpdateFlashTimeout)
    Protocol_CharReceived                    0x00002f05   Thumb Code    58  protocol.o(i.Protocol_CharReceived)
    Protocol_Init                            0x00002f51   Thumb Code    46  protocol.o(i.Protocol_Init)
    Protocol_Process                         0x00003209   Thumb Code   210  protocol.o(i.Protocol_Process)
    SysCtlClockFreqSet                       0x00003561   Thumb Code   700  sysctl.o(i.SysCtlClockFreqSet)
    SysCtlPeripheralEnable                   0x00003845   Thumb Code    36  sysctl.o(i.SysCtlPeripheralEnable)
    SysCtlPeripheralReady                    0x0000386d   Thumb Code    40  sysctl.o(i.SysCtlPeripheralReady)
    SysTickEnable                            0x00003899   Thumb Code    14  systick.o(i.SysTickEnable)
    SysTickIntEnable                         0x000038a7   Thumb Code    14  systick.o(i.SysTickIntEnable)
    SysTickPeriodSet                         0x000038b5   Thumb Code    10  systick.o(i.SysTickPeriodSet)
    SysTick_Handler                          0x000038c1   Thumb Code   104  main.o(i.SysTick_Handler)
    SystemInit                               0x00003945   Thumb Code    20  system_tm4c129.o(i.SystemInit)
    UART0_Handler                            0x00003a45   Thumb Code    52  main.o(i.UART0_Handler)
    UART0_SendChar                           0x00003a7d   Thumb Code    14  main.o(i.UART0_SendChar)
    UARTCharGetNonBlocking                   0x00003a91   Thumb Code    16  uart.o(i.UARTCharGetNonBlocking)
    UARTCharPut                              0x00003aa1   Thumb Code    12  uart.o(i.UARTCharPut)
    UARTCharsAvail                           0x00003aad   Thumb Code    10  uart.o(i.UARTCharsAvail)
    UARTConfigSetExpClk                      0x00003ab7   Thumb Code   110  uart.o(i.UARTConfigSetExpClk)
    UARTFIFOLevelSet                         0x00003b25   Thumb Code     6  uart.o(i.UARTFIFOLevelSet)
    UARTIntClear                             0x00003b2b   Thumb Code     4  uart.o(i.UARTIntClear)
    UARTIntEnable                            0x00003b2f   Thumb Code     8  uart.o(i.UARTIntEnable)
    UARTIntStatus                            0x00003b37   Thumb Code    10  uart.o(i.UARTIntStatus)
    _is_digit                                0x00003cbd   Thumb Code    14  __printf_wp.o(i._is_digit)
    main                                     0x00003ccd   Thumb Code   502  main.o(i.main)
    _get_lc_ctype                            0x00003efd   Thumb Code    44  lc_ctype_c.o(locale$$code)
    _fp_init                                 0x00003f29   Thumb Code    10  fpinit.o(x$fpl$fpinit)
    __fplib_config_fpu_vfp                   0x00003f31   Thumb Code     0  fpinit.o(x$fpl$fpinit)
    __fplib_config_pureend_doubles           0x00003f31   Thumb Code     0  fpinit.o(x$fpl$fpinit)
    g_seg_table_num                          0x00003f3e   Data          10  display.o(.constdata)
    g_seg_table_alpha                        0x00003f48   Data          26  display.o(.constdata)
    Region$$Table$$Base                      0x00004570   Number         0  anon$$obj.o(Region$$Table)
    Region$$Table$$Limit                     0x00004590   Number         0  anon$$obj.o(Region$$Table)
    __ctype                                  0x0000459d   Data           0  lc_ctype_c.o(locale$$data)
    g_alarm                                  0x20000000   Data           6  alarm.o(.data)
    g_clock                                  0x2000000a   Data           7  clock.o(.data)
    g_disp_buffer                            0x20000012   Data          32  display.o(.data)
    g_disp_mode                              0x20000032   Data           1  display.o(.data)
    g_disp_format                            0x20000033   Data           1  display.o(.data)
    g_disp_on                                0x20000034   Data           1  display.o(.data)
    g_disp_night                             0x20000035   Data           1  display.o(.data)
    g_dp_mask                                0x20000036   Data           1  display.o(.data)
    g_disp_chars                             0x20000037   Data           8  display.o(.data)
    g_flow_position                          0x20000040   Data           2  display.o(.data)
    g_flow_direction                         0x20000042   Data           1  display.o(.data)
    g_flow_speed                             0x20000043   Data           1  display.o(.data)
    g_flow_delay                             0x20000044   Data           2  display.o(.data)
    g_flow_counter                           0x20000046   Data           2  display.o(.data)
    g_edit_state                             0x20000079   Data           1  keys.o(.data)
    g_edit_field                             0x2000007a   Data           1  keys.o(.data)
    g_edit_timeout                           0x2000007c   Data           2  keys.o(.data)
    g_edit_blink                             0x2000007e   Data           1  keys.o(.data)
    g_led_state                              0x2000008d   Data           1  led.o(.data)
    g_ui32SysClock                           0x20000094   Data           4  main.o(.data)
    g_flag_1ms                               0x20000098   Data           1  main.o(.data)
    g_flag_10ms                              0x20000099   Data           1  main.o(.data)
    g_cnt_10ms                               0x2000009a   Data           2  main.o(.data)
    g_flag_100ms                             0x2000009c   Data           1  main.o(.data)
    g_cnt_100ms                              0x2000009d   Data           1  main.o(.data)
    g_flag_1000ms                            0x2000009e   Data           1  main.o(.data)
    g_cnt_1000ms                             0x2000009f   Data           1  main.o(.data)
    g_uptime_seconds                         0x200000a0   Data           4  main.o(.data)
    g_beep_timeout                           0x200000a4   Data           2  main.o(.data)
    SystemCoreClock                          0x200000b4   Data           4  system_tm4c129.o(.data)
    __libspace_start                         0x200006e0   Data          96  libspace.o(.bss)
    __temporary_stack_top$libspace           0x20000740   Data           0  libspace.o(.bss)



==============================================================================

Memory Map of the image

  Image Entry point : 0x000002f5

  Load Region LR_1 (Base: 0x00000000, Size: 0x00004758, Max: 0xffffffff, ABSOLUTE)

    Execution Region ER_RO (Base: 0x00000000, Size: 0x000046a0, Max: 0xffffffff, ABSOLUTE)

    Base Addr    Size         Type   Attr      Idx    E Section Name        Object

    0x00000000   0x00000200   Data   RO          792    RESET               startup_tm4c129.o
    0x00000200   0x00000008   Code   RO         2419  * !!!main             c_w.l(__main.o)
    0x00000208   0x00000034   Code   RO         2610    !!!scatter          c_w.l(__scatter.o)
    0x0000023c   0x0000001a   Code   RO         2612    !!handler_copy      c_w.l(__scatter_copy.o)
    0x00000256   0x00000002   PAD
    0x00000258   0x0000001c   Code   RO         2614    !!handler_zi        c_w.l(__scatter_zi.o)
    0x00000274   0x00000000   Code   RO         2408    .ARM.Collect$$_printf_percent$$00000000  c_w.l(_printf_percent.o)
    0x00000274   0x00000006   Code   RO         2406    .ARM.Collect$$_printf_percent$$00000009  c_w.l(_printf_d.o)
    0x0000027a   0x00000006   Code   RO         2407    .ARM.Collect$$_printf_percent$$0000000A  c_w.l(_printf_u.o)
    0x00000280   0x00000006   Code   RO         2405    .ARM.Collect$$_printf_percent$$0000000C  c_w.l(_printf_x.o)
    0x00000286   0x00000006   Code   RO         2404    .ARM.Collect$$_printf_percent$$00000014  c_w.l(_printf_s.o)
    0x0000028c   0x00000004   Code   RO         2437    .ARM.Collect$$_printf_percent$$00000017  c_w.l(_printf_percent_end.o)
    0x00000290   0x00000002   Code   RO         2483    .ARM.Collect$$libinit$$00000000  c_w.l(libinit.o)
    0x00000292   0x00000004   Code   RO         2484    .ARM.Collect$$libinit$$00000001  c_w.l(libinit2.o)
    0x00000296   0x00000000   Code   RO         2487    .ARM.Collect$$libinit$$00000004  c_w.l(libinit2.o)
    0x00000296   0x00000000   Code   RO         2490    .ARM.Collect$$libinit$$0000000A  c_w.l(libinit2.o)
    0x00000296   0x00000000   Code   RO         2492    .ARM.Collect$$libinit$$0000000C  c_w.l(libinit2.o)
    0x00000296   0x00000000   Code   RO         2494    .ARM.Collect$$libinit$$0000000E  c_w.l(libinit2.o)
    0x00000296   0x00000006   Code   RO         2495    .ARM.Collect$$libinit$$0000000F  c_w.l(libinit2.o)
    0x0000029c   0x00000000   Code   RO         2497    .ARM.Collect$$libinit$$00000011  c_w.l(libinit2.o)
    0x0000029c   0x0000000c   Code   RO         2498    .ARM.Collect$$libinit$$00000012  c_w.l(libinit2.o)
    0x000002a8   0x00000000   Code   RO         2499    .ARM.Collect$$libinit$$00000013  c_w.l(libinit2.o)
    0x000002a8   0x00000000   Code   RO         2501    .ARM.Collect$$libinit$$00000015  c_w.l(libinit2.o)
    0x000002a8   0x00000000   Code   RO         2503    .ARM.Collect$$libinit$$00000017  c_w.l(libinit2.o)
    0x000002a8   0x00000000   Code   RO         2505    .ARM.Collect$$libinit$$00000019  c_w.l(libinit2.o)
    0x000002a8   0x00000000   Code   RO         2507    .ARM.Collect$$libinit$$0000001B  c_w.l(libinit2.o)
    0x000002a8   0x00000000   Code   RO         2509    .ARM.Collect$$libinit$$0000001D  c_w.l(libinit2.o)
    0x000002a8   0x00000000   Code   RO         2511    .ARM.Collect$$libinit$$0000001F  c_w.l(libinit2.o)
    0x000002a8   0x00000000   Code   RO         2513    .ARM.Collect$$libinit$$00000021  c_w.l(libinit2.o)
    0x000002a8   0x00000000   Code   RO         2515    .ARM.Collect$$libinit$$00000023  c_w.l(libinit2.o)
    0x000002a8   0x00000000   Code   RO         2517    .ARM.Collect$$libinit$$00000025  c_w.l(libinit2.o)
    0x000002a8   0x00000000   Code   RO         2521    .ARM.Collect$$libinit$$0000002C  c_w.l(libinit2.o)
    0x000002a8   0x00000000   Code   RO         2523    .ARM.Collect$$libinit$$0000002E  c_w.l(libinit2.o)
    0x000002a8   0x00000000   Code   RO         2525    .ARM.Collect$$libinit$$00000030  c_w.l(libinit2.o)
    0x000002a8   0x00000000   Code   RO         2527    .ARM.Collect$$libinit$$00000032  c_w.l(libinit2.o)
    0x000002a8   0x00000002   Code   RO         2528    .ARM.Collect$$libinit$$00000033  c_w.l(libinit2.o)
    0x000002aa   0x00000002   Code   RO         2558    .ARM.Collect$$libshutdown$$00000000  c_w.l(libshutdown.o)
    0x000002ac   0x00000000   Code   RO         2569    .ARM.Collect$$libshutdown$$00000002  c_w.l(libshutdown2.o)
    0x000002ac   0x00000000   Code   RO         2571    .ARM.Collect$$libshutdown$$00000004  c_w.l(libshutdown2.o)
    0x000002ac   0x00000000   Code   RO         2574    .ARM.Collect$$libshutdown$$00000007  c_w.l(libshutdown2.o)
    0x000002ac   0x00000000   Code   RO         2577    .ARM.Collect$$libshutdown$$0000000A  c_w.l(libshutdown2.o)
    0x000002ac   0x00000000   Code   RO         2579    .ARM.Collect$$libshutdown$$0000000C  c_w.l(libshutdown2.o)
    0x000002ac   0x00000000   Code   RO         2582    .ARM.Collect$$libshutdown$$0000000F  c_w.l(libshutdown2.o)
    0x000002ac   0x00000002   Code   RO         2583    .ARM.Collect$$libshutdown$$00000010  c_w.l(libshutdown2.o)
    0x000002ae   0x00000000   Code   RO         2421    .ARM.Collect$$rtentry$$00000000  c_w.l(__rtentry.o)
    0x000002ae   0x00000000   Code   RO         2446    .ARM.Collect$$rtentry$$00000002  c_w.l(__rtentry2.o)
    0x000002ae   0x00000006   Code   RO         2458    .ARM.Collect$$rtentry$$00000004  c_w.l(__rtentry4.o)
    0x000002b4   0x00000000   Code   RO         2448    .ARM.Collect$$rtentry$$00000009  c_w.l(__rtentry2.o)
    0x000002b4   0x00000004   Code   RO         2449    .ARM.Collect$$rtentry$$0000000A  c_w.l(__rtentry2.o)
    0x000002b8   0x00000000   Code   RO         2451    .ARM.Collect$$rtentry$$0000000C  c_w.l(__rtentry2.o)
    0x000002b8   0x00000008   Code   RO         2452    .ARM.Collect$$rtentry$$0000000D  c_w.l(__rtentry2.o)
    0x000002c0   0x00000002   Code   RO         2529    .ARM.Collect$$rtexit$$00000000  c_w.l(rtexit.o)
    0x000002c2   0x00000000   Code   RO         2536    .ARM.Collect$$rtexit$$00000002  c_w.l(rtexit2.o)
    0x000002c2   0x00000004   Code   RO         2537    .ARM.Collect$$rtexit$$00000003  c_w.l(rtexit2.o)
    0x000002c6   0x00000006   Code   RO         2538    .ARM.Collect$$rtexit$$00000004  c_w.l(rtexit2.o)
    0x000002cc   0x00000026   Code   RO         2339    .emb_text           driverlib.lib(cpu.o)
    0x000002f2   0x00000002   PAD
    0x000002f4   0x0000012c   Code   RO          793  * .text               startup_tm4c129.o
    0x00000420   0x00000028   Code   RO         2353    .text               c_w.l(noretval__2sprintf.o)
    0x00000448   0x0000004e   Code   RO         2357    .text               c_w.l(_printf_pad.o)
    0x00000496   0x00000052   Code   RO         2359    .text               c_w.l(_printf_str.o)
    0x000004e8   0x00000078   Code   RO         2361    .text               c_w.l(_printf_dec.o)
    0x00000560   0x00000058   Code   RO         2366    .text               c_w.l(_printf_hex_int.o)
    0x000005b8   0x00000188   Code   RO         2401    .text               c_w.l(__printf_flags_ss_wp.o)
    0x00000740   0x0000001a   Code   RO         2409    .text               c_w.l(atoi.o)
    0x0000075a   0x00000072   Code   RO         2411    .text               c_w.l(strtoul.o)
    0x000007cc   0x00000014   Code   RO         2413    .text               c_w.l(strchr.o)
    0x000007e0   0x0000003e   Code   RO         2415    .text               c_w.l(strlen.o)
    0x0000081e   0x00000006   Code   RO         2417    .text               c_w.l(heapauxi.o)
    0x00000824   0x00000010   Code   RO         2422    .text               c_w.l(rt_ctype_table.o)
    0x00000834   0x00000008   Code   RO         2427    .text               c_w.l(rt_errno_addr_intlibspace.o)
    0x0000083c   0x000000b2   Code   RO         2429    .text               c_w.l(_printf_intcommon.o)
    0x000008ee   0x00000002   PAD
    0x000008f0   0x00000030   Code   RO         2431    .text               c_w.l(_printf_char_common.o)
    0x00000920   0x0000000a   Code   RO         2433    .text               c_w.l(_sputc.o)
    0x0000092a   0x0000002c   Code   RO         2435    .text               c_w.l(_printf_char.o)
    0x00000956   0x0000009e   Code   RO         2438    .text               c_w.l(_strtoul.o)
    0x000009f4   0x00000070   Code   RO         2440    .text               c_w.l(strtol.o)
    0x00000a64   0x00000008   Code   RO         2442    .text               c_w.l(libspace.o)
    0x00000a6c   0x00000008   Code   RO         2463    .text               c_w.l(rt_locale_intlibspace.o)
    0x00000a74   0x0000001c   Code   RO         2467    .text               c_w.l(_chval.o)
    0x00000a90   0x0000004a   Code   RO         2472    .text               c_w.l(sys_stackheap_outer.o)
    0x00000ada   0x00000012   Code   RO         2474    .text               c_w.l(exit.o)
    0x00000aec   0x00000080   Code   RO         2476    .text               c_w.l(strcmpv7m.o)
    0x00000b6c   0x0000000c   Code   RO         2548    .text               c_w.l(sys_exit.o)
    0x00000b78   0x00000002   Code   RO         2559    .text               c_w.l(use_no_semi.o)
    0x00000b7a   0x00000000   Code   RO         2561    .text               c_w.l(indicate_semi.o)
    0x00000b7a   0x00000002   PAD
    0x00000b7c   0x00000058   Code   RO            1    i.Alarm_Check       alarm.o
    0x00000bd4   0x00000018   Code   RO            2    i.Alarm_Init        alarm.o
    0x00000bec   0x0000000c   Code   RO            3    i.Alarm_IsRinging   alarm.o
    0x00000bf8   0x0000000c   Code   RO            5    i.Alarm_Stop        alarm.o
    0x00000c04   0x0000004c   Code   RO          531    i.BootAnimation_Init  main.o
    0x00000c50   0x000002c8   Code   RO          532    i.BootAnimation_Run  main.o
    0x00000f18   0x00000024   Code   RO           52    i.Buzzer_Init       buzzer.o
    0x00000f3c   0x0000000c   Code   RO           54    i.Buzzer_Off        buzzer.o
    0x00000f48   0x0000000c   Code   RO           55    i.Buzzer_On         buzzer.o
    0x00000f54   0x00000064   Code   RO           56    i.Buzzer_RhythmHandler  buzzer.o
    0x00000fb8   0x00000028   Code   RO           57    i.Buzzer_StartRing  buzzer.o
    0x00000fe0   0x00000024   Code   RO           58    i.Buzzer_StopRing   buzzer.o
    0x00001004   0x00000030   Code   RO           60    i.Buzzer_WriteOutput  buzzer.o
    0x00001034   0x0000005a   Code   RO          155    i.Clock_ComputeDOW  clock.o
    0x0000108e   0x00000002   PAD
    0x00001090   0x00000030   Code   RO          156    i.Clock_DaysInMonth  clock.o
    0x000010c0   0x00000038   Code   RO          157    i.Clock_Init        clock.o
    0x000010f8   0x0000003e   Code   RO          158    i.Clock_IsLeapYear  clock.o
    0x00001136   0x00000002   PAD
    0x00001138   0x000000bc   Code   RO          159    i.Clock_Tick        clock.o
    0x000011f4   0x00000060   Code   RO          648    i.Cmd_GET_ALARM     protocol.o
    0x00001254   0x00000048   Code   RO          649    i.Cmd_GET_DATE      protocol.o
    0x0000129c   0x00000044   Code   RO          650    i.Cmd_GET_DISP      protocol.o
    0x000012e0   0x00000038   Code   RO          651    i.Cmd_GET_FORMAT    protocol.o
    0x00001318   0x0000003c   Code   RO          652    i.Cmd_GET_TIME      protocol.o
    0x00001354   0x0000002c   Code   RO          653    i.Cmd_PING          protocol.o
    0x00001380   0x00000014   Code   RO          654    i.Cmd_RST           protocol.o
    0x00001394   0x00000110   Code   RO          655    i.Cmd_SET_ALARM     protocol.o
    0x000014a4   0x0000005c   Code   RO          656    i.Cmd_SET_BEEP      protocol.o
    0x00001500   0x00000128   Code   RO          657    i.Cmd_SET_DATE      protocol.o
    0x00001628   0x0000006c   Code   RO          658    i.Cmd_SET_DISPLAY   protocol.o
    0x00001694   0x00000070   Code   RO          659    i.Cmd_SET_FORMAT    protocol.o
    0x00001704   0x0000005c   Code   RO          660    i.Cmd_SET_KEY       protocol.o
    0x00001760   0x00000050   Code   RO          661    i.Cmd_SET_LED       protocol.o
    0x000017b0   0x00000088   Code   RO          662    i.Cmd_SET_MODE      protocol.o
    0x00001838   0x0000004c   Code   RO          663    i.Cmd_SET_MSG       protocol.o
    0x00001884   0x000000d8   Code   RO          664    i.Cmd_SET_TIME      protocol.o
    0x0000195c   0x0000000c   Code   RO          533    i.Delay             main.o
    0x00001968   0x0000010c   Code   RO          197    i.Display_FillFromBuffer  display.o
    0x00001a74   0x00000068   Code   RO          198    i.Display_FlowAdvance  display.o
    0x00001adc   0x0000005c   Code   RO          199    i.Display_GetSegCode  display.o
    0x00001b38   0x00000094   Code   RO          200    i.Display_Init      display.o
    0x00001bcc   0x00000078   Code   RO          201    i.Display_Scan      display.o
    0x00001c44   0x00000048   Code   RO          202    i.Display_SetBuffer  display.o
    0x00001c8c   0x00000018   Code   RO          203    i.Display_SetFormat  display.o
    0x00001ca4   0x00000010   Code   RO          204    i.Display_SetMode   display.o
    0x00001cb4   0x0000000c   Code   RO          205    i.Display_SetNight  display.o
    0x00001cc0   0x000000d4   Code   RO          206    i.Display_UpdateFromClock  display.o
    0x00001d94   0x00000040   Code   RO          276    i.Events_1HzHandler  events.o
    0x00001dd4   0x000000a4   Code   RO          277    i.Events_Enqueue    events.o
    0x00001e78   0x00000014   Code   RO          278    i.Events_HasPending  events.o
    0x00001e8c   0x00000058   Code   RO          279    i.Events_Init       events.o
    0x00001ee4   0x0000003c   Code   RO          280    i.Events_ReportAlarm  events.o
    0x00001f20   0x00000058   Code   RO          281    i.Events_ReportDisp  events.o
    0x00001f78   0x00000034   Code   RO          283    i.Events_ReportKey  events.o
    0x00001fac   0x0000002c   Code   RO          284    i.Events_ReportLED  events.o
    0x00001fd8   0x0000003c   Code   RO          285    i.Events_ReportMode  events.o
    0x00002014   0x000000b8   Code   RO          286    i.Events_SendNext   events.o
    0x000020cc   0x00000028   Code   RO          854    i.GPIODirModeSet    driverlib.lib(gpio.o)
    0x000020f4   0x00000138   Code   RO          866    i.GPIOPadConfigSet  driverlib.lib(gpio.o)
    0x0000222c   0x00000044   Code   RO          867    i.GPIOPinConfigure  driverlib.lib(gpio.o)
    0x00002270   0x00000006   Code   RO          868    i.GPIOPinRead       driverlib.lib(gpio.o)
    0x00002276   0x0000001c   Code   RO          877    i.GPIOPinTypeGPIOInput  driverlib.lib(gpio.o)
    0x00002292   0x0000001c   Code   RO          881    i.GPIOPinTypeI2C    driverlib.lib(gpio.o)
    0x000022ae   0x0000001c   Code   RO          882    i.GPIOPinTypeI2CSCL  driverlib.lib(gpio.o)
    0x000022ca   0x0000001c   Code   RO          890    i.GPIOPinTypeUART   driverlib.lib(gpio.o)
    0x000022e6   0x00000002   PAD
    0x000022e8   0x00000080   Code   RO          534    i.I2C0_ReadByte     main.o
    0x00002368   0x00000074   Code   RO          535    i.I2C0_WriteByte    main.o
    0x000023dc   0x0000000c   Code   RO         1190    i.I2CMasterBusBusy  driverlib.lib(i2c.o)
    0x000023e8   0x0000000c   Code   RO         1191    i.I2CMasterBusy     driverlib.lib(i2c.o)
    0x000023f4   0x00000004   Code   RO         1192    i.I2CMasterControl  driverlib.lib(i2c.o)
    0x000023f8   0x00000004   Code   RO         1193    i.I2CMasterDataGet  driverlib.lib(i2c.o)
    0x000023fc   0x00000004   Code   RO         1194    i.I2CMasterDataPut  driverlib.lib(i2c.o)
    0x00002400   0x0000000a   Code   RO         1196    i.I2CMasterEnable   driverlib.lib(i2c.o)
    0x0000240a   0x00000018   Code   RO         1197    i.I2CMasterErr      driverlib.lib(i2c.o)
    0x00002422   0x00000002   PAD
    0x00002424   0x00000054   Code   RO         1199    i.I2CMasterInitExpClk  driverlib.lib(i2c.o)
    0x00002478   0x00000008   Code   RO         1209    i.I2CMasterSlaveAddrSet  driverlib.lib(i2c.o)
    0x00002480   0x00000064   Code   RO         1518    i.IntEnable         driverlib.lib(interrupt.o)
    0x000024e4   0x0000000e   Code   RO         1521    i.IntMasterEnable   driverlib.lib(interrupt.o)
    0x000024f2   0x00000002   PAD
    0x000024f4   0x00000048   Code   RO          357    i.Keys_CycleFunc    keys.o
    0x0000253c   0x000000d8   Code   RO          358    i.Keys_Dispatch     keys.o
    0x00002614   0x00000034   Code   RO          359    i.Keys_EnterEdit    keys.o
    0x00002648   0x00000024   Code   RO          360    i.Keys_ExitEditNoSave  keys.o
    0x0000266c   0x00000090   Code   RO          361    i.Keys_GetEditDisplay  keys.o
    0x000026fc   0x0000000c   Code   RO          362    i.Keys_GetEditState  keys.o
    0x00002708   0x0000005c   Code   RO          363    i.Keys_GetEvent     keys.o
    0x00002764   0x000000a4   Code   RO          364    i.Keys_GetFieldMax  keys.o
    0x00002808   0x00000040   Code   RO          365    i.Keys_GetFieldMin  keys.o
    0x00002848   0x00000020   Code   RO          366    i.Keys_GetKeyName   keys.o
    0x00002868   0x000000c4   Code   RO          367    i.Keys_IncrementField  keys.o
    0x0000292c   0x00000070   Code   RO          368    i.Keys_Init         keys.o
    0x0000299c   0x00000060   Code   RO          369    i.Keys_LoadEditTemp  keys.o
    0x000029fc   0x00000048   Code   RO          370    i.Keys_NextField    keys.o
    0x00002a44   0x00000098   Code   RO          371    i.Keys_ReadRaw      keys.o
    0x00002adc   0x00000058   Code   RO          372    i.Keys_SaveEdit     keys.o
    0x00002b34   0x00000168   Code   RO          373    i.Keys_Scan10ms     keys.o
    0x00002c9c   0x00000012   Code   RO          374    i.Keys_Simulate     keys.o
    0x00002cae   0x00000002   PAD
    0x00002cb0   0x0000003c   Code   RO          477    i.LED_Heartbeat     led.o
    0x00002cec   0x00000030   Code   RO          478    i.LED_Init          led.o
    0x00002d1c   0x00000018   Code   RO          479    i.LED_RXFlash       led.o
    0x00002d34   0x00000030   Code   RO          480    i.LED_Set           led.o
    0x00002d64   0x00000018   Code   RO          481    i.LED_TXFlash       led.o
    0x00002d7c   0x0000004c   Code   RO          482    i.LED_UpdateFlashTimeout  led.o
    0x00002dc8   0x00000088   Code   RO          665    i.MatchAbbrev       protocol.o
    0x00002e50   0x0000003e   Code   RO          666    i.NextToken         protocol.o
    0x00002e8e   0x00000076   Code   RO          667    i.ParseHex2         protocol.o
    0x00002f04   0x0000004c   Code   RO          668    i.Protocol_CharReceived  protocol.o
    0x00002f50   0x0000004c   Code   RO          669    i.Protocol_Init     protocol.o
    0x00002f9c   0x0000026c   Code   RO          670    i.Protocol_ParseLine  protocol.o
    0x00003208   0x000000f4   Code   RO          671    i.Protocol_Process  protocol.o
    0x000032fc   0x000000b0   Code   RO          672    i.Protocol_SendResponse  protocol.o
    0x000033ac   0x00000090   Code   RO          536    i.S800_GPIO_Init    main.o
    0x0000343c   0x000000a4   Code   RO          537    i.S800_I2C0_Init    main.o
    0x000034e0   0x0000006c   Code   RO          538    i.S800_UART_Init    main.o
    0x0000354c   0x00000012   Code   RO          673    i.SkipSpaces        protocol.o
    0x0000355e   0x00000002   PAD
    0x00003560   0x000002e4   Code   RO         1635    i.SysCtlClockFreqSet  driverlib.lib(sysctl.o)
    0x00003844   0x00000028   Code   RO         1667    i.SysCtlPeripheralEnable  driverlib.lib(sysctl.o)
    0x0000386c   0x0000002c   Code   RO         1671    i.SysCtlPeripheralReady  driverlib.lib(sysctl.o)
    0x00003898   0x0000000e   Code   RO         1982    i.SysTickEnable     driverlib.lib(systick.o)
    0x000038a6   0x0000000e   Code   RO         1984    i.SysTickIntEnable  driverlib.lib(systick.o)
    0x000038b4   0x0000000a   Code   RO         1988    i.SysTickPeriodSet  driverlib.lib(systick.o)
    0x000038be   0x00000002   PAD
    0x000038c0   0x00000084   Code   RO          539    i.SysTick_Handler   main.o
    0x00003944   0x00000020   Code   RO          801    i.SystemInit        system_tm4c129.o
    0x00003964   0x000000e0   Code   RO          540    i.System_Init       main.o
    0x00003a44   0x00000038   Code   RO          541    i.UART0_Handler     main.o
    0x00003a7c   0x00000014   Code   RO          543    i.UART0_SendChar    main.o
    0x00003a90   0x00000010   Code   RO         2051    i.UARTCharGetNonBlocking  driverlib.lib(uart.o)
    0x00003aa0   0x0000000c   Code   RO         2052    i.UARTCharPut       driverlib.lib(uart.o)
    0x00003aac   0x0000000a   Code   RO         2054    i.UARTCharsAvail    driverlib.lib(uart.o)
    0x00003ab6   0x0000006e   Code   RO         2058    i.UARTConfigSetExpClk  driverlib.lib(uart.o)
    0x00003b24   0x00000006   Code   RO         2068    i.UARTFIFOLevelSet  driverlib.lib(uart.o)
    0x00003b2a   0x00000004   Code   RO         2071    i.UARTIntClear      driverlib.lib(uart.o)
    0x00003b2e   0x00000008   Code   RO         2073    i.UARTIntEnable     driverlib.lib(uart.o)
    0x00003b36   0x0000000a   Code   RO         2075    i.UARTIntStatus     driverlib.lib(uart.o)
    0x00003b40   0x0000017c   Code   RO          545    i.UpdateEditDisplay  main.o
    0x00003cbc   0x0000000e   Code   RO         2394    i._is_digit         c_w.l(__printf_wp.o)
    0x00003cca   0x00000002   PAD
    0x00003ccc   0x00000230   Code   RO          546    i.main              main.o
    0x00003efc   0x0000002c   Code   RO         2470    locale$$code        c_w.l(lc_ctype_c.o)
    0x00003f28   0x0000000a   Code   RO         2533    x$fpl$fpinit        fz_wm.l(fpinit.o)
    0x00003f32   0x0000000c   Data   RO          160    .constdata          clock.o
    0x00003f3e   0x00000024   Data   RO          207    .constdata          display.o
    0x00003f62   0x00000002   PAD
    0x00003f64   0x00000228   Data   RO          898    .constdata          driverlib.lib(gpio.o)
    0x0000418c   0x0000010c   Data   RO         1534    .constdata          driverlib.lib(interrupt.o)
    0x00004298   0x00000254   Data   RO         1689    .constdata          driverlib.lib(sysctl.o)
    0x000044ec   0x00000028   Data   RO         2367    .constdata          c_w.l(_printf_hex_int.o)
    0x00004514   0x00000011   Data   RO         2402    .constdata          c_w.l(__printf_flags_ss_wp.o)
    0x00004525   0x00000003   PAD
    0x00004528   0x00000048   Data   RO          376    .conststring        keys.o
    0x00004570   0x00000020   Data   RO         2608    Region$$Table       anon$$obj.o
    0x00004590   0x00000110   Data   RO         2469    locale$$data        c_w.l(lc_ctype_c.o)


    Execution Region ER_RW (Base: 0x20000000, Size: 0x000000b8, Max: 0xffffffff, ABSOLUTE)

    Base Addr    Size         Type   Attr      Idx    E Section Name        Object

    0x20000000   0x00000006   Data   RW            6    .data               alarm.o
    0x20000006   0x00000004   Data   RW           61    .data               buzzer.o
    0x2000000a   0x00000007   Data   RW          161    .data               clock.o
    0x20000011   0x00000001   PAD
    0x20000012   0x00000036   Data   RW          208    .data               display.o
    0x20000048   0x00000006   Data   RW          288    .data               events.o
    0x2000004e   0x00000002   PAD
    0x20000050   0x0000003d   Data   RW          377    .data               keys.o
    0x2000008d   0x00000004   Data   RW          484    .data               led.o
    0x20000091   0x00000003   PAD
    0x20000094   0x00000018   Data   RW          547    .data               main.o
    0x200000ac   0x00000006   Data   RW          675    .data               protocol.o
    0x200000b2   0x00000002   PAD
    0x200000b4   0x00000004   Data   RW          802    .data               system_tm4c129.o


    Execution Region ER_ZI (Base: 0x200000b8, Size: 0x00000888, Max: 0xffffffff, ABSOLUTE)

    Base Addr    Size         Type   Attr      Idx    E Section Name        Object

    0x200000b8   0x00000420   Zero   RW          287    .bss                events.o
    0x200004d8   0x00000046   Zero   RW          375    .bss                keys.o
    0x2000051e   0x000001c0   Zero   RW          674    .bss                protocol.o
    0x200006de   0x00000002   PAD
    0x200006e0   0x00000060   Zero   RW         2443    .bss                c_w.l(libspace.o)
    0x20000740   0x00000000   Zero   RW          791    HEAP                startup_tm4c129.o
    0x20000740   0x00000200   Zero   RW          790    STACK               startup_tm4c129.o


==============================================================================

Image component sizes


      Code (inc. data)   RO Data    RW Data    ZI Data      Debug   Object Name

       136         20          0          6          0       8154   alarm.o
       284         82          0          4          0       3984   buzzer.o
       444         16         12          7          0       4603   clock.o
      1068        184         36         54          0       8172   display.o
       824        200          0          6       1056       7471   events.o
      1978        324         72         61         70      12748   keys.o
       280         50          0          4          0       3512   led.o
      2832        338          0         24          0      11906   main.o
      3422        684          0          6        448      18827   protocol.o
       300         22        512          0        512       6096   startup_tm4c129.o
        32         12          0          4          0        835   system_tm4c129.o

    ----------------------------------------------------------------------
     11608       1932        666        184       2088      86308   Object Totals
         0          0         32          0          0          0   (incl. Generated)
         8          0          2          8          2          0   (incl. Padding)

    ----------------------------------------------------------------------

      Code (inc. data)   RO Data    RW Data    ZI Data      Debug   Library Member Name

         8          0          0          0          0         68   __main.o
       392          4         17          0          0         92   __printf_flags_ss_wp.o
        14          0          0          0          0         68   __printf_wp.o
         0          0          0          0          0          0   __rtentry.o
        12          0          0          0          0          0   __rtentry2.o
         6          0          0          0          0          0   __rtentry4.o
        52          8          0          0          0          0   __scatter.o
        26          0          0          0          0          0   __scatter_copy.o
        28          0          0          0          0          0   __scatter_zi.o
        28          0          0          0          0         68   _chval.o
        44          0          0          0          0        108   _printf_char.o
        48          6          0          0          0         96   _printf_char_common.o
         6          0          0          0          0          0   _printf_d.o
       120         16          0          0          0         92   _printf_dec.o
        88          4         40          0          0         88   _printf_hex_int.o
       178          0          0          0          0         88   _printf_intcommon.o
        78          0          0          0          0        108   _printf_pad.o
         0          0          0          0          0          0   _printf_percent.o
         4          0          0          0          0          0   _printf_percent_end.o
         6          0          0          0          0          0   _printf_s.o
        82          0          0          0          0         80   _printf_str.o
         6          0          0          0          0          0   _printf_u.o
         6          0          0          0          0          0   _printf_x.o
        10          0          0          0          0         68   _sputc.o
       158          0          0          0          0         92   _strtoul.o
        26          0          0          0          0         80   atoi.o
        18          0          0          0          0         80   exit.o
         6          0          0          0          0        152   heapauxi.o
         0          0          0          0          0          0   indicate_semi.o
        44         10        272          0          0         76   lc_ctype_c.o
         2          0          0          0          0          0   libinit.o
        24          0          0          0          0          0   libinit2.o
         2          0          0          0          0          0   libshutdown.o
         2          0          0          0          0          0   libshutdown2.o
         8          4          0          0         96         68   libspace.o
        40          6          0          0          0         84   noretval__2sprintf.o
        16          4          0          0          0         76   rt_ctype_table.o
         8          4          0          0          0         68   rt_errno_addr_intlibspace.o
         8          4          0          0          0         68   rt_locale_intlibspace.o
         2          0          0          0          0          0   rtexit.o
        10          0          0          0          0          0   rtexit2.o
        20          0          0          0          0         68   strchr.o
       128          0          0          0          0         68   strcmpv7m.o
        62          0          0          0          0         76   strlen.o
       112          0          0          0          0         88   strtol.o
       114          0          0          0          0         92   strtoul.o
        12          4          0          0          0         68   sys_exit.o
        74          0          0          0          0         80   sys_stackheap_outer.o
         2          0          0          0          0         68   use_no_semi.o
        38          0          0          0          0        572   cpu.o
       538          8        552          0          0       8747   gpio.o
       162         12          0          0          0       5454   i2c.o
       114          8        268          0          0       2042   interrupt.o
       824         48        596          0          0       4490   sysctl.o
        38          0          0          0          0       1410   systick.o
       176          0          0          0          0       5097   uart.o
        10          0          0          0          0        116   fpinit.o

    ----------------------------------------------------------------------
      4058        150       1748          0         96      30404   Library Totals
        18          0          3          0          0          0   (incl. Padding)

    ----------------------------------------------------------------------

      Code (inc. data)   RO Data    RW Data    ZI Data      Debug   Library Name

      2140         74        329          0         96       2476   c_w.l
      1890         76       1416          0          0      27812   driverlib.lib
        10          0          0          0          0        116   fz_wm.l

    ----------------------------------------------------------------------
      4058        150       1748          0         96      30404   Library Totals

    ----------------------------------------------------------------------

==============================================================================


      Code (inc. data)   RO Data    RW Data    ZI Data      Debug   

     15666       2082       2414        184       2184     102760   Grand Totals
     15666       2082       2414        184       2184     102760   ELF Image Totals
     15666       2082       2414        184          0          0   ROM Totals

==============================================================================

    Total RO  Size (Code + RO Data)                18080 (  17.66kB)
    Total RW  Size (RW Data + ZI Data)              2368 (   2.31kB)
    Total ROM Size (Code + RO Data + RW Data)      18264 (  17.84kB)

==============================================================================

