Component: ARM Compiler 5.06 update 4 (build 422) Tool: armlink [4d35d2]

==============================================================================

Section Cross References

    main.o(i.Alarm_Check) refers to main.o(.data) for g_alarm
    main.o(i.Alarm_Init) refers to main.o(.data) for g_alarm
    main.o(i.Alarm_IsRinging) refers to main.o(.data) for g_alarm
    main.o(i.Alarm_Set) refers to main.o(.data) for g_alarm
    main.o(i.Alarm_Stop) refers to main.o(.data) for g_alarm
    main.o(i.BootAnimation_Init) refers to main.o(i.I2C0_WriteByte) for I2C0_WriteByte
    main.o(i.BootAnimation_Init) refers to main.o(.data) for g_boot_phase
    main.o(i.BootAnimation_Run) refers to main.o(i.I2C0_WriteByte) for I2C0_WriteByte
    main.o(i.BootAnimation_Run) refers to main.o(.data) for g_boot_timer
    main.o(i.Buzzer_Init) refers to sysctl.o(i.SysCtlPeripheralEnable) for SysCtlPeripheralEnable
    main.o(i.Buzzer_Init) refers to sysctl.o(i.SysCtlPeripheralReady) for SysCtlPeripheralReady
    main.o(i.Buzzer_Init) refers to gpio.o(i.GPIOPinTypeGPIOOutput) for GPIOPinTypeGPIOOutput
    main.o(i.Buzzer_Init) refers to gpio.o(i.GPIOPinWrite) for GPIOPinWrite
    main.o(i.Buzzer_Init) refers to timer.o(i.TimerConfigure) for TimerConfigure
    main.o(i.Buzzer_Init) refers to timer.o(i.TimerLoadSet) for TimerLoadSet
    main.o(i.Buzzer_Init) refers to timer.o(i.TimerIntEnable) for TimerIntEnable
    main.o(i.Buzzer_Init) refers to interrupt.o(i.IntEnable) for IntEnable
    main.o(i.Buzzer_Init) refers to main.o(.data) for g_buzzer_on
    main.o(i.Buzzer_IsOn) refers to main.o(.data) for g_buzzer_on
    main.o(i.Buzzer_IsRinging) refers to main.o(.data) for g_buzzer_ringing
    main.o(i.Buzzer_Off) refers to timer.o(i.TimerDisable) for TimerDisable
    main.o(i.Buzzer_Off) refers to gpio.o(i.GPIOPinWrite) for GPIOPinWrite
    main.o(i.Buzzer_Off) refers to main.o(.data) for g_buzzer_on
    main.o(i.Buzzer_On) refers to timer.o(i.TimerEnable) for TimerEnable
    main.o(i.Buzzer_On) refers to main.o(.data) for g_buzzer_on
    main.o(i.Buzzer_RhythmHandler) refers to main.o(i.Buzzer_Off) for Buzzer_Off
    main.o(i.Buzzer_RhythmHandler) refers to main.o(i.Alarm_Stop) for Alarm_Stop
    main.o(i.Buzzer_RhythmHandler) refers to main.o(i.Buzzer_StopRing) for Buzzer_StopRing
    main.o(i.Buzzer_RhythmHandler) refers to main.o(i.Buzzer_On) for Buzzer_On
    main.o(i.Buzzer_RhythmHandler) refers to main.o(.data) for g_buzzer_ringing
    main.o(i.Buzzer_StartRing) refers to main.o(.data) for g_buzzer_ringing
    main.o(i.Buzzer_StopRing) refers to main.o(i.Buzzer_Off) for Buzzer_Off
    main.o(i.Buzzer_StopRing) refers to main.o(.data) for g_buzzer_ringing
    main.o(i.Buzzer_Toggle) refers to main.o(i.Buzzer_Off) for Buzzer_Off
    main.o(i.Buzzer_Toggle) refers to main.o(i.Buzzer_On) for Buzzer_On
    main.o(i.Buzzer_Toggle) refers to main.o(.data) for g_buzzer_on
    main.o(i.Clock_DaysInMonth) refers to main.o(i.Clock_IsLeapYear) for Clock_IsLeapYear
    main.o(i.Clock_DaysInMonth) refers to main.o(.constdata) for month_days
    main.o(i.Clock_Init) refers to main.o(i.Clock_ComputeDOW) for Clock_ComputeDOW
    main.o(i.Clock_Init) refers to main.o(.data) for g_clock
    main.o(i.Clock_Tick) refers to main.o(i.Clock_DaysInMonth) for Clock_DaysInMonth
    main.o(i.Clock_Tick) refers to main.o(i.Clock_ComputeDOW) for Clock_ComputeDOW
    main.o(i.Clock_Tick) refers to main.o(.data) for g_clock
    main.o(i.Cmd_GET_ALARM) refers to _printf_pad.o(.text) for _printf_pre_padding
    main.o(i.Cmd_GET_ALARM) refers to _printf_percent.o(.ARM.Collect$$_printf_percent$$00000000) for _printf_percent
    main.o(i.Cmd_GET_ALARM) refers to _printf_d.o(.ARM.Collect$$_printf_percent$$00000009) for _printf_d
    main.o(i.Cmd_GET_ALARM) refers to _printf_dec.o(.text) for _printf_int_dec
    main.o(i.Cmd_GET_ALARM) refers to noretval__2sprintf.o(.text) for __2sprintf
    main.o(i.Cmd_GET_ALARM) refers to main.o(i.Protocol_SendResponse) for Protocol_SendResponse
    main.o(i.Cmd_GET_ALARM) refers to main.o(.data) for g_alarm
    main.o(i.Cmd_GET_ALARM) refers to main.o(.bss) for g_resp_buf
    main.o(i.Cmd_GET_DATE) refers to _printf_pad.o(.text) for _printf_pre_padding
    main.o(i.Cmd_GET_DATE) refers to _printf_percent.o(.ARM.Collect$$_printf_percent$$00000000) for _printf_percent
    main.o(i.Cmd_GET_DATE) refers to _printf_d.o(.ARM.Collect$$_printf_percent$$00000009) for _printf_d
    main.o(i.Cmd_GET_DATE) refers to _printf_dec.o(.text) for _printf_int_dec
    main.o(i.Cmd_GET_DATE) refers to noretval__2sprintf.o(.text) for __2sprintf
    main.o(i.Cmd_GET_DATE) refers to main.o(i.Protocol_SendOKData) for Protocol_SendOKData
    main.o(i.Cmd_GET_DATE) refers to main.o(.data) for g_clock
    main.o(i.Cmd_GET_DATE) refers to main.o(.bss) for g_resp_buf
    main.o(i.Cmd_GET_DISP) refers to _printf_percent.o(.ARM.Collect$$_printf_percent$$00000000) for _printf_percent
[...]
    i.Cmd_SET_FORMAT                         0x00001844   Section        0  main.o(i.Cmd_SET_FORMAT)
    Cmd_SET_FORMAT                           0x00001845   Thumb Code    78  main.o(i.Cmd_SET_FORMAT)
    i.Cmd_SET_KEY                            0x000018b4   Section        0  main.o(i.Cmd_SET_KEY)
    Cmd_SET_KEY                              0x000018b5   Thumb Code    74  main.o(i.Cmd_SET_KEY)
    i.Cmd_SET_LED                            0x00001910   Section        0  main.o(i.Cmd_SET_LED)
    Cmd_SET_LED                              0x00001911   Thumb Code    66  main.o(i.Cmd_SET_LED)
    i.Cmd_SET_MODE                           0x0000196c   Section        0  main.o(i.Cmd_SET_MODE)
    Cmd_SET_MODE                             0x0000196d   Thumb Code   106  main.o(i.Cmd_SET_MODE)
    i.Cmd_SET_MSG                            0x000019f4   Section        0  main.o(i.Cmd_SET_MSG)
    Cmd_SET_MSG                              0x000019f5   Thumb Code    60  main.o(i.Cmd_SET_MSG)
    i.Cmd_SET_TIME                           0x00001a40   Section        0  main.o(i.Cmd_SET_TIME)
    Cmd_SET_TIME                             0x00001a41   Thumb Code   186  main.o(i.Cmd_SET_TIME)
    i.Display_FillFromBuffer                 0x00001b34   Section        0  main.o(i.Display_FillFromBuffer)
    i.Display_FlowAdvance                    0x00001c78   Section        0  main.o(i.Display_FlowAdvance)
    i.Display_GetSegCode                     0x00001cf4   Section        0  main.o(i.Display_GetSegCode)
    i.Display_Init                           0x00001d58   Section        0  main.o(i.Display_Init)
    i.Display_Scan                           0x00001dec   Section        0  main.o(i.Display_Scan)
    i.Display_SetBuffer                      0x00001e64   Section        0  main.o(i.Display_SetBuffer)
    i.Display_SetFormat                      0x00001eac   Section        0  main.o(i.Display_SetFormat)
    i.Display_SetMode                        0x00001ed8   Section        0  main.o(i.Display_SetMode)
    i.Display_SetNight                       0x00001ef4   Section        0  main.o(i.Display_SetNight)
    i.Display_UpdateFromClock                0x00001f00   Section        0  main.o(i.Display_UpdateFromClock)
    i.Events_1HzHandler                      0x00001fe8   Section        0  main.o(i.Events_1HzHandler)
    i.Events_Enqueue                         0x00002028   Section        0  main.o(i.Events_Enqueue)
    Events_Enqueue                           0x00002029   Thumb Code   152  main.o(i.Events_Enqueue)
    i.Events_HasPending                      0x000020cc   Section        0  main.o(i.Events_HasPending)
    i.Events_Init                            0x000020e0   Section        0  main.o(i.Events_Init)
    i.Events_ReportAlarm                     0x00002138   Section        0  main.o(i.Events_ReportAlarm)
    i.Events_ReportDisp                      0x00002174   Section        0  main.o(i.Events_ReportDisp)
    i.Events_ReportKey                       0x000021cc   Section        0  main.o(i.Events_ReportKey)
    i.Events_ReportLED                       0x00002200   Section        0  main.o(i.Events_ReportLED)
    i.Events_ReportMode                      0x0000222c   Section        0  main.o(i.Events_ReportMode)
    i.Events_SendNext                        0x00002268   Section        0  main.o(i.Events_SendNext)
    i.GPIODirModeSet                         0x00002320   Section        0  gpio.o(i.GPIODirModeSet)
    i.GPIOPadConfigSet                       0x00002348   Section        0  gpio.o(i.GPIOPadConfigSet)
    i.GPIOPinConfigure                       0x00002480   Section        0  gpio.o(i.GPIOPinConfigure)
    i.GPIOPinRead                            0x000024c4   Section        0  gpio.o(i.GPIOPinRead)
    i.GPIOPinTypeGPIOInput                   0x000024ca   Section        0  gpio.o(i.GPIOPinTypeGPIOInput)
    i.GPIOPinTypeGPIOOutput                  0x000024e6   Section        0  gpio.o(i.GPIOPinTypeGPIOOutput)
    i.GPIOPinTypeI2C                         0x00002502   Section        0  gpio.o(i.GPIOPinTypeI2C)
    i.GPIOPinTypeI2CSCL                      0x0000251e   Section        0  gpio.o(i.GPIOPinTypeI2CSCL)
    i.GPIOPinTypeUART                        0x0000253a   Section        0  gpio.o(i.GPIOPinTypeUART)
    i.GPIOPinWrite                           0x00002556   Section        0  gpio.o(i.GPIOPinWrite)
    i.I2C0_ReadByte                          0x0000255c   Section        0  main.o(i.I2C0_ReadByte)
    i.I2C0_WriteByte                         0x000025d8   Section        0  main.o(i.I2C0_WriteByte)
    i.I2CMasterBusy                          0x0000264c   Section        0  i2c.o(i.I2CMasterBusy)
    i.I2CMasterControl                       0x00002658   Section        0  i2c.o(i.I2CMasterControl)
    i.I2CMasterDataGet                       0x0000265c   Section        0  i2c.o(i.I2CMasterDataGet)
    i.I2CMasterDataPut                       0x00002660   Section        0  i2c.o(i.I2CMasterDataPut)
    i.I2CMasterEnable                        0x00002664   Section        0  i2c.o(i.I2CMasterEnable)
    i.I2CMasterErr                           0x0000266e   Section        0  i2c.o(i.I2CMasterErr)
    i.I2CMasterInitExpClk                    0x00002688   Section        0  i2c.o(i.I2CMasterInitExpClk)
    i.I2CMasterSlaveAddrSet                  0x000026dc   Section        0  i2c.o(i.I2CMasterSlaveAddrSet)
    i.IntEnable                              0x000026e4   Section        0  interrupt.o(i.IntEnable)
    i.IntMasterEnable                        0x00002748   Section        0  interrupt.o(i.IntMasterEnable)
    i.Keys_CycleFunc                         0x00002758   Section        0  main.o(i.Keys_CycleFunc)
    Keys_CycleFunc                           0x00002759   Thumb Code    68  main.o(i.Keys_CycleFunc)
    i.Keys_Dispatch                          0x000027a0   Section        0  main.o(i.Keys_Dispatch)
    Keys_Dispatch                            0x000027a1   Thumb Code   338  main.o(i.Keys_Dispatch)
    i.Keys_EnterEdit                         0x00002954   Section        0  main.o(i.Keys_EnterEdit)
    Keys_EnterEdit                           0x00002955   Thumb Code    34  main.o(i.Keys_EnterEdit)
    i.Keys_ExitEditNoSave                    0x00002988   Section        0  main.o(i.Keys_ExitEditNoSave)
    i.Keys_GetEditDisplay                    0x000029ac   Section        0  main.o(i.Keys_GetEditDisplay)
    i.Keys_GetEditState                      0x00002a3c   Section        0  main.o(i.Keys_GetEditState)
    i.Keys_GetEvent                          0x00002a48   Section        0  main.o(i.Keys_GetEvent)
    i.Keys_GetFieldMax                       0x00002aa4   Section        0  main.o(i.Keys_GetFieldMax)
    Keys_GetFieldMax                         0x00002aa5   Thumb Code   152  main.o(i.Keys_GetFieldMax)
    i.Keys_GetFieldMin                       0x00002b48   Section        0  main.o(i.Keys_GetFieldMin)
    Keys_GetFieldMin                         0x00002b49   Thumb Code    54  main.o(i.Keys_GetFieldMin)
    i.Keys_GetKeyName                        0x00002b88   Section        0  main.o(i.Keys_GetKeyName)
    i.Keys_IncrementField                    0x00002ba8   Section        0  main.o(i.Keys_IncrementField)
    Keys_IncrementField                      0x00002ba9   Thumb Code   180  main.o(i.Keys_IncrementField)
    i.Keys_Init                              0x00002c6c   Section        0  main.o(i.Keys_Init)
    i.Keys_LoadEditTemp                      0x00002cd4   Section        0  main.o(i.Keys_LoadEditTemp)
    Keys_LoadEditTemp                        0x00002cd5   Thumb Code    74  main.o(i.Keys_LoadEditTemp)
    i.Keys_NextField                         0x00002d34   Section        0  main.o(i.Keys_NextField)
    Keys_NextField                           0x00002d35   Thumb Code    64  main.o(i.Keys_NextField)
    i.Keys_ReadRaw                           0x00002d7c   Section        0  main.o(i.Keys_ReadRaw)
    Keys_ReadRaw                             0x00002d7d   Thumb Code   104  main.o(i.Keys_ReadRaw)
    i.Keys_SaveEdit                          0x00002dec   Section        0  main.o(i.Keys_SaveEdit)
    Keys_SaveEdit                            0x00002ded   Thumb Code    68  main.o(i.Keys_SaveEdit)
    i.Keys_Scan10ms                          0x00002e44   Section        0  main.o(i.Keys_Scan10ms)
    i.Keys_Simulate                          0x00002fac   Section        0  main.o(i.Keys_Simulate)
    i.LED_Heartbeat                          0x00002fc0   Section        0  main.o(i.LED_Heartbeat)
    i.LED_Init                               0x00002ffc   Section        0  main.o(i.LED_Init)
    i.LED_RXFlash                            0x0000302c   Section        0  main.o(i.LED_RXFlash)
    i.LED_Set                                0x00003054   Section        0  main.o(i.LED_Set)
    i.LED_TXFlash                            0x00003084   Section        0  main.o(i.LED_TXFlash)
    i.LED_UpdateFlashTimeout                 0x000030ac   Section        0  main.o(i.LED_UpdateFlashTimeout)
    i.MatchAbbrev                            0x00003108   Section        0  main.o(i.MatchAbbrev)
    MatchAbbrev                              0x00003109   Thumb Code   136  main.o(i.MatchAbbrev)
    i.NextToken                              0x00003190   Section        0  main.o(i.NextToken)
    NextToken                                0x00003191   Thumb Code    62  main.o(i.NextToken)
    i.ParseHex2                              0x000031ce   Section        0  main.o(i.ParseHex2)
    ParseHex2                                0x000031cf   Thumb Code   118  main.o(i.ParseHex2)
    i.Protocol_CharReceived                  0x00003244   Section        0  main.o(i.Protocol_CharReceived)
    i.Protocol_Init                          0x00003290   Section        0  main.o(i.Protocol_Init)
    i.Protocol_ParseLine                     0x000032dc   Section        0  main.o(i.Protocol_ParseLine)
    Protocol_ParseLine                       0x000032dd   Thumb Code   512  main.o(i.Protocol_ParseLine)
    i.Protocol_Process                       0x0000353c   Section        0  main.o(i.Protocol_Process)
    i.Protocol_SendOKData                    0x00003630   Section        0  main.o(i.Protocol_SendOKData)
    Protocol_SendOKData                      0x00003631   Thumb Code   144  main.o(i.Protocol_SendOKData)
    i.Protocol_SendResponse                  0x000036c4   Section        0  main.o(i.Protocol_SendResponse)
    Protocol_SendResponse                    0x000036c5   Thumb Code    26  main.o(i.Protocol_SendResponse)
    i.S800_GPIO_Init                         0x000036e0   Section        0  main.o(i.S800_GPIO_Init)
    S800_GPIO_Init                           0x000036e1   Thumb Code    42  main.o(i.S800_GPIO_Init)
    i.S800_I2C0_Init                         0x00003714   Section        0  main.o(i.S800_I2C0_Init)
    S800_I2C0_Init                           0x00003715   Thumb Code   146  main.o(i.S800_I2C0_Init)
    i.S800_UART_Init                         0x000037c4   Section        0  main.o(i.S800_UART_Init)
    S800_UART_Init                           0x000037c5   Thumb Code    92  main.o(i.S800_UART_Init)
    i.SkipSpaces                             0x00003830   Section        0  main.o(i.SkipSpaces)
    SkipSpaces                               0x00003831   Thumb Code    18  main.o(i.SkipSpaces)
    i.SysCtlClockFreqSet                     0x00003844   Section        0  sysctl.o(i.SysCtlClockFreqSet)
    i.SysCtlPeripheralEnable                 0x00003b28   Section        0  sysctl.o(i.SysCtlPeripheralEnable)
    i.SysCtlPeripheralReady                  0x00003b50   Section        0  sysctl.o(i.SysCtlPeripheralReady)
    i.SysTickEnable                          0x00003b7c   Section        0  systick.o(i.SysTickEnable)
    i.SysTickIntEnable                       0x00003b8a   Section        0  systick.o(i.SysTickIntEnable)
    i.SysTickPeriodSet                       0x00003b98   Section        0  systick.o(i.SysTickPeriodSet)
    i.SysTick_Handler                        0x00003ba4   Section        0  main.o(i.SysTick_Handler)
    i.SystemInit                             0x00003c28   Section        0  system_tm4c129.o(i.SystemInit)
    i.System_Init                            0x00003c48   Section        0  main.o(i.System_Init)
    System_Init                              0x00003c49   Thumb Code   172  main.o(i.System_Init)
    i.TIMER0A_Handler                        0x00003d28   Section        0  main.o(i.TIMER0A_Handler)
    i.TimerConfigure                         0x00003d68   Section        0  timer.o(i.TimerConfigure)
    i.TimerDisable                           0x00003dc8   Section        0  timer.o(i.TimerDisable)
    i.TimerEnable                            0x00003dd8   Section        0  timer.o(i.TimerEnable)
    i.TimerIntClear                          0x00003de6   Section        0  timer.o(i.TimerIntClear)
    i.TimerIntEnable                         0x00003dea   Section        0  timer.o(i.TimerIntEnable)
    i.TimerLoadSet                           0x00003df2   Section        0  timer.o(i.TimerLoadSet)
    i.UART0_Handler                          0x00003e04   Section        0  main.o(i.UART0_Handler)
    i.UART0_SendChar                         0x00003e3c   Section        0  main.o(i.UART0_SendChar)
    i.UARTCharGetNonBlocking                 0x00003e50   Section        0  uart.o(i.UARTCharGetNonBlocking)
    i.UARTCharPut                            0x00003e60   Section        0  uart.o(i.UARTCharPut)
    i.UARTCharsAvail                         0x00003e6c   Section        0  uart.o(i.UARTCharsAvail)
    i.UARTConfigSetExpClk                    0x00003e76   Section        0  uart.o(i.UARTConfigSetExpClk)
    i.UARTFIFOLevelSet                       0x00003ee4   Section        0  uart.o(i.UARTFIFOLevelSet)
    i.UARTIntClear                           0x00003eea   Section        0  uart.o(i.UARTIntClear)
    i.UARTIntEnable                          0x00003eee   Section        0  uart.o(i.UARTIntEnable)
    i.UARTIntStatus                          0x00003ef6   Section        0  uart.o(i.UARTIntStatus)
    i.UpdateEditDisplay                      0x00003f00   Section        0  main.o(i.UpdateEditDisplay)
    UpdateEditDisplay                        0x00003f01   Thumb Code   358  main.o(i.UpdateEditDisplay)
    i._is_digit                              0x0000407c   Section        0  __printf_wp.o(i._is_digit)
    i.main                                   0x0000408c   Section        0  main.o(i.main)
    locale$$code                             0x00004440   Section       44  lc_ctype_c.o(locale$$code)
    x$fpl$fpinit                             0x0000446c   Section       10  fpinit.o(x$fpl$fpinit)
    $v0                                      0x0000446c   Number         0  fpinit.o(x$fpl$fpinit)
    .constdata                               0x00004476   Section       48  main.o(.constdata)
    month_days                               0x0000449a   Data          12  main.o(.constdata)
    .constdata                               0x000044a8   Section      552  gpio.o(.constdata)
    g_ppui32GPIOIntMapBlizzard               0x000044a8   Data         192  gpio.o(.constdata)
    g_ppui32GPIOIntMapSnowflake              0x00004568   Data         216  gpio.o(.constdata)
    g_pui32GPIOBaseAddrs                     0x00004640   Data         144  gpio.o(.constdata)
    .constdata                               0x000046d0   Section      268  interrupt.o(.constdata)
    g_pui32Priority                          0x000046d0   Data          32  interrupt.o(.constdata)
    g_pui32Regs                              0x000046f0   Data         156  interrupt.o(.constdata)
    g_pui32EnRegs                            0x0000478c   Data          20  interrupt.o(.constdata)
    g_pui32Dii16Regs                         0x000047a0   Data          20  interrupt.o(.constdata)
    g_pui32PendRegs                          0x000047b4   Data          20  interrupt.o(.constdata)
    g_pui32UnpendRegs                        0x000047c8   Data          20  interrupt.o(.constdata)
    .constdata                               0x000047dc   Section      596  sysctl.o(.constdata)
    g_pui32VCOFrequencies                    0x000047dc   Data           8  sysctl.o(.constdata)
    g_pui32Xtals                             0x000047e4   Data         108  sysctl.o(.constdata)
    g_pppui32XTALtoVCO                       0x00004850   Data         432  sysctl.o(.constdata)
    g_sXTALtoMEMTIM                          0x00004a00   Data          48  sysctl.o(.constdata)
    .constdata                               0x00004a30   Section       40  _printf_hex_int.o(.constdata)
    uc_hextab                                0x00004a30   Data          20  _printf_hex_int.o(.constdata)
    lc_hextab                                0x00004a44   Data          20  _printf_hex_int.o(.constdata)
    .constdata                               0x00004a58   Section       17  __printf_flags_ss_wp.o(.constdata)
    maptable                                 0x00004a58   Data          17  __printf_flags_ss_wp.o(.constdata)
    .conststring                             0x00004a6c   Section       72  main.o(.conststring)
    locale$$data                             0x00004ad4   Section      272  lc_ctype_c.o(locale$$data)
    __lcctype_c_name                         0x00004ad8   Data           2  lc_ctype_c.o(locale$$data)
    __lcctype_c_start                        0x00004ae0   Data           0  lc_ctype_c.o(locale$$data)
    __lcctype_c_end                          0x00004be4   Data           0  lc_ctype_c.o(locale$$data)
    .data                                    0x20000000   Section      189  main.o(.data)
    g_boot_phase                             0x2000001c   Data           1  main.o(.data)
    g_boot_timer                             0x2000001e   Data           2  main.o(.data)
    g_key_names                              0x20000064   Data          40  main.o(.data)
    g_key_event_count                        0x2000008c   Data           1  main.o(.data)
    g_edit_temp_time                         0x20000093   Data           7  main.o(.data)
    g_edit_temp_alarm                        0x2000009a   Data           6  main.o(.data)
    g_buzzer_on                              0x200000a0   Data           1  main.o(.data)
    g_buzzer_ringing                         0x200000a1   Data           1  main.o(.data)
    g_buzzer_rhythm_counter                  0x200000a2   Data           1  main.o(.data)
    g_buzzer_ring_duration                   0x200000a4   Data           2  main.o(.data)
    g_rx_flash_timer                         0x200000a7   Data           1  main.o(.data)
    g_tx_flash_timer                         0x200000a8   Data           1  main.o(.data)
    g_heartbeat_phase                        0x200000a9   Data           1  main.o(.data)
    g_ring_head                              0x200000aa   Data           2  main.o(.data)
    g_ring_tail                              0x200000ac   Data           2  main.o(.data)
    g_ring_overflow                          0x200000ae   Data           1  main.o(.data)
    g_line_idx                               0x200000af   Data           1  main.o(.data)
    g_event_head                             0x200000b0   Data           1  main.o(.data)
    g_event_tail                             0x200000b1   Data           1  main.o(.data)
    g_event_count                            0x200000b2   Data           1  main.o(.data)
    g_event_rate_timer                       0x200000b4   Data           2  main.o(.data)
    name_shown                               0x200000b6   Data           1  main.o(.data)
    ver_shown                                0x200000b7   Data           1  main.o(.data)
    drift_cnt                                0x200000b8   Data           2  main.o(.data)
    drift_on                                 0x200000ba   Data           1  main.o(.data)
    blink_timer                              0x200000bb   Data           1  main.o(.data)
    buzz_toggle                              0x200000bc   Data           1  main.o(.data)
    .data                                    0x200000c0   Section        4  system_tm4c129.o(.data)
    .bss                                     0x200000c4   Section     1564  main.o(.bss)
    g_key_raw                                0x200000c4   Data          10  main.o(.bss)
    g_key_state                              0x200000ce   Data          10  main.o(.bss)
    g_key_dcnt                               0x200000d8   Data          10  main.o(.bss)
    g_key_press_time                         0x200000e2   Data          20  main.o(.bss)
    g_key_event                              0x200000f6   Data          10  main.o(.bss)
    g_ring_buf                               0x20000100   Data         256  main.o(.bss)
    g_line_buf                               0x20000200   Data          64  main.o(.bss)
    g_resp_buf                               0x20000240   Data         128  main.o(.bss)
    g_event_queue                            0x200002c0   Data        1056  main.o(.bss)
    .bss                                     0x200006e0   Section       96  libspace.o(.bss)
    HEAP                                     0x20000740   Section        0  startup_tm4c129.o(HEAP)
    STACK                                    0x20000740   Section      512  startup_tm4c129.o(STACK)
    Heap_Mem                                 0x20000740   Data           0  startup_tm4c129.o(HEAP)
    Stack_Mem                                0x20000740   Data         512  startup_tm4c129.o(STACK)
    __initial_sp                             0x20000940   Data           0  startup_tm4c129.o(STACK)

    Global Symbols

    Symbol Name                              Value     Ov Type        Size  Object(Section)

    BuildAttributes$$THM_ISAv4$E$P$D$K$B$S$7EM$VFPi3$EXTD16$VFPS$VFMA$PE$A:L22UL41UL21$X:L11$S22US41US21$IEEE1$IW$USESV6$~STKCKD$USESV7$~SHL$OTIME$ROPI$EBA8$UX$STANDARDLIB$REQ8$PRES8$EABIv2 0x00000000   Number         0  anon$$obj.o ABSOLUTE
    __ARM_use_no_argv                        0x00000000   Number         0  main.o ABSOLUTE
    __Vectors                                0x00000000   Data           4  startup_tm4c129.o(RESET)
    _printf_flags                            0x00000000   Number         0  printf_stubs.o ABSOLUTE
    _printf_return_value                     0x00000000   Number         0  printf_stubs.o ABSOLUTE
    _printf_sizespec                         0x00000000   Number         0  printf_stubs.o ABSOLUTE
    _printf_widthprec                        0x00000000   Number         0  printf_stubs.o ABSOLUTE
    __ARM_exceptions_init                     - Undefined Weak Reference
    __alloca_initialize                       - Undefined Weak Reference
    __arm_preinit_                            - Undefined Weak Reference
    __cpp_initialize__aeabi_                  - Undefined Weak Reference
    __cxa_finalize                            - Undefined Weak Reference
    __sigvec_lookup                           - Undefined Weak Reference
    _atexit_init                              - Undefined Weak Reference
    _call_atexit_fns                          - Undefined Weak Reference
    _clock_init                               - Undefined Weak Reference
    _fp_trap_init                             - Undefined Weak Reference
    _fp_trap_shutdown                         - Undefined Weak Reference
    _get_lc_collate                           - Undefined Weak Reference
    _get_lc_monetary                          - Undefined Weak Reference
    _get_lc_numeric                           - Undefined Weak Reference
    _get_lc_time                              - Undefined Weak Reference
    _getenv_init                              - Undefined Weak Reference
    _handle_redirection                       - Undefined Weak Reference
    _init_alloc                               - Undefined Weak Reference
    _init_user_alloc                          - Undefined Weak Reference
    _initio                                   - Undefined Weak Reference
    _printf_mbtowc                            - Undefined Weak Reference
    _printf_truncate_signed                   - Undefined Weak Reference
    _printf_truncate_unsigned                 - Undefined Weak Reference
    _rand_init                                - Undefined Weak Reference
    _signal_finish                            - Undefined Weak Reference
    _signal_init                              - Undefined Weak Reference
    _terminate_alloc                          - Undefined Weak Reference
    _terminate_user_alloc                     - Undefined Weak Reference
    _terminateio                              - Undefined Weak Reference
    __Vectors_End                            0x00000200   Data           0  startup_tm4c129.o(RESET)
    __Vectors_Size                           0x00000200   Number         0  startup_tm4c129.o ABSOLUTE
    __main                                   0x00000201   Thumb Code     8  __main.o(!!!main)
    __scatterload                            0x00000209   Thumb Code     0  __scatter.o(!!!scatter)
    __scatterload_rt2                        0x00000209   Thumb Code    44  __scatter.o(!!!scatter)
    __scatterload_rt2_thumb_only             0x00000209   Thumb Code     0  __scatter.o(!!!scatter)
    __scatterload_null                       0x00000217   Thumb Code     0  __scatter.o(!!!scatter)
    __scatterload_copy                       0x0000023d   Thumb Code    26  __scatter_copy.o(!!handler_copy)
    __scatterload_zeroinit                   0x00000259   Thumb Code    28  __scatter_zi.o(!!handler_zi)
    _printf_d                                0x00000275   Thumb Code     0  _printf_d.o(.ARM.Collect$$_printf_percent$$00000009)
    _printf_percent                          0x00000275   Thumb Code     0  _printf_percent.o(.ARM.Collect$$_printf_percent$$00000000)
    _printf_u                                0x0000027b   Thumb Code     0  _printf_u.o(.ARM.Collect$$_printf_percent$$0000000A)
    _printf_x                                0x00000281   Thumb Code     0  _printf_x.o(.ARM.Collect$$_printf_percent$$0000000C)
    _printf_s                                0x00000287   Thumb Code     0  _printf_s.o(.ARM.Collect$$_printf_percent$$00000014)
    _printf_percent_end                      0x0000028d   Thumb Code     0  _printf_percent_end.o(.ARM.Collect$$_printf_percent$$00000017)
    __rt_lib_init                            0x00000291   Thumb Code     0  libinit.o(.ARM.Collect$$libinit$$00000000)
    __rt_lib_init_fp_1                       0x00000293   Thumb Code     0  libinit2.o(.ARM.Collect$$libinit$$00000001)
    __rt_lib_init_heap_1                     0x00000297   Thumb Code     0  libinit2.o(.ARM.Collect$$libinit$$0000000A)
    __rt_lib_init_lc_common                  0x00000297   Thumb Code     0  libinit2.o(.ARM.Collect$$libinit$$0000000F)
    __rt_lib_init_preinit_1                  0x00000297   Thumb Code     0  libinit2.o(.ARM.Collect$$libinit$$00000004)
    __rt_lib_init_rand_1                     0x00000297   Thumb Code     0  libinit2.o(.ARM.Collect$$libinit$$0000000E)
    __rt_lib_init_user_alloc_1               0x00000297   Thumb Code     0  libinit2.o(.ARM.Collect$$libinit$$0000000C)
    __rt_lib_init_lc_collate_1               0x0000029d   Thumb Code     0  libinit2.o(.ARM.Collect$$libinit$$00000011)
    __rt_lib_init_lc_ctype_2                 0x0000029d   Thumb Code     0  libinit2.o(.ARM.Collect$$libinit$$00000012)
    __rt_lib_init_alloca_1                   0x000002a9   Thumb Code     0  libinit2.o(.ARM.Collect$$libinit$$0000002E)
    __rt_lib_init_argv_1                     0x000002a9   Thumb Code     0  libinit2.o(.ARM.Collect$$libinit$$0000002C)
    __rt_lib_init_atexit_1                   0x000002a9   Thumb Code     0  libinit2.o(.ARM.Collect$$libinit$$0000001B)
    __rt_lib_init_clock_1                    0x000002a9   Thumb Code     0  libinit2.o(.ARM.Collect$$libinit$$00000021)
    __rt_lib_init_cpp_1                      0x000002a9   Thumb Code     0  libinit2.o(.ARM.Collect$$libinit$$00000032)
    __rt_lib_init_exceptions_1               0x000002a9   Thumb Code     0  libinit2.o(.ARM.Collect$$libinit$$00000030)
    __rt_lib_init_fp_trap_1                  0x000002a9   Thumb Code     0  libinit2.o(.ARM.Collect$$libinit$$0000001F)
    __rt_lib_init_getenv_1                   0x000002a9   Thumb Code     0  libinit2.o(.ARM.Collect$$libinit$$00000023)
    __rt_lib_init_lc_ctype_1                 0x000002a9   Thumb Code     0  libinit2.o(.ARM.Collect$$libinit$$00000013)
    __rt_lib_init_lc_monetary_1              0x000002a9   Thumb Code     0  libinit2.o(.ARM.Collect$$libinit$$00000015)
    __rt_lib_init_lc_numeric_1               0x000002a9   Thumb Code     0  libinit2.o(.ARM.Collect$$libinit$$00000017)
    __rt_lib_init_lc_time_1                  0x000002a9   Thumb Code     0  libinit2.o(.ARM.Collect$$libinit$$00000019)
    __rt_lib_init_return                     0x000002a9   Thumb Code     0  libinit2.o(.ARM.Collect$$libinit$$00000033)
    __rt_lib_init_signal_1                   0x000002a9   Thumb Code     0  libinit2.o(.ARM.Collect$$libinit$$0000001D)
    __rt_lib_init_stdio_1                    0x000002a9   Thumb Code     0  libinit2.o(.ARM.Collect$$libinit$$00000025)
    __rt_lib_shutdown                        0x000002ab   Thumb Code     0  libshutdown.o(.ARM.Collect$$libshutdown$$00000000)
    __rt_lib_shutdown_cpp_1                  0x000002ad   Thumb Code     0  libshutdown2.o(.ARM.Collect$$libshutdown$$00000002)
    __rt_lib_shutdown_fp_trap_1              0x000002ad   Thumb Code     0  libshutdown2.o(.ARM.Collect$$libshutdown$$00000007)
    __rt_lib_shutdown_heap_1                 0x000002ad   Thumb Code     0  libshutdown2.o(.ARM.Collect$$libshutdown$$0000000F)
    __rt_lib_shutdown_return                 0x000002ad   Thumb Code     0  libshutdown2.o(.ARM.Collect$$libshutdown$$00000010)
    __rt_lib_shutdown_signal_1               0x000002ad   Thumb Code     0  libshutdown2.o(.ARM.Collect$$libshutdown$$0000000A)
    __rt_lib_shutdown_stdio_1                0x000002ad   Thumb Code     0  libshutdown2.o(.ARM.Collect$$libshutdown$$00000004)
    __rt_lib_shutdown_user_alloc_1           0x000002ad   Thumb Code     0  libshutdown2.o(.ARM.Collect$$libshutdown$$0000000C)
    __rt_entry                               0x000002af   Thumb Code     0  __rtentry.o(.ARM.Collect$$rtentry$$00000000)
    __rt_entry_presh_1                       0x000002af   Thumb Code     0  __rtentry2.o(.ARM.Collect$$rtentry$$00000002)
    __rt_entry_sh                            0x000002af   Thumb Code     0  __rtentry4.o(.ARM.Collect$$rtentry$$00000004)
    __rt_entry_li                            0x000002b5   Thumb Code     0  __rtentry2.o(.ARM.Collect$$rtentry$$0000000A)
    __rt_entry_postsh_1                      0x000002b5   Thumb Code     0  __rtentry2.o(.ARM.Collect$$rtentry$$00000009)
    __rt_entry_main                          0x000002b9   Thumb Code     0  __rtentry2.o(.ARM.Collect$$rtentry$$0000000D)
    __rt_entry_postli_1                      0x000002b9   Thumb Code     0  __rtentry2.o(.ARM.Collect$$rtentry$$0000000C)
    __rt_exit                                0x000002c1   Thumb Code     0  rtexit.o(.ARM.Collect$$rtexit$$00000000)
    __rt_exit_ls                             0x000002c3   Thumb Code     0  rtexit2.o(.ARM.Collect$$rtexit$$00000003)
    __rt_exit_prels_1                        0x000002c3   Thumb Code     0  rtexit2.o(.ARM.Collect$$rtexit$$00000002)
    __rt_exit_exit                           0x000002c7   Thumb Code     0  rtexit2.o(.ARM.Collect$$rtexit$$00000004)
    CPUcpsid                                 0x000002cd   Thumb Code     8  cpu.o(.emb_text)
    CPUprimask                               0x000002d5   Thumb Code     6  cpu.o(.emb_text)
    CPUcpsie                                 0x000002db   Thumb Code     8  cpu.o(.emb_text)
    CPUwfi                                   0x000002e3   Thumb Code     4  cpu.o(.emb_text)
    CPUbasepriSet                            0x000002e7   Thumb Code     6  cpu.o(.emb_text)
    CPUbasepriGet                            0x000002ed   Thumb Code     6  cpu.o(.emb_text)
    Reset_Handler                            0x000002f5   Thumb Code     8  startup_tm4c129.o(.text)
    NMI_Handler                              0x000002fd   Thumb Code     2  startup_tm4c129.o(.text)
    HardFault_Handler                        0x000002ff   Thumb Code     2  startup_tm4c129.o(.text)
    MemManage_Handler                        0x00000301   Thumb Code     2  startup_tm4c129.o(.text)
    BusFault_Handler                         0x00000303   Thumb Code     2  startup_tm4c129.o(.text)
    UsageFault_Handler                       0x00000305   Thumb Code     2  startup_tm4c129.o(.text)
    SVC_Handler                              0x00000307   Thumb Code     2  startup_tm4c129.o(.text)
    DebugMon_Handler                         0x00000309   Thumb Code     2  startup_tm4c129.o(.text)
    PendSV_Handler                           0x0000030b   Thumb Code     2  startup_tm4c129.o(.text)
    GPIOA_Handler                            0x0000030f   Thumb Code     2  startup_tm4c129.o(.text)
    GPIOB_Handler                            0x00000311   Thumb Code     2  startup_tm4c129.o(.text)
    GPIOC_Handler                            0x00000313   Thumb Code     2  startup_tm4c129.o(.text)
    GPIOD_Handler                            0x00000315   Thumb Code     2  startup_tm4c129.o(.text)
    GPIOE_Handler                            0x00000317   Thumb Code     2  startup_tm4c129.o(.text)
    UART1_Handler                            0x0000031b   Thumb Code     2  startup_tm4c129.o(.text)
    SSI0_Handler                             0x0000031d   Thumb Code     2  startup_tm4c129.o(.text)
    I2C0_Handler                             0x0000031f   Thumb Code     2  startup_tm4c129.o(.text)
    PMW0_FAULT_Handler                       0x00000321   Thumb Code     2  startup_tm4c129.o(.text)
    PWM0_0_Handler                           0x00000323   Thumb Code     2  startup_tm4c129.o(.text)
    PWM0_1_Handler                           0x00000325   Thumb Code     2  startup_tm4c129.o(.text)
    PWM0_2_Handler                           0x00000327   Thumb Code     2  startup_tm4c129.o(.text)
    QEI0_Handler                             0x00000329   Thumb Code     2  startup_tm4c129.o(.text)
    ADC0SS0_Handler                          0x0000032b   Thumb Code     2  startup_tm4c129.o(.text)
    ADC0SS1_Handler                          0x0000032d   Thumb Code     2  startup_tm4c129.o(.text)
    ADC0SS2_Handler                          0x0000032f   Thumb Code     2  startup_tm4c129.o(.text)
    ADC0SS3_Handler                          0x00000331   Thumb Code     2  startup_tm4c129.o(.text)
    WDT0_Handler                             0x00000333   Thumb Code     2  startup_tm4c129.o(.text)
    TIMER0B_Handler                          0x00000337   Thumb Code     2  startup_tm4c129.o(.text)
    TIMER1A_Handler                          0x00000339   Thumb Code     2  startup_tm4c129.o(.text)
    TIMER1B_Handler                          0x0000033b   Thumb Code     2  startup_tm4c129.o(.text)
    TIMER2A_Handler                          0x0000033d   Thumb Code     2  startup_tm4c129.o(.text)
    TIMER2B_Handler                          0x0000033f   Thumb Code     2  startup_tm4c129.o(.text)
    COMP0_Handler                            0x00000341   Thumb Code     2  startup_tm4c129.o(.text)
    COMP1_Handler                            0x00000343   Thumb Code     2  startup_tm4c129.o(.text)
    COMP2_Handler                            0x00000345   Thumb Code     2  startup_tm4c129.o(.text)
    SYSCTL_Handler                           0x00000347   Thumb Code     2  startup_tm4c129.o(.text)
    FLASH_Handler                            0x00000349   Thumb Code     2  startup_tm4c129.o(.text)
    GPIOF_Handler                            0x0000034b   Thumb Code     2  startup_tm4c129.o(.text)
    GPIOG_Handler                            0x0000034d   Thumb Code     2  startup_tm4c129.o(.text)
    GPIOH_Handler                            0x0000034f   Thumb Code     2  startup_tm4c129.o(.text)
    UART2_Handler                            0x00000351   Thumb Code     2  startup_tm4c129.o(.text)
    SSI1_Handler                             0x00000353   Thumb Code     2  startup_tm4c129.o(.text)
    TIMER3A_Handler                          0x00000355   Thumb Code     2  startup_tm4c129.o(.text)
    TIMER3B_Handler                          0x00000357   Thumb Code     2  startup_tm4c129.o(.text)
    I2C1_Handler                             0x00000359   Thumb Code     2  startup_tm4c129.o(.text)
    CAN0_Handler                             0x0000035b   Thumb Code     2  startup_tm4c129.o(.text)
    CAN1_Handler                             0x0000035d   Thumb Code     2  startup_tm4c129.o(.text)
    ETH_Handler                              0x0000035f   Thumb Code     2  startup_tm4c129.o(.text)
    HIB_Handler                              0x00000361   Thumb Code     2  startup_tm4c129.o(.text)
    USB0_Handler                             0x00000363   Thumb Code     2  startup_tm4c129.o(.text)
    PWM0_3_Handler                           0x00000365   Thumb Code     2  startup_tm4c129.o(.text)
    UDMA_Handler                             0x00000367   Thumb Code     2  startup_tm4c129.o(.text)
    UDMAERR_Handler                          0x00000369   Thumb Code     2  startup_tm4c129.o(.text)
    ADC1SS0_Handler                          0x0000036b   Thumb Code     2  startup_tm4c129.o(.text)
    ADC1SS1_Handler                          0x0000036d   Thumb Code     2  startup_tm4c129.o(.text)
    ADC1SS2_Handler                          0x0000036f   Thumb Code     2  startup_tm4c129.o(.text)
    ADC1SS3_Handler                          0x00000371   Thumb Code     2  startup_tm4c129.o(.text)
    EBI0_Handler                             0x00000373   Thumb Code     2  startup_tm4c129.o(.text)
    GPIOJ_Handler                            0x00000375   Thumb Code     2  startup_tm4c129.o(.text)
    GPIOK_Handler                            0x00000377   Thumb Code     2  startup_tm4c129.o(.text)
    GPIOL_Handler                            0x00000379   Thumb Code     2  startup_tm4c129.o(.text)
    SSI2_Handler                             0x0000037b   Thumb Code     2  startup_tm4c129.o(.text)
    SSI3_Handler                             0x0000037d   Thumb Code     2  startup_tm4c129.o(.text)
    UART3_Handler                            0x0000037f   Thumb Code     2  startup_tm4c129.o(.text)
    UART4_Handler                            0x00000381   Thumb Code     2  startup_tm4c129.o(.text)
    UART5_Handler                            0x00000383   Thumb Code     2  startup_tm4c129.o(.text)
    UART6_Handler                            0x00000385   Thumb Code     2  startup_tm4c129.o(.text)
    UART7_Handler                            0x00000387   Thumb Code     2  startup_tm4c129.o(.text)
    I2C2_Handler                             0x00000389   Thumb Code     2  startup_tm4c129.o(.text)
    I2C3_Handler                             0x0000038b   Thumb Code     2  startup_tm4c129.o(.text)
    TIMER4A_Handler                          0x0000038d   Thumb Code     2  startup_tm4c129.o(.text)
    TIMER4B_Handler                          0x0000038f   Thumb Code     2  startup_tm4c129.o(.text)
    TIMER5A_Handler                          0x00000391   Thumb Code     2  startup_tm4c129.o(.text)
    TIMER5B_Handler                          0x00000393   Thumb Code     2  startup_tm4c129.o(.text)
    WTIMER0A_Handler                         0x00000395   Thumb Code     2  startup_tm4c129.o(.text)
    WTIMER0B_Handler                         0x00000397   Thumb Code     2  startup_tm4c129.o(.text)
    WTIMER1A_Handler                         0x00000399   Thumb Code     2  startup_tm4c129.o(.text)
    WTIMER1B_Handler                         0x0000039b   Thumb Code     2  startup_tm4c129.o(.text)
    WTIMER2A_Handler                         0x0000039d   Thumb Code     2  startup_tm4c129.o(.text)
    WTIMER2B_Handler                         0x0000039f   Thumb Code     2  startup_tm4c129.o(.text)
    WTIMER3A_Handler                         0x000003a1   Thumb Code     2  startup_tm4c129.o(.text)
    WTIMER3B_Handler                         0x000003a3   Thumb Code     2  startup_tm4c129.o(.text)
    WTIMER4A_Handler                         0x000003a5   Thumb Code     2  startup_tm4c129.o(.text)
    WTIMER4B_Handler                         0x000003a7   Thumb Code     2  startup_tm4c129.o(.text)
    WTIMER5A_Handler                         0x000003a9   Thumb Code     2  startup_tm4c129.o(.text)
    WTIMER5B_Handler                         0x000003ab   Thumb Code     2  startup_tm4c129.o(.text)
    FPU_Handler                              0x000003ad   Thumb Code     2  startup_tm4c129.o(.text)
    I2C4_Handler                             0x000003af   Thumb Code     2  startup_tm4c129.o(.text)
    I2C5_Handler                             0x000003b1   Thumb Code     2  startup_tm4c129.o(.text)
    GPIOM_Handler                            0x000003b3   Thumb Code     2  startup_tm4c129.o(.text)
    GPION_Handler                            0x000003b5   Thumb Code     2  startup_tm4c129.o(.text)
    TAMPER_Handler                           0x000003b7   Thumb Code     2  startup_tm4c129.o(.text)
    GPIOP0_Handler                           0x000003b9   Thumb Code     2  startup_tm4c129.o(.text)
    GPIOP1_Handler                           0x000003bb   Thumb Code     2  startup_tm4c129.o(.text)
    GPIOP2_Handler                           0x000003bd   Thumb Code     2  startup_tm4c129.o(.text)
    GPIOP3_Handler                           0x000003bf   Thumb Code     2  startup_tm4c129.o(.text)
    GPIOP4_Handler                           0x000003c1   Thumb Code     2  startup_tm4c129.o(.text)
    GPIOP5_Handler                           0x000003c3   Thumb Code     2  startup_tm4c129.o(.text)
    GPIOP6_Handler                           0x000003c5   Thumb Code     2  startup_tm4c129.o(.text)
    GPIOP7_Handler                           0x000003c7   Thumb Code     2  startup_tm4c129.o(.text)
    GPIOQ0_Handler                           0x000003c9   Thumb Code     2  startup_tm4c129.o(.text)
    GPIOQ1_Handler                           0x000003cb   Thumb Code     2  startup_tm4c129.o(.text)
    GPIOQ2_Handler                           0x000003cd   Thumb Code     2  startup_tm4c129.o(.text)
    GPIOQ3_Handler                           0x000003cf   Thumb Code     2  startup_tm4c129.o(.text)
    GPIOQ4_Handler                           0x000003d1   Thumb Code     2  startup_tm4c129.o(.text)
    GPIOQ5_Handler                           0x000003d3   Thumb Code     2  startup_tm4c129.o(.text)
    GPIOQ6_Handler                           0x000003d5   Thumb Code     2  startup_tm4c129.o(.text)
    GPIOQ7_Handler                           0x000003d7   Thumb Code     2  startup_tm4c129.o(.text)
    GPIOR_Handler                            0x000003d9   Thumb Code     2  startup_tm4c129.o(.text)
    GPIOS_Handler                            0x000003db   Thumb Code     2  startup_tm4c129.o(.text)
    SHAMD5_Handler                           0x000003dd   Thumb Code     2  startup_tm4c129.o(.text)
    AES_Handler                              0x000003df   Thumb Code     2  startup_tm4c129.o(.text)
    DES3DES_Handler                          0x000003e1   Thumb Code     2  startup_tm4c129.o(.text)
    LCDCONTROLLER_Handler                    0x000003e3   Thumb Code     2  startup_tm4c129.o(.text)
    TIMER6A_Handler                          0x000003e5   Thumb Code     2  startup_tm4c129.o(.text)
    TIMER6B_Handler                          0x000003e7   Thumb Code     2  startup_tm4c129.o(.text)
    TIMER7A_Handler                          0x000003e9   Thumb Code     2  startup_tm4c129.o(.text)
    TIMER7B_Handler                          0x000003eb   Thumb Code     2  startup_tm4c129.o(.text)
    I2C6_Handler                             0x000003ed   Thumb Code     2  startup_tm4c129.o(.text)
    I2C7_Handler                             0x000003ef   Thumb Code     2  startup_tm4c129.o(.text)
    HIMSCANKEYBOARD_Handler                  0x000003f1   Thumb Code     2  startup_tm4c129.o(.text)
    ONEWIRE_Handler                          0x000003f3   Thumb Code     2  startup_tm4c129.o(.text)
    HIMPS2_Handler                           0x000003f5   Thumb Code     2  startup_tm4c129.o(.text)
    HIMLEDSEQUENCER_Handler                  0x000003f7   Thumb Code     2  startup_tm4c129.o(.text)
    HIMCONSUMERIR_Handler                    0x000003f9   Thumb Code     2  startup_tm4c129.o(.text)
    I2C8_Handler                             0x000003fb   Thumb Code     2  startup_tm4c129.o(.text)
    I2C9_Handler                             0x000003fd   Thumb Code     2  startup_tm4c129.o(.text)
    GPIOT_Handler                            0x000003ff   Thumb Code     2  startup_tm4c129.o(.text)
    __user_initial_stackheap                 0x00000401   Thumb Code     0  startup_tm4c129.o(.text)
    __2sprintf                               0x00000421   Thumb Code    34  noretval__2sprintf.o(.text)
    _printf_pre_padding                      0x00000449   Thumb Code    44  _printf_pad.o(.text)
    _printf_post_padding                     0x00000475   Thumb Code    34  _printf_pad.o(.text)
    _printf_str                              0x00000497   Thumb Code    82  _printf_str.o(.text)
    _printf_int_dec                          0x000004e9   Thumb Code   104  _printf_dec.o(.text)
    _printf_int_hex                          0x00000561   Thumb Code    84  _printf_hex_int.o(.text)
    _printf_longlong_hex                     0x00000561   Thumb Code     0  _printf_hex_int.o(.text)
    __printf                                 0x000005b9   Thumb Code   388  __printf_flags_ss_wp.o(.text)
    atoi                                     0x00000741   Thumb Code    26  atoi.o(.text)
    strtoul                                  0x0000075b   Thumb Code   114  strtoul.o(.text)
    strchr                                   0x000007cd   Thumb Code    20  strchr.o(.text)
    strlen                                   0x000007e1   Thumb Code    62  strlen.o(.text)
    __use_two_region_memory                  0x0000081f   Thumb Code     2  heapauxi.o(.text)
    __rt_heap_escrow$2region                 0x00000821   Thumb Code     2  heapauxi.o(.text)
    __rt_heap_expand$2region                 0x00000823   Thumb Code     2  heapauxi.o(.text)
    __rt_ctype_table                         0x00000825   Thumb Code    16  rt_ctype_table.o(.text)
    __aeabi_errno_addr                       0x00000835   Thumb Code     8  rt_errno_addr_intlibspace.o(.text)
    __errno$intlibspace                      0x00000835   Thumb Code     0  rt_errno_addr_intlibspace.o(.text)
    __rt_errno_addr$intlibspace              0x00000835   Thumb Code     0  rt_errno_addr_intlibspace.o(.text)
    _printf_int_common                       0x0000083d   Thumb Code   178  _printf_intcommon.o(.text)
    _printf_char_common                      0x000008fb   Thumb Code    32  _printf_char_common.o(.text)
    _sputc                                   0x00000921   Thumb Code    10  _sputc.o(.text)
    _printf_cs_common                        0x0000092b   Thumb Code    20  _printf_char.o(.text)
    _printf_char                             0x0000093f   Thumb Code    16  _printf_char.o(.text)
    _printf_string                           0x0000094f   Thumb Code     8  _printf_char.o(.text)
    _strtoul                                 0x00000957   Thumb Code   158  _strtoul.o(.text)
    strtol                                   0x000009f5   Thumb Code   112  strtol.o(.text)
    __user_libspace                          0x00000a65   Thumb Code     8  libspace.o(.text)
    __user_perproc_libspace                  0x00000a65   Thumb Code     0  libspace.o(.text)
    __user_perthread_libspace                0x00000a65   Thumb Code     0  libspace.o(.text)
    __rt_locale                              0x00000a6d   Thumb Code     8  rt_locale_intlibspace.o(.text)
    _chval                                   0x00000a75   Thumb Code    28  _chval.o(.text)
    __user_setup_stackheap                   0x00000a91   Thumb Code    74  sys_stackheap_outer.o(.text)
    exit                                     0x00000adb   Thumb Code    18  exit.o(.text)
    strcmp                                   0x00000aed   Thumb Code   128  strcmpv7m.o(.text)
    _sys_exit                                0x00000b6d   Thumb Code     8  sys_exit.o(.text)
    __I$use$semihosting                      0x00000b79   Thumb Code     0  use_no_semi.o(.text)
    __use_no_semihosting_swi                 0x00000b79   Thumb Code     2  use_no_semi.o(.text)
    __semihosting_library_function           0x00000b7b   Thumb Code     0  indicate_semi.o(.text)
    Alarm_Check                              0x00000b7d   Thumb Code    82  main.o(i.Alarm_Check)
    Alarm_Init                               0x00000bd5   Thumb Code    20  main.o(i.Alarm_Init)
    Alarm_IsRinging                          0x00000bed   Thumb Code     6  main.o(i.Alarm_IsRinging)
    Alarm_Stop                               0x00000bf9   Thumb Code     8  main.o(i.Alarm_Stop)
    Buzzer_Init                              0x00000f75   Thumb Code   110  main.o(i.Buzzer_Init)
    Buzzer_IsOn                              0x00001005   Thumb Code     6  main.o(i.Buzzer_IsOn)
    Buzzer_Off                               0x00001011   Thumb Code    28  main.o(i.Buzzer_Off)
    Buzzer_On                                0x00001039   Thumb Code    18  main.o(i.Buzzer_On)
    Buzzer_RhythmHandler                     0x00001055   Thumb Code    96  main.o(i.Buzzer_RhythmHandler)
    Buzzer_StartRing                         0x000010c5   Thumb Code    22  main.o(i.Buzzer_StartRing)
    Buzzer_StopRing                          0x000010ed   Thumb Code    22  main.o(i.Buzzer_StopRing)
    Clock_DaysInMonth                        0x0000116d   Thumb Code    42  main.o(i.Clock_DaysInMonth)
    Clock_Init                               0x0000119d   Thumb Code    52  main.o(i.Clock_Init)
    Clock_IsLeapYear                         0x000011d5   Thumb Code    62  main.o(i.Clock_IsLeapYear)
    Clock_Tick                               0x00001215   Thumb Code   182  main.o(i.Clock_Tick)
    Display_FillFromBuffer                   0x00001b35   Thumb Code   300  main.o(i.Display_FillFromBuffer)
    Display_FlowAdvance                      0x00001c79   Thumb Code   102  main.o(i.Display_FlowAdvance)
    Display_GetSegCode                       0x00001cf5   Thumb Code    92  main.o(i.Display_GetSegCode)
    Display_Init                             0x00001d59   Thumb Code   100  main.o(i.Display_Init)
    Display_Scan                             0x00001ded   Thumb Code   104  main.o(i.Display_Scan)
    Display_SetBuffer                        0x00001e65   Thumb Code    58  main.o(i.Display_SetBuffer)
    Display_SetFormat                        0x00001ead   Thumb Code    34  main.o(i.Display_SetFormat)
    Display_SetMode                          0x00001ed9   Thumb Code    20  main.o(i.Display_SetMode)
    Display_SetNight                         0x00001ef5   Thumb Code     6  main.o(i.Display_SetNight)
    Display_UpdateFromClock                  0x00001f01   Thumb Code   186  main.o(i.Display_UpdateFromClock)
    Events_1HzHandler                        0x00001fe9   Thumb Code    46  main.o(i.Events_1HzHandler)
    Events_HasPending                        0x000020cd   Thumb Code    16  main.o(i.Events_HasPending)
    Events_Init                              0x000020e1   Thumb Code    68  main.o(i.Events_Init)
    Events_ReportAlarm                       0x00002139   Thumb Code    22  main.o(i.Events_ReportAlarm)
    Events_ReportDisp                        0x00002175   Thumb Code    68  main.o(i.Events_ReportDisp)
    Events_ReportKey                         0x000021cd   Thumb Code    34  main.o(i.Events_ReportKey)
    Events_ReportLED                         0x00002201   Thumb Code    26  main.o(i.Events_ReportLED)
    Events_ReportMode                        0x0000222d   Thumb Code    24  main.o(i.Events_ReportMode)
    Events_SendNext                          0x00002269   Thumb Code   168  main.o(i.Events_SendNext)
    GPIODirModeSet                           0x00002321   Thumb Code    40  gpio.o(i.GPIODirModeSet)
    GPIOPadConfigSet                         0x00002349   Thumb Code   312  gpio.o(i.GPIOPadConfigSet)
    GPIOPinConfigure                         0x00002481   Thumb Code    60  gpio.o(i.GPIOPinConfigure)
    GPIOPinRead                              0x000024c5   Thumb Code     6  gpio.o(i.GPIOPinRead)
    GPIOPinTypeGPIOInput                     0x000024cb   Thumb Code    28  gpio.o(i.GPIOPinTypeGPIOInput)
    GPIOPinTypeGPIOOutput                    0x000024e7   Thumb Code    28  gpio.o(i.GPIOPinTypeGPIOOutput)
    GPIOPinTypeI2C                           0x00002503   Thumb Code    28  gpio.o(i.GPIOPinTypeI2C)
    GPIOPinTypeI2CSCL                        0x0000251f   Thumb Code    28  gpio.o(i.GPIOPinTypeI2CSCL)
    GPIOPinTypeUART                          0x0000253b   Thumb Code    28  gpio.o(i.GPIOPinTypeUART)
    GPIOPinWrite                             0x00002557   Thumb Code     6  gpio.o(i.GPIOPinWrite)
    I2C0_ReadByte                            0x0000255d   Thumb Code   118  main.o(i.I2C0_ReadByte)
    I2C0_WriteByte                           0x000025d9   Thumb Code   110  main.o(i.I2C0_WriteByte)
    I2CMasterBusy                            0x0000264d   Thumb Code    12  i2c.o(i.I2CMasterBusy)
    I2CMasterControl                         0x00002659   Thumb Code     4  i2c.o(i.I2CMasterControl)
    I2CMasterDataGet                         0x0000265d   Thumb Code     4  i2c.o(i.I2CMasterDataGet)
    I2CMasterDataPut                         0x00002661   Thumb Code     4  i2c.o(i.I2CMasterDataPut)
    I2CMasterEnable                          0x00002665   Thumb Code    10  i2c.o(i.I2CMasterEnable)
    I2CMasterErr                             0x0000266f   Thumb Code    24  i2c.o(i.I2CMasterErr)
    I2CMasterInitExpClk                      0x00002689   Thumb Code    72  i2c.o(i.I2CMasterInitExpClk)
    I2CMasterSlaveAddrSet                    0x000026dd   Thumb Code     8  i2c.o(i.I2CMasterSlaveAddrSet)
    IntEnable                                0x000026e5   Thumb Code    92  interrupt.o(i.IntEnable)
    IntMasterEnable                          0x00002749   Thumb Code    14  interrupt.o(i.IntMasterEnable)
    Keys_ExitEditNoSave                      0x00002989   Thumb Code    20  main.o(i.Keys_ExitEditNoSave)
    Keys_GetEditDisplay                      0x000029ad   Thumb Code   116  main.o(i.Keys_GetEditDisplay)
    Keys_GetEditState                        0x00002a3d   Thumb Code     6  main.o(i.Keys_GetEditState)
    Keys_GetEvent                            0x00002a49   Thumb Code    82  main.o(i.Keys_GetEvent)
    Keys_GetKeyName                          0x00002b89   Thumb Code    18  main.o(i.Keys_GetKeyName)
    Keys_Init                                0x00002c6d   Thumb Code    62  main.o(i.Keys_Init)
    Keys_Scan10ms                            0x00002e45   Thumb Code   318  main.o(i.Keys_Scan10ms)
    Keys_Simulate                            0x00002fad   Thumb Code    18  main.o(i.Keys_Simulate)
    LED_Heartbeat                            0x00002fc1   Thumb Code    50  main.o(i.LED_Heartbeat)
    LED_Init                                 0x00002ffd   Thumb Code    32  main.o(i.LED_Init)
    LED_RXFlash                              0x0000302d   Thumb Code    30  main.o(i.LED_RXFlash)
    LED_Set                                  0x00003055   Thumb Code    44  main.o(i.LED_Set)
    LED_TXFlash                              0x00003085   Thumb Code    30  main.o(i.LED_TXFlash)
    LED_UpdateFlashTimeout                   0x000030ad   Thumb Code    80  main.o(i.LED_UpdateFlashTimeout)
    Protocol_CharReceived                    0x00003245   Thumb Code    58  main.o(i.Protocol_CharReceived)
    Protocol_Init                            0x00003291   Thumb Code    46  main.o(i.Protocol_Init)
    Protocol_Process                         0x0000353d   Thumb Code   210  main.o(i.Protocol_Process)
    SysCtlClockFreqSet                       0x00003845   Thumb Code   700  sysctl.o(i.SysCtlClockFreqSet)
    SysCtlPeripheralEnable                   0x00003b29   Thumb Code    36  sysctl.o(i.SysCtlPeripheralEnable)
    SysCtlPeripheralReady                    0x00003b51   Thumb Code    40  sysctl.o(i.SysCtlPeripheralReady)
    SysTickEnable                            0x00003b7d   Thumb Code    14  systick.o(i.SysTickEnable)
    SysTickIntEnable                         0x00003b8b   Thumb Code    14  systick.o(i.SysTickIntEnable)
    SysTickPeriodSet                         0x00003b99   Thumb Code    10  systick.o(i.SysTickPeriodSet)
    SysTick_Handler                          0x00003ba5   Thumb Code   104  main.o(i.SysTick_Handler)
    SystemInit                               0x00003c29   Thumb Code    20  system_tm4c129.o(i.SystemInit)
    TIMER0A_Handler                          0x00003d29   Thumb Code    50  main.o(i.TIMER0A_Handler)
    TimerConfigure                           0x00003d69   Thumb Code    88  timer.o(i.TimerConfigure)
    TimerDisable                             0x00003dc9   Thumb Code    16  timer.o(i.TimerDisable)
    TimerEnable                              0x00003dd9   Thumb Code    14  timer.o(i.TimerEnable)
    TimerIntClear                            0x00003de7   Thumb Code     4  timer.o(i.TimerIntClear)
    TimerIntEnable                           0x00003deb   Thumb Code     8  timer.o(i.TimerIntEnable)
    TimerLoadSet                             0x00003df3   Thumb Code    18  timer.o(i.TimerLoadSet)
    UART0_Handler                            0x00003e05   Thumb Code    52  main.o(i.UART0_Handler)
    UART0_SendChar                           0x00003e3d   Thumb Code    14  main.o(i.UART0_SendChar)
    UARTCharGetNonBlocking                   0x00003e51   Thumb Code    16  uart.o(i.UARTCharGetNonBlocking)
    UARTCharPut                              0x00003e61   Thumb Code    12  uart.o(i.UARTCharPut)
    UARTCharsAvail                           0x00003e6d   Thumb Code    10  uart.o(i.UARTCharsAvail)
    UARTConfigSetExpClk                      0x00003e77   Thumb Code   110  uart.o(i.UARTConfigSetExpClk)
    UARTFIFOLevelSet                         0x00003ee5   Thumb Code     6  uart.o(i.UARTFIFOLevelSet)
    UARTIntClear                             0x00003eeb   Thumb Code     4  uart.o(i.UARTIntClear)
    UARTIntEnable                            0x00003eef   Thumb Code     8  uart.o(i.UARTIntEnable)
    UARTIntStatus                            0x00003ef7   Thumb Code    10  uart.o(i.UARTIntStatus)
    _is_digit                                0x0000407d   Thumb Code    14  __printf_wp.o(i._is_digit)
    main                                     0x0000408d   Thumb Code   856  main.o(i.main)
    _get_lc_ctype                            0x00004441   Thumb Code    44  lc_ctype_c.o(locale$$code)
    _fp_init                                 0x0000446d   Thumb Code    10  fpinit.o(x$fpl$fpinit)
    __fplib_config_fpu_vfp                   0x00004475   Thumb Code     0  fpinit.o(x$fpl$fpinit)
    __fplib_config_pureend_doubles           0x00004475   Thumb Code     0  fpinit.o(x$fpl$fpinit)
    g_seg_table_num                          0x00004476   Data          10  main.o(.constdata)
    g_seg_table_alpha                        0x00004480   Data          26  main.o(.constdata)
    Region$$Table$$Base                      0x00004ab4   Number         0  anon$$obj.o(Region$$Table)
    Region$$Table$$Limit                     0x00004ad4   Number         0  anon$$obj.o(Region$$Table)
    __ctype                                  0x00004ae1   Data           0  lc_ctype_c.o(locale$$data)
    g_ui32SysClock                           0x20000000   Data           4  main.o(.data)
    g_flag_1ms                               0x20000004   Data           1  main.o(.data)
    g_flag_10ms                              0x20000005   Data           1  main.o(.data)
    g_cnt_10ms                               0x20000006   Data           2  main.o(.data)
    g_flag_100ms                             0x20000008   Data           1  main.o(.data)
    g_cnt_100ms                              0x20000009   Data           1  main.o(.data)
    g_flag_1000ms                            0x2000000a   Data           1  main.o(.data)
    g_cnt_1000ms                             0x2000000b   Data           1  main.o(.data)
    g_uptime_seconds                         0x2000000c   Data           4  main.o(.data)
    g_beep_timeout                           0x20000010   Data           2  main.o(.data)
    g_led_user_lock                          0x20000012   Data           2  main.o(.data)
    g_ntp_state                              0x20000014   Data           1  main.o(.data)
    g_ntp_last_sync                          0x20000018   Data           4  main.o(.data)
    g_clock                                  0x20000020   Data           7  main.o(.data)
    g_alarm                                  0x20000027   Data           6  main.o(.data)
    g_disp_buffer                            0x2000002d   Data          32  main.o(.data)
    g_disp_mode                              0x2000004d   Data           1  main.o(.data)
    g_disp_format                            0x2000004e   Data           1  main.o(.data)
    g_disp_on                                0x2000004f   Data           1  main.o(.data)
    g_disp_night                             0x20000050   Data           1  main.o(.data)
    g_dp_mask                                0x20000051   Data           1  main.o(.data)
    g_disp_chars                             0x20000052   Data           8  main.o(.data)
    g_flow_position                          0x2000005a   Data           2  main.o(.data)
    g_flow_direction                         0x2000005c   Data           1  main.o(.data)
    g_flow_speed                             0x2000005d   Data           1  main.o(.data)
    g_flow_delay                             0x2000005e   Data           2  main.o(.data)
    g_flow_counter                           0x20000060   Data           2  main.o(.data)
    g_edit_state                             0x2000008d   Data           1  main.o(.data)
    g_edit_field                             0x2000008e   Data           1  main.o(.data)
    g_edit_timeout                           0x20000090   Data           2  main.o(.data)
    g_edit_blink                             0x20000092   Data           1  main.o(.data)
    g_led_state                              0x200000a6   Data           1  main.o(.data)
    SystemCoreClock                          0x200000c0   Data           4  system_tm4c129.o(.data)
    __libspace_start                         0x200006e0   Data          96  libspace.o(.bss)
    __temporary_stack_top$libspace           0x20000740   Data           0  libspace.o(.bss)



==============================================================================

Memory Map of the image

  Image Entry point : 0x000002f5

  Load Region LR_1 (Base: 0x00000000, Size: 0x00004ca8, Max: 0xffffffff, ABSOLUTE)

    Execution Region ER_RO (Base: 0x00000000, Size: 0x00004be4, Max: 0xffffffff, ABSOLUTE)

    Base Addr    Size         Type   Attr      Idx    E Section Name        Object

    0x00000000   0x00000200   Data   RO          713    RESET               startup_tm4c129.o
    0x00000200   0x00000008   Code   RO         2582  * !!!main             c_w.l(__main.o)
    0x00000208   0x00000034   Code   RO         2773    !!!scatter          c_w.l(__scatter.o)
    0x0000023c   0x0000001a   Code   RO         2775    !!handler_copy      c_w.l(__scatter_copy.o)
    0x00000256   0x00000002   PAD
    0x00000258   0x0000001c   Code   RO         2777    !!handler_zi        c_w.l(__scatter_zi.o)
    0x00000274   0x00000000   Code   RO         2571    .ARM.Collect$$_printf_percent$$00000000  c_w.l(_printf_percent.o)
    0x00000274   0x00000006   Code   RO         2569    .ARM.Collect$$_printf_percent$$00000009  c_w.l(_printf_d.o)
    0x0000027a   0x00000006   Code   RO         2570    .ARM.Collect$$_printf_percent$$0000000A  c_w.l(_printf_u.o)
    0x00000280   0x00000006   Code   RO         2568    .ARM.Collect$$_printf_percent$$0000000C  c_w.l(_printf_x.o)
    0x00000286   0x00000006   Code   RO         2567    .ARM.Collect$$_printf_percent$$00000014  c_w.l(_printf_s.o)
    0x0000028c   0x00000004   Code   RO         2600    .ARM.Collect$$_printf_percent$$00000017  c_w.l(_printf_percent_end.o)
    0x00000290   0x00000002   Code   RO         2646    .ARM.Collect$$libinit$$00000000  c_w.l(libinit.o)
    0x00000292   0x00000004   Code   RO         2647    .ARM.Collect$$libinit$$00000001  c_w.l(libinit2.o)
    0x00000296   0x00000000   Code   RO         2650    .ARM.Collect$$libinit$$00000004  c_w.l(libinit2.o)
    0x00000296   0x00000000   Code   RO         2653    .ARM.Collect$$libinit$$0000000A  c_w.l(libinit2.o)
    0x00000296   0x00000000   Code   RO         2655    .ARM.Collect$$libinit$$0000000C  c_w.l(libinit2.o)
    0x00000296   0x00000000   Code   RO         2657    .ARM.Collect$$libinit$$0000000E  c_w.l(libinit2.o)
    0x00000296   0x00000006   Code   RO         2658    .ARM.Collect$$libinit$$0000000F  c_w.l(libinit2.o)
    0x0000029c   0x00000000   Code   RO         2660    .ARM.Collect$$libinit$$00000011  c_w.l(libinit2.o)
    0x0000029c   0x0000000c   Code   RO         2661    .ARM.Collect$$libinit$$00000012  c_w.l(libinit2.o)
    0x000002a8   0x00000000   Code   RO         2662    .ARM.Collect$$libinit$$00000013  c_w.l(libinit2.o)
    0x000002a8   0x00000000   Code   RO         2664    .ARM.Collect$$libinit$$00000015  c_w.l(libinit2.o)
    0x000002a8   0x00000000   Code   RO         2666    .ARM.Collect$$libinit$$00000017  c_w.l(libinit2.o)
    0x000002a8   0x00000000   Code   RO         2668    .ARM.Collect$$libinit$$00000019  c_w.l(libinit2.o)
    0x000002a8   0x00000000   Code   RO         2670    .ARM.Collect$$libinit$$0000001B  c_w.l(libinit2.o)
    0x000002a8   0x00000000   Code   RO         2672    .ARM.Collect$$libinit$$0000001D  c_w.l(libinit2.o)
    0x000002a8   0x00000000   Code   RO         2674    .ARM.Collect$$libinit$$0000001F  c_w.l(libinit2.o)
    0x000002a8   0x00000000   Code   RO         2676    .ARM.Collect$$libinit$$00000021  c_w.l(libinit2.o)
    0x000002a8   0x00000000   Code   RO         2678    .ARM.Collect$$libinit$$00000023  c_w.l(libinit2.o)
    0x000002a8   0x00000000   Code   RO         2680    .ARM.Collect$$libinit$$00000025  c_w.l(libinit2.o)
    0x000002a8   0x00000000   Code   RO         2684    .ARM.Collect$$libinit$$0000002C  c_w.l(libinit2.o)
    0x000002a8   0x00000000   Code   RO         2686    .ARM.Collect$$libinit$$0000002E  c_w.l(libinit2.o)
    0x000002a8   0x00000000   Code   RO         2688    .ARM.Collect$$libinit$$00000030  c_w.l(libinit2.o)
    0x000002a8   0x00000000   Code   RO         2690    .ARM.Collect$$libinit$$00000032  c_w.l(libinit2.o)
    0x000002a8   0x00000002   Code   RO         2691    .ARM.Collect$$libinit$$00000033  c_w.l(libinit2.o)
    0x000002aa   0x00000002   Code   RO         2721    .ARM.Collect$$libshutdown$$00000000  c_w.l(libshutdown.o)
    0x000002ac   0x00000000   Code   RO         2732    .ARM.Collect$$libshutdown$$00000002  c_w.l(libshutdown2.o)
    0x000002ac   0x00000000   Code   RO         2734    .ARM.Collect$$libshutdown$$00000004  c_w.l(libshutdown2.o)
    0x000002ac   0x00000000   Code   RO         2737    .ARM.Collect$$libshutdown$$00000007  c_w.l(libshutdown2.o)
    0x000002ac   0x00000000   Code   RO         2740    .ARM.Collect$$libshutdown$$0000000A  c_w.l(libshutdown2.o)
    0x000002ac   0x00000000   Code   RO         2742    .ARM.Collect$$libshutdown$$0000000C  c_w.l(libshutdown2.o)
    0x000002ac   0x00000000   Code   RO         2745    .ARM.Collect$$libshutdown$$0000000F  c_w.l(libshutdown2.o)
    0x000002ac   0x00000002   Code   RO         2746    .ARM.Collect$$libshutdown$$00000010  c_w.l(libshutdown2.o)
    0x000002ae   0x00000000   Code   RO         2584    .ARM.Collect$$rtentry$$00000000  c_w.l(__rtentry.o)
    0x000002ae   0x00000000   Code   RO         2609    .ARM.Collect$$rtentry$$00000002  c_w.l(__rtentry2.o)
    0x000002ae   0x00000006   Code   RO         2621    .ARM.Collect$$rtentry$$00000004  c_w.l(__rtentry4.o)
    0x000002b4   0x00000000   Code   RO         2611    .ARM.Collect$$rtentry$$00000009  c_w.l(__rtentry2.o)
    0x000002b4   0x00000004   Code   RO         2612    .ARM.Collect$$rtentry$$0000000A  c_w.l(__rtentry2.o)
    0x000002b8   0x00000000   Code   RO         2614    .ARM.Collect$$rtentry$$0000000C  c_w.l(__rtentry2.o)
    0x000002b8   0x00000008   Code   RO         2615    .ARM.Collect$$rtentry$$0000000D  c_w.l(__rtentry2.o)
    0x000002c0   0x00000002   Code   RO         2692    .ARM.Collect$$rtexit$$00000000  c_w.l(rtexit.o)
    0x000002c2   0x00000000   Code   RO         2699    .ARM.Collect$$rtexit$$00000002  c_w.l(rtexit2.o)
    0x000002c2   0x00000004   Code   RO         2700    .ARM.Collect$$rtexit$$00000003  c_w.l(rtexit2.o)
    0x000002c6   0x00000006   Code   RO         2701    .ARM.Collect$$rtexit$$00000004  c_w.l(rtexit2.o)
    0x000002cc   0x00000026   Code   RO         2502    .emb_text           driverlib.lib(cpu.o)
    0x000002f2   0x00000002   PAD
    0x000002f4   0x0000012c   Code   RO          714  * .text               startup_tm4c129.o
    0x00000420   0x00000028   Code   RO         2516    .text               c_w.l(noretval__2sprintf.o)
    0x00000448   0x0000004e   Code   RO         2520    .text               c_w.l(_printf_pad.o)
    0x00000496   0x00000052   Code   RO         2522    .text               c_w.l(_printf_str.o)
    0x000004e8   0x00000078   Code   RO         2524    .text               c_w.l(_printf_dec.o)
    0x00000560   0x00000058   Code   RO         2529    .text               c_w.l(_printf_hex_int.o)
    0x000005b8   0x00000188   Code   RO         2564    .text               c_w.l(__printf_flags_ss_wp.o)
    0x00000740   0x0000001a   Code   RO         2572    .text               c_w.l(atoi.o)
    0x0000075a   0x00000072   Code   RO         2574    .text               c_w.l(strtoul.o)
    0x000007cc   0x00000014   Code   RO         2576    .text               c_w.l(strchr.o)
    0x000007e0   0x0000003e   Code   RO         2578    .text               c_w.l(strlen.o)
    0x0000081e   0x00000006   Code   RO         2580    .text               c_w.l(heapauxi.o)
    0x00000824   0x00000010   Code   RO         2585    .text               c_w.l(rt_ctype_table.o)
    0x00000834   0x00000008   Code   RO         2590    .text               c_w.l(rt_errno_addr_intlibspace.o)
    0x0000083c   0x000000b2   Code   RO         2592    .text               c_w.l(_printf_intcommon.o)
    0x000008ee   0x00000002   PAD
    0x000008f0   0x00000030   Code   RO         2594    .text               c_w.l(_printf_char_common.o)
    0x00000920   0x0000000a   Code   RO         2596    .text               c_w.l(_sputc.o)
    0x0000092a   0x0000002c   Code   RO         2598    .text               c_w.l(_printf_char.o)
    0x00000956   0x0000009e   Code   RO         2601    .text               c_w.l(_strtoul.o)
    0x000009f4   0x00000070   Code   RO         2603    .text               c_w.l(strtol.o)
    0x00000a64   0x00000008   Code   RO         2605    .text               c_w.l(libspace.o)
    0x00000a6c   0x00000008   Code   RO         2626    .text               c_w.l(rt_locale_intlibspace.o)
    0x00000a74   0x0000001c   Code   RO         2630    .text               c_w.l(_chval.o)
    0x00000a90   0x0000004a   Code   RO         2635    .text               c_w.l(sys_stackheap_outer.o)
    0x00000ada   0x00000012   Code   RO         2637    .text               c_w.l(exit.o)
    0x00000aec   0x00000080   Code   RO         2639    .text               c_w.l(strcmpv7m.o)
    0x00000b6c   0x0000000c   Code   RO         2711    .text               c_w.l(sys_exit.o)
    0x00000b78   0x00000002   Code   RO         2722    .text               c_w.l(use_no_semi.o)
    0x00000b7a   0x00000000   Code   RO         2724    .text               c_w.l(indicate_semi.o)
    0x00000b7a   0x00000002   PAD
    0x00000b7c   0x00000058   Code   RO            1    i.Alarm_Check       main.o
    0x00000bd4   0x00000018   Code   RO            2    i.Alarm_Init        main.o
    0x00000bec   0x0000000c   Code   RO            3    i.Alarm_IsRinging   main.o
    0x00000bf8   0x0000000c   Code   RO            5    i.Alarm_Stop        main.o
    0x00000c04   0x0000004c   Code   RO            6    i.BootAnimation_Init  main.o
    0x00000c50   0x00000324   Code   RO            7    i.BootAnimation_Run  main.o
    0x00000f74   0x00000090   Code   RO            8    i.Buzzer_Init       main.o
    0x00001004   0x0000000c   Code   RO            9    i.Buzzer_IsOn       main.o
    0x00001010   0x00000028   Code   RO           11    i.Buzzer_Off        main.o
    0x00001038   0x0000001c   Code   RO           12    i.Buzzer_On         main.o
    0x00001054   0x00000070   Code   RO           13    i.Buzzer_RhythmHandler  main.o
    0x000010c4   0x00000028   Code   RO           14    i.Buzzer_StartRing  main.o
    0x000010ec   0x00000024   Code   RO           15    i.Buzzer_StopRing   main.o
    0x00001110   0x0000005a   Code   RO           17    i.Clock_ComputeDOW  main.o
    0x0000116a   0x00000002   PAD
    0x0000116c   0x00000030   Code   RO           18    i.Clock_DaysInMonth  main.o
    0x0000119c   0x00000038   Code   RO           19    i.Clock_Init        main.o
    0x000011d4   0x0000003e   Code   RO           20    i.Clock_IsLeapYear  main.o
    0x00001212   0x00000002   PAD
    0x00001214   0x000000bc   Code   RO           21    i.Clock_Tick        main.o
    0x000012d0   0x00000060   Code   RO           22    i.Cmd_GET_ALARM     main.o
    0x00001330   0x00000044   Code   RO           23    i.Cmd_GET_DATE      main.o
    0x00001374   0x00000044   Code   RO           24    i.Cmd_GET_DISP      main.o
    0x000013b8   0x00000038   Code   RO           25    i.Cmd_GET_FORMAT    main.o
    0x000013f0   0x00000038   Code   RO           26    i.Cmd_GET_TIME      main.o
    0x00001428   0x0000002c   Code   RO           27    i.Cmd_PING          main.o
    0x00001454   0x00000054   Code   RO           28    i.Cmd_RST           main.o
    0x000014a8   0x00000110   Code   RO           29    i.Cmd_SET_ALARM     main.o
    0x000015b8   0x0000005c   Code   RO           30    i.Cmd_SET_BEEP      main.o
    0x00001614   0x00000138   Code   RO           31    i.Cmd_SET_DATE      main.o
    0x0000174c   0x000000f8   Code   RO           32    i.Cmd_SET_DISPLAY   main.o
    0x00001844   0x00000070   Code   RO           33    i.Cmd_SET_FORMAT    main.o
    0x000018b4   0x0000005c   Code   RO           34    i.Cmd_SET_KEY       main.o
    0x00001910   0x0000005c   Code   RO           35    i.Cmd_SET_LED       main.o
    0x0000196c   0x00000088   Code   RO           36    i.Cmd_SET_MODE      main.o
    0x000019f4   0x0000004c   Code   RO           37    i.Cmd_SET_MSG       main.o
    0x00001a40   0x000000f4   Code   RO           38    i.Cmd_SET_TIME      main.o
    0x00001b34   0x00000144   Code   RO           40    i.Display_FillFromBuffer  main.o
    0x00001c78   0x0000007c   Code   RO           41    i.Display_FlowAdvance  main.o
    0x00001cf4   0x00000064   Code   RO           42    i.Display_GetSegCode  main.o
    0x00001d58   0x00000094   Code   RO           43    i.Display_Init      main.o
    0x00001dec   0x00000078   Code   RO           44    i.Display_Scan      main.o
    0x00001e64   0x00000048   Code   RO           45    i.Display_SetBuffer  main.o
    0x00001eac   0x0000002c   Code   RO           46    i.Display_SetFormat  main.o
    0x00001ed8   0x0000001c   Code   RO           47    i.Display_SetMode   main.o
    0x00001ef4   0x0000000c   Code   RO           48    i.Display_SetNight  main.o
    0x00001f00   0x000000e8   Code   RO           49    i.Display_UpdateFromClock  main.o
    0x00001fe8   0x00000040   Code   RO           50    i.Events_1HzHandler  main.o
    0x00002028   0x000000a4   Code   RO           51    i.Events_Enqueue    main.o
    0x000020cc   0x00000014   Code   RO           52    i.Events_HasPending  main.o
    0x000020e0   0x00000058   Code   RO           53    i.Events_Init       main.o
    0x00002138   0x0000003c   Code   RO           54    i.Events_ReportAlarm  main.o
    0x00002174   0x00000058   Code   RO           55    i.Events_ReportDisp  main.o
    0x000021cc   0x00000034   Code   RO           57    i.Events_ReportKey  main.o
    0x00002200   0x0000002c   Code   RO           58    i.Events_ReportLED  main.o
    0x0000222c   0x0000003c   Code   RO           59    i.Events_ReportMode  main.o
    0x00002268   0x000000b8   Code   RO           60    i.Events_SendNext   main.o
    0x00002320   0x00000028   Code   RO          775    i.GPIODirModeSet    driverlib.lib(gpio.o)
    0x00002348   0x00000138   Code   RO          787    i.GPIOPadConfigSet  driverlib.lib(gpio.o)
    0x00002480   0x00000044   Code   RO          788    i.GPIOPinConfigure  driverlib.lib(gpio.o)
    0x000024c4   0x00000006   Code   RO          789    i.GPIOPinRead       driverlib.lib(gpio.o)
    0x000024ca   0x0000001c   Code   RO          798    i.GPIOPinTypeGPIOInput  driverlib.lib(gpio.o)
    0x000024e6   0x0000001c   Code   RO          799    i.GPIOPinTypeGPIOOutput  driverlib.lib(gpio.o)
    0x00002502   0x0000001c   Code   RO          802    i.GPIOPinTypeI2C    driverlib.lib(gpio.o)
    0x0000251e   0x0000001c   Code   RO          803    i.GPIOPinTypeI2CSCL  driverlib.lib(gpio.o)
    0x0000253a   0x0000001c   Code   RO          811    i.GPIOPinTypeUART   driverlib.lib(gpio.o)
    0x00002556   0x00000006   Code   RO          817    i.GPIOPinWrite      driverlib.lib(gpio.o)
    0x0000255c   0x0000007c   Code   RO           61    i.I2C0_ReadByte     main.o
    0x000025d8   0x00000074   Code   RO           62    i.I2C0_WriteByte    main.o
    0x0000264c   0x0000000c   Code   RO         1112    i.I2CMasterBusy     driverlib.lib(i2c.o)
    0x00002658   0x00000004   Code   RO         1113    i.I2CMasterControl  driverlib.lib(i2c.o)
    0x0000265c   0x00000004   Code   RO         1114    i.I2CMasterDataGet  driverlib.lib(i2c.o)
    0x00002660   0x00000004   Code   RO         1115    i.I2CMasterDataPut  driverlib.lib(i2c.o)
    0x00002664   0x0000000a   Code   RO         1117    i.I2CMasterEnable   driverlib.lib(i2c.o)
    0x0000266e   0x00000018   Code   RO         1118    i.I2CMasterErr      driverlib.lib(i2c.o)
    0x00002686   0x00000002   PAD
    0x00002688   0x00000054   Code   RO         1120    i.I2CMasterInitExpClk  driverlib.lib(i2c.o)
    0x000026dc   0x00000008   Code   RO         1130    i.I2CMasterSlaveAddrSet  driverlib.lib(i2c.o)
    0x000026e4   0x00000064   Code   RO         1439    i.IntEnable         driverlib.lib(interrupt.o)
    0x00002748   0x0000000e   Code   RO         1442    i.IntMasterEnable   driverlib.lib(interrupt.o)
    0x00002756   0x00000002   PAD
    0x00002758   0x00000048   Code   RO           63    i.Keys_CycleFunc    main.o
    0x000027a0   0x000001b4   Code   RO           64    i.Keys_Dispatch     main.o
    0x00002954   0x00000034   Code   RO           65    i.Keys_EnterEdit    main.o
    0x00002988   0x00000024   Code   RO           66    i.Keys_ExitEditNoSave  main.o
    0x000029ac   0x00000090   Code   RO           67    i.Keys_GetEditDisplay  main.o
    0x00002a3c   0x0000000c   Code   RO           68    i.Keys_GetEditState  main.o
    0x00002a48   0x0000005c   Code   RO           69    i.Keys_GetEvent     main.o
    0x00002aa4   0x000000a4   Code   RO           70    i.Keys_GetFieldMax  main.o
    0x00002b48   0x00000040   Code   RO           71    i.Keys_GetFieldMin  main.o
    0x00002b88   0x00000020   Code   RO           72    i.Keys_GetKeyName   main.o
    0x00002ba8   0x000000c4   Code   RO           73    i.Keys_IncrementField  main.o
    0x00002c6c   0x00000068   Code   RO           74    i.Keys_Init         main.o
    0x00002cd4   0x00000060   Code   RO           75    i.Keys_LoadEditTemp  main.o
    0x00002d34   0x00000048   Code   RO           76    i.Keys_NextField    main.o
    0x00002d7c   0x00000070   Code   RO           77    i.Keys_ReadRaw      main.o
    0x00002dec   0x00000058   Code   RO           78    i.Keys_SaveEdit     main.o
    0x00002e44   0x00000168   Code   RO           79    i.Keys_Scan10ms     main.o
    0x00002fac   0x00000012   Code   RO           80    i.Keys_Simulate     main.o
    0x00002fbe   0x00000002   PAD
    0x00002fc0   0x0000003c   Code   RO           81    i.LED_Heartbeat     main.o
    0x00002ffc   0x00000030   Code   RO           82    i.LED_Init          main.o
    0x0000302c   0x00000028   Code   RO           83    i.LED_RXFlash       main.o
    0x00003054   0x00000030   Code   RO           84    i.LED_Set           main.o
    0x00003084   0x00000028   Code   RO           85    i.LED_TXFlash       main.o
    0x000030ac   0x0000005c   Code   RO           86    i.LED_UpdateFlashTimeout  main.o
    0x00003108   0x00000088   Code   RO           88    i.MatchAbbrev       main.o
    0x00003190   0x0000003e   Code   RO           89    i.NextToken         main.o
    0x000031ce   0x00000076   Code   RO           90    i.ParseHex2         main.o
    0x00003244   0x0000004c   Code   RO           91    i.Protocol_CharReceived  main.o
    0x00003290   0x0000004c   Code   RO           92    i.Protocol_Init     main.o
    0x000032dc   0x00000260   Code   RO           93    i.Protocol_ParseLine  main.o
    0x0000353c   0x000000f4   Code   RO           94    i.Protocol_Process  main.o
    0x00003630   0x00000094   Code   RO           95    i.Protocol_SendOKData  main.o
    0x000036c4   0x0000001a   Code   RO           96    i.Protocol_SendResponse  main.o
    0x000036de   0x00000002   PAD
    0x000036e0   0x00000034   Code   RO           97    i.S800_GPIO_Init    main.o
    0x00003714   0x000000b0   Code   RO           98    i.S800_I2C0_Init    main.o
    0x000037c4   0x0000006c   Code   RO           99    i.S800_UART_Init    main.o
    0x00003830   0x00000012   Code   RO          100    i.SkipSpaces        main.o
    0x00003842   0x00000002   PAD
    0x00003844   0x000002e4   Code   RO         1556    i.SysCtlClockFreqSet  driverlib.lib(sysctl.o)
    0x00003b28   0x00000028   Code   RO         1588    i.SysCtlPeripheralEnable  driverlib.lib(sysctl.o)
    0x00003b50   0x0000002c   Code   RO         1592    i.SysCtlPeripheralReady  driverlib.lib(sysctl.o)
    0x00003b7c   0x0000000e   Code   RO         1903    i.SysTickEnable     driverlib.lib(systick.o)
    0x00003b8a   0x0000000e   Code   RO         1905    i.SysTickIntEnable  driverlib.lib(systick.o)
    0x00003b98   0x0000000a   Code   RO         1909    i.SysTickPeriodSet  driverlib.lib(systick.o)
    0x00003ba2   0x00000002   PAD
    0x00003ba4   0x00000084   Code   RO          101    i.SysTick_Handler   main.o
    0x00003c28   0x00000020   Code   RO          722    i.SystemInit        system_tm4c129.o
    0x00003c48   0x000000e0   Code   RO          102    i.System_Init       main.o
    0x00003d28   0x00000040   Code   RO          103    i.TIMER0A_Handler   main.o
    0x00003d68   0x00000060   Code   RO         1969    i.TimerConfigure    driverlib.lib(timer.o)
    0x00003dc8   0x00000010   Code   RO         1977    i.TimerDisable      driverlib.lib(timer.o)
    0x00003dd8   0x0000000e   Code   RO         1978    i.TimerEnable       driverlib.lib(timer.o)
    0x00003de6   0x00000004   Code   RO         1979    i.TimerIntClear     driverlib.lib(timer.o)
    0x00003dea   0x00000008   Code   RO         1981    i.TimerIntEnable    driverlib.lib(timer.o)
    0x00003df2   0x00000012   Code   RO         1987    i.TimerLoadSet      driverlib.lib(timer.o)
    0x00003e04   0x00000038   Code   RO          104    i.UART0_Handler     main.o
    0x00003e3c   0x00000014   Code   RO          106    i.UART0_SendChar    main.o
    0x00003e50   0x00000010   Code   RO         2214    i.UARTCharGetNonBlocking  driverlib.lib(uart.o)
    0x00003e60   0x0000000c   Code   RO         2215    i.UARTCharPut       driverlib.lib(uart.o)
    0x00003e6c   0x0000000a   Code   RO         2217    i.UARTCharsAvail    driverlib.lib(uart.o)
    0x00003e76   0x0000006e   Code   RO         2221    i.UARTConfigSetExpClk  driverlib.lib(uart.o)
    0x00003ee4   0x00000006   Code   RO         2231    i.UARTFIFOLevelSet  driverlib.lib(uart.o)
    0x00003eea   0x00000004   Code   RO         2234    i.UARTIntClear      driverlib.lib(uart.o)
    0x00003eee   0x00000008   Code   RO         2236    i.UARTIntEnable     driverlib.lib(uart.o)
    0x00003ef6   0x0000000a   Code   RO         2238    i.UARTIntStatus     driverlib.lib(uart.o)
    0x00003f00   0x0000017c   Code   RO          108    i.UpdateEditDisplay  main.o
    0x0000407c   0x0000000e   Code   RO         2557    i._is_digit         c_w.l(__printf_wp.o)
    0x0000408a   0x00000002   PAD
    0x0000408c   0x000003b4   Code   RO          109    i.main              main.o
    0x00004440   0x0000002c   Code   RO         2633    locale$$code        c_w.l(lc_ctype_c.o)
    0x0000446c   0x0000000a   Code   RO         2696    x$fpl$fpinit        fz_wm.l(fpinit.o)
    0x00004476   0x00000030   Data   RO          111    .constdata          main.o
    0x000044a6   0x00000002   PAD
    0x000044a8   0x00000228   Data   RO          819    .constdata          driverlib.lib(gpio.o)
    0x000046d0   0x0000010c   Data   RO         1455    .constdata          driverlib.lib(interrupt.o)
    0x000047dc   0x00000254   Data   RO         1610    .constdata          driverlib.lib(sysctl.o)
    0x00004a30   0x00000028   Data   RO         2530    .constdata          c_w.l(_printf_hex_int.o)
    0x00004a58   0x00000011   Data   RO         2565    .constdata          c_w.l(__printf_flags_ss_wp.o)
    0x00004a69   0x00000003   PAD
    0x00004a6c   0x00000048   Data   RO          112    .conststring        main.o
    0x00004ab4   0x00000020   Data   RO         2771    Region$$Table       anon$$obj.o
    0x00004ad4   0x00000110   Data   RO         2632    locale$$data        c_w.l(lc_ctype_c.o)


    Execution Region ER_RW (Base: 0x20000000, Size: 0x000000c4, Max: 0xffffffff, ABSOLUTE)

    Base Addr    Size         Type   Attr      Idx    E Section Name        Object

    0x20000000   0x000000bd   Data   RW          113    .data               main.o
    0x200000bd   0x00000003   PAD
    0x200000c0   0x00000004   Data   RW          723    .data               system_tm4c129.o


    Execution Region ER_ZI (Base: 0x200000c4, Size: 0x0000087c, Max: 0xffffffff, ABSOLUTE)

    Base Addr    Size         Type   Attr      Idx    E Section Name        Object

    0x200000c4   0x0000061c   Zero   RW          110    .bss                main.o
    0x200006e0   0x00000060   Zero   RW         2606    .bss                c_w.l(libspace.o)
    0x20000740   0x00000000   Zero   RW          712    HEAP                startup_tm4c129.o
    0x20000740   0x00000200   Zero   RW          711    STACK               startup_tm4c129.o


==============================================================================

Image component sizes


      Code (inc. data)   RO Data    RW Data    ZI Data      Debug   Object Name

     12438       2144        120        189       1564      75887   main.o
       300         22        512          0        512       6096   startup_tm4c129.o
        32         12          0          4          0        835   system_tm4c129.o

    ----------------------------------------------------------------------
     12780       2178        666        196       2076      82818   Object Totals
         0          0         32          0          0          0   (incl. Generated)
        10          0          2          3          0          0   (incl. Padding)

    ----------------------------------------------------------------------

      Code (inc. data)   RO Data    RW Data    ZI Data      Debug   Library Member Name

         8          0          0          0          0         68   __main.o
       392          4         17          0          0         92   __printf_flags_ss_wp.o
        14          0          0          0          0         68   __printf_wp.o
         0          0          0          0          0          0   __rtentry.o
        12          0          0          0          0          0   __rtentry2.o
         6          0          0          0          0          0   __rtentry4.o
        52          8          0          0          0          0   __scatter.o
        26          0          0          0          0          0   __scatter_copy.o
        28          0          0          0          0          0   __scatter_zi.o
        28          0          0          0          0         68   _chval.o
        44          0          0          0          0        108   _printf_char.o
        48          6          0          0          0         96   _printf_char_common.o
         6          0          0          0          0          0   _printf_d.o
       120         16          0          0          0         92   _printf_dec.o
        88          4         40          0          0         88   _printf_hex_int.o
       178          0          0          0          0         88   _printf_intcommon.o
        78          0          0          0          0        108   _printf_pad.o
         0          0          0          0          0          0   _printf_percent.o
         4          0          0          0          0          0   _printf_percent_end.o
         6          0          0          0          0          0   _printf_s.o
        82          0          0          0          0         80   _printf_str.o
         6          0          0          0          0          0   _printf_u.o
         6          0          0          0          0          0   _printf_x.o
        10          0          0          0          0         68   _sputc.o
       158          0          0          0          0         92   _strtoul.o
        26          0          0          0          0         80   atoi.o
        18          0          0          0          0         80   exit.o
         6          0          0          0          0        152   heapauxi.o
         0          0          0          0          0          0   indicate_semi.o
        44         10        272          0          0         76   lc_ctype_c.o
         2          0          0          0          0          0   libinit.o
        24          0          0          0          0          0   libinit2.o
         2          0          0          0          0          0   libshutdown.o
         2          0          0          0          0          0   libshutdown2.o
         8          4          0          0         96         68   libspace.o
        40          6          0          0          0         84   noretval__2sprintf.o
        16          4          0          0          0         76   rt_ctype_table.o
         8          4          0          0          0         68   rt_errno_addr_intlibspace.o
         8          4          0          0          0         68   rt_locale_intlibspace.o
         2          0          0          0          0          0   rtexit.o
        10          0          0          0          0          0   rtexit2.o
        20          0          0          0          0         68   strchr.o
       128          0          0          0          0         68   strcmpv7m.o
        62          0          0          0          0         76   strlen.o
       112          0          0          0          0         88   strtol.o
       114          0          0          0          0         92   strtoul.o
        12          4          0          0          0         68   sys_exit.o
        74          0          0          0          0         80   sys_stackheap_outer.o
         2          0          0          0          0         68   use_no_semi.o
        38          0          0          0          0        572   cpu.o
       572          8        552          0          0       9794   gpio.o
       150         12          0          0          0       4943   i2c.o
       114          8        268          0          0       2042   interrupt.o
       824         48        596          0          0       4490   sysctl.o
        38          0          0          0          0       1410   systick.o
       156          8          0          0          0       3078   timer.o
       176          0          0          0          0       5097   uart.o
        10          0          0          0          0        116   fpinit.o

    ----------------------------------------------------------------------
      4234        158       1748          0         96      34018   Library Totals
        16          0          3          0          0          0   (incl. Padding)

    ----------------------------------------------------------------------

      Code (inc. data)   RO Data    RW Data    ZI Data      Debug   Library Name

      2140         74        329          0         96       2476   c_w.l
      2068         84       1416          0          0      31426   driverlib.lib
        10          0          0          0          0        116   fz_wm.l

    ----------------------------------------------------------------------
      4234        158       1748          0         96      34018   Library Totals

    ----------------------------------------------------------------------

==============================================================================


      Code (inc. data)   RO Data    RW Data    ZI Data      Debug   

     17014       2336       2414        196       2172     102084   Grand Totals
     17014       2336       2414        196       2172     102084   ELF Image Totals
     17014       2336       2414        196          0          0   ROM Totals

==============================================================================

    Total RO  Size (Code + RO Data)                19428 (  18.97kB)
    Total RW  Size (RW Data + ZI Data)              2368 (   2.31kB)
    Total ROM Size (Code + RO Data + RW Data)      19624 (  19.16kB)

==============================================================================

